Archive member included to satisfy reference by file (symbol)

c:/st/stm32cubeide_1.6.1/stm32cubeide/plugins/com.st.stm32cube.ide.mcu.externaltools.gnu-tools-for-stm32.9-2020-q2-update.win32_2.0.0.202105311346/tools/bin/../lib/gcc/arm-none-eabi/9.3.1/../../../../arm-none-eabi/lib/thumb/v7e-m+fp/hard\libc_nano.a(lib_a-errno.o)
                              ./Core/Src/syscalls.o (__errno)
c:/st/stm32cubeide_1.6.1/stm32cubeide/plugins/com.st.stm32cube.ide.mcu.externaltools.gnu-tools-for-stm32.9-2020-q2-update.win32_2.0.0.202105311346/tools/bin/../lib/gcc/arm-none-eabi/9.3.1/../../../../arm-none-eabi/lib/thumb/v7e-m+fp/hard\libc_nano.a(lib_a-exit.o)
                              c:/st/stm32cubeide_1.6.1/stm32cubeide/plugins/com.st.stm32cube.ide.mcu.externaltools.gnu-tools-for-stm32.9-2020-q2-update.win32_2.0.0.202105311346/tools/bin/../lib/gcc/arm-none-eabi/9.3.1/../../../../arm-none-eabi/lib/thumb/v7e-m+fp/hard/crt0.o (exit)
c:/st/stm32cubeide_1.6.1/stm32cubeide/plugins/com.st.stm32cube.ide.mcu.externaltools.gnu-tools-for-stm32.9-2020-q2-update.win32_2.0.0.202105311346/tools/bin/../lib/gcc/arm-none-eabi/9.3.1/../../../../arm-none-eabi/lib/thumb/v7e-m+fp/hard\libc_nano.a(lib_a-impure.o)
                              c:/st/stm32cubeide_1.6.1/stm32cubeide/plugins/com.st.stm32cube.ide.mcu.externaltools.gnu-tools-for-stm32.9-2020-q2-update.win32_2.0.0.202105311346/tools/bin/../lib/gcc/arm-none-eabi/9.3.1/../../../../arm-none-eabi/lib/thumb/v7e-m+fp/hard\libc_nano.a(lib_a-exit.o) (_global_impure_ptr)
c:/st/stm32cubeide_1.6.1/stm32cubeide/plugins/com.st.stm32cube.ide.mcu.externaltools.gnu-tools-for-stm32.9-2020-q2-update.win32_2.0.0.202105311346/tools/bin/../lib/gcc/arm-none-eabi/9.3.1/../../../../arm-none-eabi/lib/thumb/v7e-m+fp/hard\libc_nano.a(lib_a-init.o)
                              c:/st/stm32cubeide_1.6.1/stm32cubeide/plugins/com.st.stm32cube.ide.mcu.externaltools.gnu-tools-for-stm32.9-2020-q2-update.win32_2.0.0.202105311346/tools/bin/../lib/gcc/arm-none-eabi/9.3.1/../../../../arm-none-eabi/lib/thumb/v7e-m+fp/hard/crt0.o (__libc_init_array)
c:/st/stm32cubeide_1.6.1/stm32cubeide/plugins/com.st.stm32cube.ide.mcu.externaltools.gnu-tools-for-stm32.9-2020-q2-update.win32_2.0.0.202105311346/tools/bin/../lib/gcc/arm-none-eabi/9.3.1/../../../../arm-none-eabi/lib/thumb/v7e-m+fp/hard\libc_nano.a(lib_a-itoa.o)
                              ./Mcp41010/src/adc.o (itoa)
c:/st/stm32cubeide_1.6.1/stm32cubeide/plugins/com.st.stm32cube.ide.mcu.externaltools.gnu-tools-for-stm32.9-2020-q2-update.win32_2.0.0.202105311346/tools/bin/../lib/gcc/arm-none-eabi/9.3.1/../../../../arm-none-eabi/lib/thumb/v7e-m+fp/hard\libc_nano.a(lib_a-memset.o)
                              c:/st/stm32cubeide_1.6.1/stm32cubeide/plugins/com.st.stm32cube.ide.mcu.externaltools.gnu-tools-for-stm32.9-2020-q2-update.win32_2.0.0.202105311346/tools/bin/../lib/gcc/arm-none-eabi/9.3.1/../../../../arm-none-eabi/lib/thumb/v7e-m+fp/hard/crt0.o (memset)
c:/st/stm32cubeide_1.6.1/stm32cubeide/plugins/com.st.stm32cube.ide.mcu.externaltools.gnu-tools-for-stm32.9-2020-q2-update.win32_2.0.0.202105311346/tools/bin/../lib/gcc/arm-none-eabi/9.3.1/../../../../arm-none-eabi/lib/thumb/v7e-m+fp/hard\libc_nano.a(lib_a-strlen.o)
                              ./Mcp41010/src/mcp41010.o (strlen)
c:/st/stm32cubeide_1.6.1/stm32cubeide/plugins/com.st.stm32cube.ide.mcu.externaltools.gnu-tools-for-stm32.9-2020-q2-update.win32_2.0.0.202105311346/tools/bin/../lib/gcc/arm-none-eabi/9.3.1/../../../../arm-none-eabi/lib/thumb/v7e-m+fp/hard\libc_nano.a(lib_a-utoa.o)
                              c:/st/stm32cubeide_1.6.1/stm32cubeide/plugins/com.st.stm32cube.ide.mcu.externaltools.gnu-tools-for-stm32.9-2020-q2-update.win32_2.0.0.202105311346/tools/bin/../lib/gcc/arm-none-eabi/9.3.1/../../../../arm-none-eabi/lib/thumb/v7e-m+fp/hard\libc_nano.a(lib_a-itoa.o) (__utoa)
c:/st/stm32cubeide_1.6.1/stm32cubeide/plugins/com.st.stm32cube.ide.mcu.externaltools.gnu-tools-for-stm32.9-2020-q2-update.win32_2.0.0.202105311346/tools/bin/../lib/gcc/arm-none-eabi/9.3.1/../../../../arm-none-eabi/lib/thumb/v7e-m+fp/hard\libm.a(lib_a-s_sin.o)
                              ./Mcp41010/src/mcphandledata.o (sin)
c:/st/stm32cubeide_1.6.1/stm32cubeide/plugins/com.st.stm32cube.ide.mcu.externaltools.gnu-tools-for-stm32.9-2020-q2-update.win32_2.0.0.202105311346/tools/bin/../lib/gcc/arm-none-eabi/9.3.1/../../../../arm-none-eabi/lib/thumb/v7e-m+fp/hard\libm.a(lib_a-w_pow.o)
                              ./Mcp41010/src/adc.o (pow)
c:/st/stm32cubeide_1.6.1/stm32cubeide/plugins/com.st.stm32cube.ide.mcu.externaltools.gnu-tools-for-stm32.9-2020-q2-update.win32_2.0.0.202105311346/tools/bin/../lib/gcc/arm-none-eabi/9.3.1/../../../../arm-none-eabi/lib/thumb/v7e-m+fp/hard\libm.a(lib_a-w_sqrt.o)
                              ./Mcp41010/src/adc.o (sqrt)
[...]
Memory Configuration

Name             Origin             Length             Attributes
RAM              0x0000000020000000 0x0000000000020000 xrw
FLASH            0x0000000008000000 0x0000000000080000 xr
*default*        0x0000000000000000 0xffffffffffffffff

Linker script and memory map

LOAD c:/st/stm32cubeide_1.6.1/stm32cubeide/plugins/com.st.stm32cube.ide.mcu.externaltools.gnu-tools-for-stm32.9-2020-q2-update.win32_2.0.0.202105311346/tools/bin/../lib/gcc/arm-none-eabi/9.3.1/thumb/v7e-m+fp/hard/crti.o
LOAD c:/st/stm32cubeide_1.6.1/stm32cubeide/plugins/com.st.stm32cube.ide.mcu.externaltools.gnu-tools-for-stm32.9-2020-q2-update.win32_2.0.0.202105311346/tools/bin/../lib/gcc/arm-none-eabi/9.3.1/thumb/v7e-m+fp/hard/crtbegin.o
LOAD c:/st/stm32cubeide_1.6.1/stm32cubeide/plugins/com.st.stm32cube.ide.mcu.externaltools.gnu-tools-for-stm32.9-2020-q2-update.win32_2.0.0.202105311346/tools/bin/../lib/gcc/arm-none-eabi/9.3.1/../../../../arm-none-eabi/lib/thumb/v7e-m+fp/hard/crt0.o
LOAD ./Core/Src/main.o
LOAD ./Core/Src/stm32f4xx_hal_msp.o
LOAD ./Core/Src/stm32f4xx_it.o
LOAD ./Core/Src/syscalls.o
LOAD ./Core/Src/sysmem.o
LOAD ./Core/Src/system_stm32f4xx.o
LOAD ./Core/Startup/startup_stm32f446retx.o
LOAD ./Drivers/STM32F4xx_HAL_Driver/Src/stm32f4xx_hal.o
LOAD ./Drivers/STM32F4xx_HAL_Driver/Src/stm32f4xx_hal_adc.o
LOAD ./Drivers/STM32F4xx_HAL_Driver/Src/stm32f4xx_hal_adc_ex.o
LOAD ./Drivers/STM32F4xx_HAL_Driver/Src/stm32f4xx_hal_cortex.o
LOAD ./Drivers/STM32F4xx_HAL_Driver/Src/stm32f4xx_hal_dma.o
LOAD ./Drivers/STM32F4xx_HAL_Driver/Src/stm32f4xx_hal_dma_ex.o
LOAD ./Drivers/STM32F4xx_HAL_Driver/Src/stm32f4xx_hal_exti.o
LOAD ./Drivers/STM32F4xx_HAL_Driver/Src/stm32f4xx_hal_flash.o
LOAD ./Drivers/STM32F4xx_HAL_Driver/Src/stm32f4xx_hal_flash_ex.o
LOAD ./Drivers/STM32F4xx_HAL_Driver/Src/stm32f4xx_hal_flash_ramfunc.o
LOAD ./Drivers/STM32F4xx_HAL_Driver/Src/stm32f4xx_hal_gpio.o
LOAD ./Drivers/STM32F4xx_HAL_Driver/Src/stm32f4xx_hal_pwr.o
LOAD ./Drivers/STM32F4xx_HAL_Driver/Src/stm32f4xx_hal_pwr_ex.o
LOAD ./Drivers/STM32F4xx_HAL_Driver/Src/stm32f4xx_hal_rcc.o
LOAD ./Drivers/STM32F4xx_HAL_Driver/Src/stm32f4xx_hal_rcc_ex.o
LOAD ./Drivers/STM32F4xx_HAL_Driver/Src/stm32f4xx_hal_spi.o
LOAD ./Drivers/STM32F4xx_HAL_Driver/Src/stm32f4xx_hal_tim.o
LOAD ./Drivers/STM32F4xx_HAL_Driver/Src/stm32f4xx_hal_tim_ex.o
LOAD ./Drivers/STM32F4xx_HAL_Driver/Src/stm32f4xx_hal_uart.o
LOAD ./Drivers/STM32F4xx_HAL_Driver/Src/stm32f4xx_ll_adc.o
LOAD ./Mcp41010/src/adc.o
LOAD ./Mcp41010/src/mcp41010.o
LOAD ./Mcp41010/src/mcp_event_timer.o
LOAD ./Mcp41010/src/mcp_function.o
LOAD ./Mcp41010/src/mcphandledata.o
LOAD ./Mcp41010/src/uart_mcp.o
START GROUP
LOAD c:/st/stm32cubeide_1.6.1/stm32cubeide/plugins/com.st.stm32cube.ide.mcu.externaltools.gnu-tools-for-stm32.9-2020-q2-update.win32_2.0.0.202105311346/tools/bin/../lib/gcc/arm-none-eabi/9.3.1/../../../../arm-none-eabi/lib/thumb/v7e-m+fp/hard\libc_nano.a
LOAD c:/st/stm32cubeide_1.6.1/stm32cubeide/plugins/com.st.stm32cube.ide.mcu.externaltools.gnu-tools-for-stm32.9-2020-q2-update.win32_2.0.0.202105311346/tools/bin/../lib/gcc/arm-none-eabi/9.3.1/../../../../arm-none-eabi/lib/thumb/v7e-m+fp/hard\libm.a
END GROUP
START GROUP
LOAD c:/st/stm32cubeide_1.6.1/stm32cubeide/plugins/com.st.stm32cube.ide.mcu.externaltools.gnu-tools-for-stm32.9-2020-q2-update.win32_2.0.0.202105311346/tools/bin/../lib/gcc/arm-none-eabi/9.3.1/thumb/v7e-m+fp/hard\libgcc.a
LOAD c:/st/stm32cubeide_1.6.1/stm32cubeide/plugins/com.st.stm32cube.ide.mcu.externaltools.gnu-tools-for-stm32.9-2020-q2-update.win32_2.0.0.202105311346/tools/bin/../lib/gcc/arm-none-eabi/9.3.1/../../../../arm-none-eabi/lib/thumb/v7e-m+fp/hard\libc_nano.a
END GROUP
START GROUP
LOAD c:/st/stm32cubeide_1.6.1/stm32cubeide/plugins/com.st.stm32cube.ide.mcu.externaltools.gnu-tools-for-stm32.9-2020-q2-update.win32_2.0.0.202105311346/tools/bin/../lib/gcc/arm-none-eabi/9.3.1/thumb/v7e-m+fp/hard\libgcc.a
LOAD c:/st/stm32cubeide_1.6.1/stm32cubeide/plugins/com.st.stm32cube.ide.mcu.externaltools.gnu-tools-for-stm32.9-2020-q2-update.win32_2.0.0.202105311346/tools/bin/../lib/gcc/arm-none-eabi/9.3.1/../../../../arm-none-eabi/lib/thumb/v7e-m+fp/hard\libc_nano.a
LOAD c:/st/stm32cubeide_1.6.1/stm32cubeide/plugins/com.st.stm32cube.ide.mcu.externaltools.gnu-tools-for-stm32.9-2020-q2-update.win32_2.0.0.202105311346/tools/bin/../lib/gcc/arm-none-eabi/9.3.1/../../../../arm-none-eabi/lib/thumb/v7e-m+fp/hard\libnosys.a
END GROUP
START GROUP
LOAD c:/st/stm32cubeide_1.6.1/stm32cubeide/plugins/com.st.stm32cube.ide.mcu.externaltools.gnu-tools-for-stm32.9-2020-q2-update.win32_2.0.0.202105311346/tools/bin/../lib/gcc/arm-none-eabi/9.3.1/thumb/v7e-m+fp/hard\libgcc.a
LOAD c:/st/stm32cubeide_1.6.1/stm32cubeide/plugins/com.st.stm32cube.ide.mcu.externaltools.gnu-tools-for-stm32.9-2020-q2-update.win32_2.0.0.202105311346/tools/bin/../lib/gcc/arm-none-eabi/9.3.1/../../../../arm-none-eabi/lib/thumb/v7e-m+fp/hard\libc_nano.a
LOAD c:/st/stm32cubeide_1.6.1/stm32cubeide/plugins/com.st.stm32cube.ide.mcu.externaltools.gnu-tools-for-stm32.9-2020-q2-update.win32_2.0.0.202105311346/tools/bin/../lib/gcc/arm-none-eabi/9.3.1/../../../../arm-none-eabi/lib/thumb/v7e-m+fp/hard\libnosys.a
END GROUP
LOAD c:/st/stm32cubeide_1.6.1/stm32cubeide/plugins/com.st.stm32cube.ide.mcu.externaltools.gnu-tools-for-stm32.9-2020-q2-update.win32_2.0.0.202105311346/tools/bin/../lib/gcc/arm-none-eabi/9.3.1/thumb/v7e-m+fp/hard/crtend.o
LOAD c:/st/stm32cubeide_1.6.1/stm32cubeide/plugins/com.st.stm32cube.ide.mcu.externaltools.gnu-tools-for-stm32.9-2020-q2-update.win32_2.0.0.202105311346/tools/bin/../lib/gcc/arm-none-eabi/9.3.1/thumb/v7e-m+fp/hard/crtn.o
                0x0000000020020000                _estack = (ORIGIN (RAM) + LENGTH (RAM))
                0x0000000000000200                _Min_Heap_Size = 0x200
                0x0000000000000400                _Min_Stack_Size = 0x400

.isr_vector     0x0000000008000000      0x1c4
                0x0000000008000000                . = ALIGN (0x4)
 *(.isr_vector)
 .isr_vector    0x0000000008000000      0x1c4 ./Core/Startup/startup_stm32f446retx.o
                0x0000000008000000                g_pfnVectors
                0x00000000080001c4                . = ALIGN (0x4)

.text           0x00000000080001c8     0x70ec
                0x00000000080001c8                . = ALIGN (0x4)
 *(.text)
 .text          0x00000000080001c8       0x40 c:/st/stm32cubeide_1.6.1/stm32cubeide/plugins/com.st.stm32cube.ide.mcu.externaltools.gnu-tools-for-stm32.9-2020-q2-update.win32_2.0.0.202105311346/tools/bin/../lib/gcc/arm-none-eabi/9.3.1/thumb/v7e-m+fp/hard/crtbegin.o
 .text          0x0000000008000208       0x10 c:/st/stm32cubeide_1.6.1/stm32cubeide/plugins/com.st.stm32cube.ide.mcu.externaltools.gnu-tools-for-stm32.9-2020-q2-update.win32_2.0.0.202105311346/tools/bin/../lib/gcc/arm-none-eabi/9.3.1/../../../../arm-none-eabi/lib/thumb/v7e-m+fp/hard\libc_nano.a(lib_a-strlen.o)
                0x0000000008000208                strlen
 .text          0x0000000008000218      0x378 c:/st/stm32cubeide_1.6.1/stm32cubeide/plugins/com.st.stm32cube.ide.mcu.externaltools.gnu-tools-for-stm32.9-2020-q2-update.win32_2.0.0.202105311346/tools/bin/../lib/gcc/arm-none-eabi/9.3.1/thumb/v7e-m+fp/hard\libgcc.a(_arm_addsubdf3.o)
                0x0000000008000218                __aeabi_drsub
                0x0000000008000220                __aeabi_dsub
                0x0000000008000220                __subdf3
                0x0000000008000224                __aeabi_dadd
                0x0000000008000224                __adddf3
                0x000000000800049c                __floatunsidf
                0x000000000800049c                __aeabi_ui2d
                0x00000000080004bc                __floatsidf
                0x00000000080004bc                __aeabi_i2d
                0x00000000080004e0                __aeabi_f2d
                0x00000000080004e0                __extendsfdf2
                0x0000000008000524                __floatundidf
                0x0000000008000524                __aeabi_ul2d
                0x0000000008000534                __floatdidf
                0x0000000008000534                __aeabi_l2d
 .text          0x0000000008000590      0x424 c:/st/stm32cubeide_1.6.1/stm32cubeide/plugins/com.st.stm32cube.ide.mcu.externaltools.gnu-tools-for-stm32.9-2020-q2-update.win32_2.0.0.202105311346/tools/bin/../lib/gcc/arm-none-eabi/9.3.1/thumb/v7e-m+fp/hard\libgcc.a(_arm_muldivdf3.o)
                0x0000000008000590                __aeabi_dmul
                0x0000000008000590                __muldf3
                0x00000000080007e4                __divdf3
                0x00000000080007e4                __aeabi_ddiv
 .text          0x00000000080009b4      0x110 c:/st/stm32cubeide_1.6.1/stm32cubeide/plugins/com.st.stm32cube.ide.mcu.externaltools.gnu-tools-for-stm32.9-2020-q2-update.win32_2.0.0.202105311346/tools/bin/../lib/gcc/arm-none-eabi/9.3.1/thumb/v7e-m+fp/hard\libgcc.a(_arm_cmpdf2.o)
                0x00000000080009b4                __gtdf2
                0x00000000080009b4                __gedf2
                0x00000000080009bc                __ltdf2
                0x00000000080009bc                __ledf2
                0x00000000080009c4                __nedf2
                0x00000000080009c4                __eqdf2
                0x00000000080009c4                __cmpdf2
                0x0000000008000a40                __aeabi_cdrcmple
                0x0000000008000a50                __aeabi_cdcmpeq
                0x0000000008000a50                __aeabi_cdcmple
                0x0000000008000a60                __aeabi_dcmpeq
                0x0000000008000a74                __aeabi_dcmplt
                0x0000000008000a88                __aeabi_dcmple
                0x0000000008000a9c                __aeabi_dcmpge
                0x0000000008000ab0                __aeabi_dcmpgt
 .text          0x0000000008000ac4       0x2c c:/st/stm32cubeide_1.6.1/stm32cubeide/plugins/com.st.stm32cube.ide.mcu.externaltools.gnu-tools-for-stm32.9-2020-q2-update.win32_2.0.0.202105311346/tools/bin/../lib/gcc/arm-none-eabi/9.3.1/thumb/v7e-m+fp/hard\libgcc.a(_arm_unorddf2.o)
                0x0000000008000ac4                __unorddf2
                0x0000000008000ac4                __aeabi_dcmpun
 .text          0x0000000008000af0       0x50 c:/st/stm32cubeide_1.6.1/stm32cubeide/plugins/com.st.stm32cube.ide.mcu.externaltools.gnu-tools-for-stm32.9-2020-q2-update.win32_2.0.0.202105311346/tools/bin/../lib/gcc/arm-none-eabi/9.3.1/thumb/v7e-m+fp/hard\libgcc.a(_arm_fixdfsi.o)
                0x0000000008000af0                __aeabi_d2iz
                0x0000000008000af0                __fixdfsi
 .text          0x0000000008000b40       0x40 c:/st/stm32cubeide_1.6.1/stm32cubeide/plugins/com.st.stm32cube.ide.mcu.externaltools.gnu-tools-for-stm32.9-2020-q2-update.win32_2.0.0.202105311346/tools/bin/../lib/gcc/arm-none-eabi/9.3.1/thumb/v7e-m+fp/hard\libgcc.a(_arm_fixunsdfsi.o)
                0x0000000008000b40                __aeabi_d2uiz
                0x0000000008000b40                __fixunsdfsi
 .text          0x0000000008000b80       0xa0 c:/st/stm32cubeide_1.6.1/stm32cubeide/plugins/com.st.stm32cube.ide.mcu.externaltools.gnu-tools-for-stm32.9-2020-q2-update.win32_2.0.0.202105311346/tools/bin/../lib/gcc/arm-none-eabi/9.3.1/thumb/v7e-m+fp/hard\libgcc.a(_arm_truncdfsf2.o)
                0x0000000008000b80                __truncdfsf2
                0x0000000008000b80                __aeabi_d2f
 .text          0x0000000008000c20       0x30 c:/st/stm32cubeide_1.6.1/stm32cubeide/plugins/com.st.stm32cube.ide.mcu.externaltools.gnu-tools-for-stm32.9-2020-q2-update.win32_2.0.0.202105311346/tools/bin/../lib/gcc/arm-none-eabi/9.3.1/thumb/v7e-m+fp/hard\libgcc.a(_aeabi_uldivmod.o)
                0x0000000008000c20                __aeabi_uldivmod
 .text          0x0000000008000c50      0x2c4 c:/st/stm32cubeide_1.6.1/stm32cubeide/plugins/com.st.stm32cube.ide.mcu.externaltools.gnu-tools-for-stm32.9-2020-q2-update.win32_2.0.0.202105311346/tools/bin/../lib/gcc/arm-none-eabi/9.3.1/thumb/v7e-m+fp/hard\libgcc.a(_udivmoddi4.o)
                0x0000000008000c50                __udivmoddi4
 .text          0x0000000008000f14        0x4 c:/st/stm32cubeide_1.6.1/stm32cubeide/plugins/com.st.stm32cube.ide.mcu.externaltools.gnu-tools-for-stm32.9-2020-q2-update.win32_2.0.0.202105311346/tools/bin/../lib/gcc/arm-none-eabi/9.3.1/thumb/v7e-m+fp/hard\libgcc.a(_dvmd_tls.o)
                0x0000000008000f14                __aeabi_idiv0
                0x0000000008000f14                __aeabi_ldiv0
 *(.text*)
 .text.main     0x0000000008000f18       0x36 ./Core/Src/main.o
                0x0000000008000f18                main
 *fill*         0x0000000008000f4e        0x2 
 .text.SystemClock_Config
                0x0000000008000f50       0xd8 ./Core/Src/main.o
                0x0000000008000f50                SystemClock_Config
 .text.MX_ADC2_Init
                0x0000000008001028       0xa4 ./Core/Src/main.o
 .text.MX_SPI2_Init
                0x00000000080010cc       0x70 ./Core/Src/main.o
 .text.MX_TIM6_Init
                0x000000000800113c       0x6c ./Core/Src/main.o
 .text.MX_TIM7_Init
                0x00000000080011a8       0x6c ./Core/Src/main.o
 .text.MX_USART2_UART_Init
                0x0000000008001214       0x54 ./Core/Src/main.o
 .text.MX_DMA_Init
                0x0000000008001268       0x40 ./Core/Src/main.o
 .text.MX_GPIO_Init
                0x00000000080012a8      0x124 ./Core/Src/main.o
 .text.Error_Handler
                0x00000000080013cc        0xa ./Core/Src/main.o
                0x00000000080013cc                Error_Handler
 *fill*         0x00000000080013d6        0x2 
 .text.HAL_MspInit
                0x00000000080013d8       0x50 ./Core/Src/stm32f4xx_hal_msp.o
                0x00000000080013d8                HAL_MspInit
 .text.HAL_ADC_MspInit
                0x0000000008001428       0xf0 ./Core/Src/stm32f4xx_hal_msp.o
                0x0000000008001428                HAL_ADC_MspInit
 .text.HAL_SPI_MspInit
                0x0000000008001518       0xd0 ./Core/Src/stm32f4xx_hal_msp.o
                0x0000000008001518                HAL_SPI_MspInit
 .text.HAL_TIM_Base_MspInit
                0x00000000080015e8       0x8c ./Core/Src/stm32f4xx_hal_msp.o
                0x00000000080015e8                HAL_TIM_Base_MspInit
 .text.HAL_UART_MspInit
                0x0000000008001674       0xa0 ./Core/Src/stm32f4xx_hal_msp.o
                0x0000000008001674                HAL_UART_MspInit
 .text.NMI_Handler
                0x0000000008001714        0x6 ./Core/Src/stm32f4xx_it.o
                0x0000000008001714                NMI_Handler
 .text.HardFault_Handler
                0x000000000800171a        0x6 ./Core/Src/stm32f4xx_it.o
                0x000000000800171a                HardFault_Handler
 .text.MemManage_Handler
                0x0000000008001720        0x6 ./Core/Src/stm32f4xx_it.o
                0x0000000008001720                MemManage_Handler
 .text.BusFault_Handler
                0x0000000008001726        0x6 ./Core/Src/stm32f4xx_it.o
                0x0000000008001726                BusFault_Handler
 .text.UsageFault_Handler
                0x000000000800172c        0x6 ./Core/Src/stm32f4xx_it.o
                0x000000000800172c                UsageFault_Handler
 .text.SVC_Handler
                0x0000000008001732        0xe ./Core/Src/stm32f4xx_it.o
                0x0000000008001732                SVC_Handler
 .text.DebugMon_Handler
                0x0000000008001740        0xe ./Core/Src/stm32f4xx_it.o
                0x0000000008001740                DebugMon_Handler
 .text.PendSV_Handler
                0x000000000800174e        0xe ./Core/Src/stm32f4xx_it.o
                0x000000000800174e                PendSV_Handler
 .text.SysTick_Handler
                0x000000000800175c       0x10 ./Core/Src/stm32f4xx_it.o
                0x000000000800175c                SysTick_Handler
 .text.USART2_IRQHandler
                0x000000000800176c       0x14 ./Core/Src/stm32f4xx_it.o
                0x000000000800176c                USART2_IRQHandler
 .text.TIM6_DAC_IRQHandler
                0x0000000008001780       0x14 ./Core/Src/stm32f4xx_it.o
                0x0000000008001780                TIM6_DAC_IRQHandler
 .text.TIM7_IRQHandler
                0x0000000008001794       0x14 ./Core/Src/stm32f4xx_it.o
                0x0000000008001794                TIM7_IRQHandler
 .text.DMA2_Stream2_IRQHandler
                0x00000000080017a8       0x14 ./Core/Src/stm32f4xx_it.o
                0x00000000080017a8                DMA2_Stream2_IRQHandler
 .text.SystemInit
                0x00000000080017bc       0x24 ./Core/Src/system_stm32f4xx.o
                0x00000000080017bc                SystemInit
 .text.Reset_Handler
                0x00000000080017e0       0x50 ./Core/Startup/startup_stm32f446retx.o
                0x00000000080017e0                Reset_Handler
 .text.Default_Handler
                0x0000000008001830        0x2 ./Core/Startup/startup_stm32f446retx.o
                0x0000000008001830                RTC_Alarm_IRQHandler
                0x0000000008001830                EXTI2_IRQHandler
                0x0000000008001830                TIM8_CC_IRQHandler
                0x0000000008001830                FMPI2C1_EV_IRQHandler
                0x0000000008001830                SPI4_IRQHandler
                0x0000000008001830                TIM1_CC_IRQHandler
                0x0000000008001830                DMA2_Stream5_IRQHandler
                0x0000000008001830                DMA1_Stream5_IRQHandler
                0x0000000008001830                PVD_IRQHandler
                0x0000000008001830                SDIO_IRQHandler
                0x0000000008001830                TAMP_STAMP_IRQHandler
                0x0000000008001830                CAN2_RX1_IRQHandler
                0x0000000008001830                EXTI3_IRQHandler
                0x0000000008001830                TIM8_TRG_COM_TIM14_IRQHandler
                0x0000000008001830                TIM1_UP_TIM10_IRQHandler
                0x0000000008001830                TIM8_UP_TIM13_IRQHandler
                0x0000000008001830                I2C3_ER_IRQHandler
                0x0000000008001830                EXTI0_IRQHandler
                0x0000000008001830                I2C2_EV_IRQHandler
                0x0000000008001830                DMA1_Stream2_IRQHandler
                0x0000000008001830                CAN1_RX0_IRQHandler
                0x0000000008001830                FPU_IRQHandler
                0x0000000008001830                OTG_HS_WKUP_IRQHandler
                0x0000000008001830                CAN2_SCE_IRQHandler
                0x0000000008001830                SPI1_IRQHandler
                0x0000000008001830                TIM1_BRK_TIM9_IRQHandler
                0x0000000008001830                DCMI_IRQHandler
                0x0000000008001830                CAN2_RX0_IRQHandler
                0x0000000008001830                DMA2_Stream3_IRQHandler
                0x0000000008001830                SAI2_IRQHandler
                0x0000000008001830                USART6_IRQHandler
                0x0000000008001830                USART3_IRQHandler
                0x0000000008001830                CAN1_RX1_IRQHandler
                0x0000000008001830                UART5_IRQHandler
                0x0000000008001830                DMA2_Stream0_IRQHandler
                0x0000000008001830                TIM4_IRQHandler
                0x0000000008001830                QUADSPI_IRQHandler
                0x0000000008001830                I2C1_EV_IRQHandler
                0x0000000008001830                DMA1_Stream6_IRQHandler
                0x0000000008001830                DMA1_Stream1_IRQHandler
                0x0000000008001830                UART4_IRQHandler
                0x0000000008001830                TIM3_IRQHandler
                0x0000000008001830                RCC_IRQHandler
                0x0000000008001830                TIM8_BRK_TIM12_IRQHandler
                0x0000000008001830                Default_Handler
                0x0000000008001830                CEC_IRQHandler
                0x0000000008001830                EXTI15_10_IRQHandler
                0x0000000008001830                ADC_IRQHandler
                0x0000000008001830                DMA1_Stream7_IRQHandler
                0x0000000008001830                CAN2_TX_IRQHandler
                0x0000000008001830                TIM5_IRQHandler
                0x0000000008001830                DMA2_Stream7_IRQHandler
                0x0000000008001830                I2C3_EV_IRQHandler
                0x0000000008001830                EXTI9_5_IRQHandler
                0x0000000008001830                RTC_WKUP_IRQHandler
                0x0000000008001830                SPDIF_RX_IRQHandler
                0x0000000008001830                SPI2_IRQHandler
                0x0000000008001830                OTG_HS_EP1_IN_IRQHandler
                0x0000000008001830                DMA1_Stream0_IRQHandler
                0x0000000008001830                CAN1_TX_IRQHandler
                0x0000000008001830                FMPI2C1_ER_IRQHandler
                0x0000000008001830                EXTI4_IRQHandler
                0x0000000008001830                OTG_HS_EP1_OUT_IRQHandler
                0x0000000008001830                WWDG_IRQHandler
                0x0000000008001830                TIM2_IRQHandler
                0x0000000008001830                OTG_FS_WKUP_IRQHandler
                0x0000000008001830                TIM1_TRG_COM_TIM11_IRQHandler
                0x0000000008001830                OTG_HS_IRQHandler
                0x0000000008001830                EXTI1_IRQHandler
                0x0000000008001830                I2C2_ER_IRQHandler
                0x0000000008001830                DMA2_Stream1_IRQHandler
                0x0000000008001830                CAN1_SCE_IRQHandler
                0x0000000008001830                FLASH_IRQHandler
                0x0000000008001830                DMA2_Stream4_IRQHandler
                0x0000000008001830                USART1_IRQHandler
                0x0000000008001830                OTG_FS_IRQHandler
                0x0000000008001830                SPI3_IRQHandler
                0x0000000008001830                DMA1_Stream4_IRQHandler
                0x0000000008001830                I2C1_ER_IRQHandler
                0x0000000008001830                FMC_IRQHandler
                0x0000000008001830                DMA2_Stream6_IRQHandler
                0x0000000008001830                SAI1_IRQHandler
                0x0000000008001830                DMA1_Stream3_IRQHandler
 *fill*         0x0000000008001832        0x2 
 .text.HAL_Init
                0x0000000008001834       0x44 ./Drivers/STM32F4xx_HAL_Driver/Src/stm32f4xx_hal.o
                0x0000000008001834                HAL_Init
 .text.HAL_InitTick
                0x0000000008001878       0x60 ./Drivers/STM32F4xx_HAL_Driver/Src/stm32f4xx_hal.o
                0x0000000008001878                HAL_InitTick
 .text.HAL_IncTick
                0x00000000080018d8       0x28 ./Drivers/STM32F4xx_HAL_Driver/Src/stm32f4xx_hal.o
                0x00000000080018d8                HAL_IncTick
 .text.HAL_GetTick
                0x0000000008001900       0x18 ./Drivers/STM32F4xx_HAL_Driver/Src/stm32f4xx_hal.o
                0x0000000008001900                HAL_GetTick
 .text.HAL_ADC_Init
                0x0000000008001918       0x86 ./Drivers/STM32F4xx_HAL_Driver/Src/stm32f4xx_hal_adc.o
                0x0000000008001918                HAL_ADC_Init
 .text.HAL_ADC_Stop_DMA
                0x000000000800199e       0xb4 ./Drivers/STM32F4xx_HAL_Driver/Src/stm32f4xx_hal_adc.o
                0x000000000800199e                HAL_ADC_Stop_DMA
 *fill*         0x0000000008001a52        0x2 
 .text.HAL_ADC_ConfigChannel
                0x0000000008001a54      0x264 ./Drivers/STM32F4xx_HAL_Driver/Src/stm32f4xx_hal_adc.o
                0x0000000008001a54                HAL_ADC_ConfigChannel
 .text.ADC_Init
                0x0000000008001cb8      0x1f8 ./Drivers/STM32F4xx_HAL_Driver/Src/stm32f4xx_hal_adc.o
 .text.__NVIC_SetPriorityGrouping
                0x0000000008001eb0       0x48 ./Drivers/STM32F4xx_HAL_Driver/Src/stm32f4xx_hal_cortex.o
 .text.__NVIC_GetPriorityGrouping
                0x0000000008001ef8       0x1c ./Drivers/STM32F4xx_HAL_Driver/Src/stm32f4xx_hal_cortex.o
 .text.__NVIC_EnableIRQ
                0x0000000008001f14       0x3c ./Drivers/STM32F4xx_HAL_Driver/Src/stm32f4xx_hal_cortex.o
 .text.__NVIC_DisableIRQ
                0x0000000008001f50       0x48 ./Drivers/STM32F4xx_HAL_Driver/Src/stm32f4xx_hal_cortex.o
 .text.__NVIC_SetPriority
                0x0000000008001f98       0x54 ./Drivers/STM32F4xx_HAL_Driver/Src/stm32f4xx_hal_cortex.o
 .text.NVIC_EncodePriority
                0x0000000008001fec       0x66 ./Drivers/STM32F4xx_HAL_Driver/Src/stm32f4xx_hal_cortex.o
 *fill*         0x0000000008002052        0x2 
 .text.SysTick_Config
                0x0000000008002054       0x44 ./Drivers/STM32F4xx_HAL_Driver/Src/stm32f4xx_hal_cortex.o
 .text.HAL_NVIC_SetPriorityGrouping
                0x0000000008002098       0x16 ./Drivers/STM32F4xx_HAL_Driver/Src/stm32f4xx_hal_cortex.o
                0x0000000008002098                HAL_NVIC_SetPriorityGrouping
 .text.HAL_NVIC_SetPriority
                0x00000000080020ae       0x38 ./Drivers/STM32F4xx_HAL_Driver/Src/stm32f4xx_hal_cortex.o
                0x00000000080020ae                HAL_NVIC_SetPriority
 .text.HAL_NVIC_EnableIRQ
                0x00000000080020e6       0x1c ./Drivers/STM32F4xx_HAL_Driver/Src/stm32f4xx_hal_cortex.o
                0x00000000080020e6                HAL_NVIC_EnableIRQ
 .text.HAL_NVIC_DisableIRQ
                0x0000000008002102       0x1c ./Drivers/STM32F4xx_HAL_Driver/Src/stm32f4xx_hal_cortex.o
                0x0000000008002102                HAL_NVIC_DisableIRQ
 .text.HAL_SYSTICK_Config
                0x000000000800211e       0x18 ./Drivers/STM32F4xx_HAL_Driver/Src/stm32f4xx_hal_cortex.o
                0x000000000800211e                HAL_SYSTICK_Config
 *fill*         0x0000000008002136        0x2 
 .text.HAL_DMA_Init
                0x0000000008002138      0x15c ./Drivers/STM32F4xx_HAL_Driver/Src/stm32f4xx_hal_dma.o
                0x0000000008002138                HAL_DMA_Init
 .text.HAL_DMA_Abort
                0x0000000008002294       0xe0 ./Drivers/STM32F4xx_HAL_Driver/Src/stm32f4xx_hal_dma.o
                0x0000000008002294                HAL_DMA_Abort
 .text.HAL_DMA_Abort_IT
                0x0000000008002374       0x44 ./Drivers/STM32F4xx_HAL_Driver/Src/stm32f4xx_hal_dma.o
                0x0000000008002374                HAL_DMA_Abort_IT
 .text.HAL_DMA_IRQHandler
                0x00000000080023b8      0x314 ./Drivers/STM32F4xx_HAL_Driver/Src/stm32f4xx_hal_dma.o
                0x00000000080023b8                HAL_DMA_IRQHandler
 .text.DMA_CalcBaseAndBitshift
                0x00000000080026cc       0x6c ./Drivers/STM32F4xx_HAL_Driver/Src/stm32f4xx_hal_dma.o
 .text.DMA_CheckFifoParam
                0x0000000008002738       0xf8 ./Drivers/STM32F4xx_HAL_Driver/Src/stm32f4xx_hal_dma.o
 .text.HAL_GPIO_Init
                0x0000000008002830      0x328 ./Drivers/STM32F4xx_HAL_Driver/Src/stm32f4xx_hal_gpio.o
                0x0000000008002830                HAL_GPIO_Init
 .text.HAL_GPIO_WritePin
                0x0000000008002b58       0x32 ./Drivers/STM32F4xx_HAL_Driver/Src/stm32f4xx_hal_gpio.o
                0x0000000008002b58                HAL_GPIO_WritePin
 *fill*         0x0000000008002b8a        0x2 
 .text.HAL_RCC_ClockConfig
                0x0000000008002b8c      0x1cc ./Drivers/STM32F4xx_HAL_Driver/Src/stm32f4xx_hal_rcc.o
                0x0000000008002b8c                HAL_RCC_ClockConfig
 .text.HAL_RCC_GetHCLKFreq
                0x0000000008002d58       0x18 ./Drivers/STM32F4xx_HAL_Driver/Src/stm32f4xx_hal_rcc.o
                0x0000000008002d58                HAL_RCC_GetHCLKFreq
 .text.HAL_RCC_GetPCLK1Freq
                0x0000000008002d70       0x28 ./Drivers/STM32F4xx_HAL_Driver/Src/stm32f4xx_hal_rcc.o
                0x0000000008002d70                HAL_RCC_GetPCLK1Freq
 .text.HAL_RCC_GetPCLK2Freq
                0x0000000008002d98       0x28 ./Drivers/STM32F4xx_HAL_Driver/Src/stm32f4xx_hal_rcc.o
                0x0000000008002d98                HAL_RCC_GetPCLK2Freq
 .text.HAL_RCC_GetSysClockFreq
                0x0000000008002dc0      0x364 ./Drivers/STM32F4xx_HAL_Driver/Src/stm32f4xx_hal_rcc_ex.o
                0x0000000008002dc0                HAL_RCC_GetSysClockFreq
 .text.HAL_RCC_OscConfig
                0x0000000008003124      0x53c ./Drivers/STM32F4xx_HAL_Driver/Src/stm32f4xx_hal_rcc_ex.o
                0x0000000008003124                HAL_RCC_OscConfig
 .text.HAL_SPI_Init
                0x0000000008003660      0x112 ./Drivers/STM32F4xx_HAL_Driver/Src/stm32f4xx_hal_spi.o
                0x0000000008003660                HAL_SPI_Init
 .text.HAL_SPI_Transmit
                0x0000000008003772      0x278 ./Drivers/STM32F4xx_HAL_Driver/Src/stm32f4xx_hal_spi.o
                0x0000000008003772                HAL_SPI_Transmit
 *fill*         0x00000000080039ea        0x2 
 .text.SPI_WaitFlagStateUntilTimeout
                0x00000000080039ec      0x110 ./Drivers/STM32F4xx_HAL_Driver/Src/stm32f4xx_hal_spi.o
 .text.SPI_EndRxTxTransaction
                0x0000000008003afc       0x84 ./Drivers/STM32F4xx_HAL_Driver/Src/stm32f4xx_hal_spi.o
 .text.HAL_TIM_Base_Init
                0x0000000008003b80       0x9e ./Drivers/STM32F4xx_HAL_Driver/Src/stm32f4xx_hal_tim.o
                0x0000000008003b80                HAL_TIM_Base_Init
 *fill*         0x0000000008003c1e        0x2 
 .text.HAL_TIM_Base_Start_IT
                0x0000000008003c20       0xe0 ./Drivers/STM32F4xx_HAL_Driver/Src/stm32f4xx_hal_tim.o
                0x0000000008003c20                HAL_TIM_Base_Start_IT
 .text.HAL_TIM_Base_Stop_IT
                0x0000000008003d00       0x5e ./Drivers/STM32F4xx_HAL_Driver/Src/stm32f4xx_hal_tim.o
                0x0000000008003d00                HAL_TIM_Base_Stop_IT
 .text.HAL_TIM_IRQHandler
                0x0000000008003d5e      0x210 ./Drivers/STM32F4xx_HAL_Driver/Src/stm32f4xx_hal_tim.o
                0x0000000008003d5e                HAL_TIM_IRQHandler
 .text.HAL_TIM_OC_DelayElapsedCallback
                0x0000000008003f6e       0x14 ./Drivers/STM32F4xx_HAL_Driver/Src/stm32f4xx_hal_tim.o
                0x0000000008003f6e                HAL_TIM_OC_DelayElapsedCallback
 .text.HAL_TIM_IC_CaptureCallback
                0x0000000008003f82       0x14 ./Drivers/STM32F4xx_HAL_Driver/Src/stm32f4xx_hal_tim.o
                0x0000000008003f82                HAL_TIM_IC_CaptureCallback
 .text.HAL_TIM_PWM_PulseFinishedCallback
                0x0000000008003f96       0x14 ./Drivers/STM32F4xx_HAL_Driver/Src/stm32f4xx_hal_tim.o
                0x0000000008003f96                HAL_TIM_PWM_PulseFinishedCallback
 .text.HAL_TIM_TriggerCallback
                0x0000000008003faa       0x14 ./Drivers/STM32F4xx_HAL_Driver/Src/stm32f4xx_hal_tim.o
                0x0000000008003faa                HAL_TIM_TriggerCallback
 *fill*         0x0000000008003fbe        0x2 
 .text.TIM_Base_SetConfig
                0x0000000008003fc0      0x140 ./Drivers/STM32F4xx_HAL_Driver/Src/stm32f4xx_hal_tim.o
                0x0000000008003fc0                TIM_Base_SetConfig
 .text.HAL_TIMEx_MasterConfigSynchronization
                0x0000000008004100       0xf8 ./Drivers/STM32F4xx_HAL_Driver/Src/stm32f4xx_hal_tim_ex.o
                0x0000000008004100                HAL_TIMEx_MasterConfigSynchronization
 .text.HAL_TIMEx_CommutCallback
                0x00000000080041f8       0x14 ./Drivers/STM32F4xx_HAL_Driver/Src/stm32f4xx_hal_tim_ex.o
                0x00000000080041f8                HAL_TIMEx_CommutCallback
 .text.HAL_TIMEx_BreakCallback
                0x000000000800420c       0x14 ./Drivers/STM32F4xx_HAL_Driver/Src/stm32f4xx_hal_tim_ex.o
                0x000000000800420c                HAL_TIMEx_BreakCallback
 .text.HAL_UART_Init
                0x0000000008004220       0x9a ./Drivers/STM32F4xx_HAL_Driver/Src/stm32f4xx_hal_uart.o
                0x0000000008004220                HAL_UART_Init
 .text.HAL_UART_Transmit
                0x00000000080042ba      0x124 ./Drivers/STM32F4xx_HAL_Driver/Src/stm32f4xx_hal_uart.o
                0x00000000080042ba                HAL_UART_Transmit
 .text.HAL_UART_Transmit_IT
                0x00000000080043de       0x8a ./Drivers/STM32F4xx_HAL_Driver/Src/stm32f4xx_hal_uart.o
                0x00000000080043de                HAL_UART_Transmit_IT
 .text.HAL_UART_Receive_IT
                0x0000000008004468       0x60 ./Drivers/STM32F4xx_HAL_Driver/Src/stm32f4xx_hal_uart.o
                0x0000000008004468                HAL_UART_Receive_IT
 .text.HAL_UART_IRQHandler
                0x00000000080044c8      0x51c ./Drivers/STM32F4xx_HAL_Driver/Src/stm32f4xx_hal_uart.o
                0x00000000080044c8                HAL_UART_IRQHandler
 .text.HAL_UART_ErrorCallback
                0x00000000080049e4       0x14 ./Drivers/STM32F4xx_HAL_Driver/Src/stm32f4xx_hal_uart.o
                0x00000000080049e4                HAL_UART_ErrorCallback
 .text.HAL_UARTEx_RxEventCallback
                0x00000000080049f8       0x18 ./Drivers/STM32F4xx_HAL_Driver/Src/stm32f4xx_hal_uart.o
                0x00000000080049f8                HAL_UARTEx_RxEventCallback
 .text.UART_WaitOnFlagUntilTimeout
                0x0000000008004a10       0xdc ./Drivers/STM32F4xx_HAL_Driver/Src/stm32f4xx_hal_uart.o
 .text.UART_Start_Receive_IT
                0x0000000008004aec       0x74 ./Drivers/STM32F4xx_HAL_Driver/Src/stm32f4xx_hal_uart.o
                0x0000000008004aec                UART_Start_Receive_IT
 .text.UART_EndRxTransfer
                0x0000000008004b60       0xc6 ./Drivers/STM32F4xx_HAL_Driver/Src/stm32f4xx_hal_uart.o
 .text.UART_DMAAbortOnError
                0x0000000008004c26       0x28 ./Drivers/STM32F4xx_HAL_Driver/Src/stm32f4xx_hal_uart.o
 .text.UART_Transmit_IT
                0x0000000008004c4e       0xa0 ./Drivers/STM32F4xx_HAL_Driver/Src/stm32f4xx_hal_uart.o
 .text.UART_EndTransmit_IT
                0x0000000008004cee       0x30 ./Drivers/STM32F4xx_HAL_Driver/Src/stm32f4xx_hal_uart.o
 .text.UART_Receive_IT
                0x0000000008004d1e      0x176 ./Drivers/STM32F4xx_HAL_Driver/Src/stm32f4xx_hal_uart.o
 .text.UART_SetConfig
                0x0000000008004e94      0x390 ./Drivers/STM32F4xx_HAL_Driver/Src/stm32f4xx_hal_uart.o
 .text.vADCInit
                0x0000000008005224       0x28 ./Mcp41010/src/adc.o
                0x0000000008005224                vADCInit
 .text.vADCEnable
                0x000000000800524c       0x20 ./Mcp41010/src/adc.o
                0x000000000800524c                vADCEnable
 .text.vADCStopConversion
                0x000000000800526c       0x24 ./Mcp41010/src/adc.o
                0x000000000800526c                vADCStopConversion
 .text.vADCSetAvegareValue
                0x0000000008005290       0xcc ./Mcp41010/src/adc.o
                0x0000000008005290                vADCSetAvegareValue
 .text.vADCSaveSampleValue
                0x000000000800535c       0x50 ./Mcp41010/src/adc.o
                0x000000000800535c                vADCSaveSampleValue
 .text.vMCPStart
                0x00000000080053ac       0x74 ./Mcp41010/src/mcp41010.o
                0x00000000080053ac                vMCPStart
 .text.vMCPStopExternISR
                0x0000000008005420        0xe ./Mcp41010/src/mcp41010.o
                0x0000000008005420                vMCPStopExternISR
 .text.vMCPStartExternISR
                0x000000000800542e        0xe ./Mcp41010/src/mcp41010.o
                0x000000000800542e                vMCPStartExternISR
 .text.vMCP41010Poll
                0x000000000800543c      0x188 ./Mcp41010/src/mcp41010.o
                0x000000000800543c                vMCP41010Poll
 .text.vMCPEventPost
                0x00000000080055c4       0x20 ./Mcp41010/src/mcp_event_timer.o
                0x00000000080055c4                vMCPEventPost
 .text.xMCPEventGet
                0x00000000080055e4       0x24 ./Mcp41010/src/mcp_event_timer.o
                0x00000000080055e4                xMCPEventGet
 .text.vStartUpTimer
                0x0000000008005608       0x1c ./Mcp41010/src/mcp_event_timer.o
                0x0000000008005608                vStartUpTimer
 .text.vStopAllTimerFunc
                0x0000000008005624       0x14 ./Mcp41010/src/mcp_event_timer.o
                0x0000000008005624                vStopAllTimerFunc
 .text.vStartTimerFreq
                0x0000000008005638       0x1c ./Mcp41010/src/mcp_event_timer.o
                0x0000000008005638                vStartTimerFreq
 .text.vStartTimerFreqManual
                0x0000000008005654       0x20 ./Mcp41010/src/mcp_event_timer.o
                0x0000000008005654                vStartTimerFreqManual
 .text.HAL_TIM_PeriodElapsedCallback
                0x0000000008005674      0x184 ./Mcp41010/src/mcp_event_timer.o
                0x0000000008005674                HAL_TIM_PeriodElapsedCallback
 .text.vSetAllParameter
                0x00000000080057f8       0x3c ./Mcp41010/src/mcphandledata.o
                0x00000000080057f8                vSetAllParameter
 .text.vSetSinFrequency
                0x0000000008005834       0x20 ./Mcp41010/src/mcphandledata.o
                0x0000000008005834                vSetSinFrequency
 .text.fGetSinFrequency
                0x0000000008005854       0x1c ./Mcp41010/src/mcphandledata.o
                0x0000000008005854                fGetSinFrequency
 .text.vMCPSendToAllMCP
                0x0000000008005870       0x3c ./Mcp41010/src/mcphandledata.o
                0x0000000008005870                vMCPSendToAllMCP
 *fill*         0x00000000080058ac        0x4 
 .text.prvucSetDValue
                0x00000000080058b0       0xd8 ./Mcp41010/src/mcphandledata.o
 .text.prvvSetSendBuf
                0x0000000008005988       0x2c ./Mcp41010/src/mcphandledata.o
 .text.prviRoundingNumber
                0x00000000080059b4       0x6c ./Mcp41010/src/mcphandledata.o
 .text.vMCPUartStart
                0x0000000008005a20       0x5c ./Mcp41010/src/uart_mcp.o
                0x0000000008005a20                vMCPUartStart
 .text.vMCPUartPoll
                0x0000000008005a7c       0x78 ./Mcp41010/src/uart_mcp.o
                0x0000000008005a7c                vMCPUartPoll
 *fill*         0x0000000008005af4        0x4 
 .text.prvvMCPUartManualSweep
                0x0000000008005af8      0x238 ./Mcp41010/src/uart_mcp.o
 .text.prvvMCPUartMenuSelect
                0x0000000008005d30      0x298 ./Mcp41010/src/uart_mcp.o
 .text.HAL_UART_RxCpltCallback
                0x0000000008005fc8       0x64 ./Mcp41010/src/uart_mcp.o
                0x0000000008005fc8                HAL_UART_RxCpltCallback
 .text.HAL_UART_TxCpltCallback
                0x000000000800602c       0xf8 ./Mcp41010/src/uart_mcp.o
                0x000000000800602c                HAL_UART_TxCpltCallback
 .text.prvvFloatToString
                0x0000000008006124       0x8c ./Mcp41010/src/uart_mcp.o
 .text.__errno  0x00000000080061b0        0xc c:/st/stm32cubeide_1.6.1/stm32cubeide/plugins/com.st.stm32cube.ide.mcu.externaltools.gnu-tools-for-stm32.9-2020-q2-update.win32_2.0.0.202105311346/tools/bin/../lib/gcc/arm-none-eabi/9.3.1/../../../../arm-none-eabi/lib/thumb/v7e-m+fp/hard\libc_nano.a(lib_a-errno.o)
                0x00000000080061b0                __errno
 .text.__libc_init_array
                0x00000000080061bc       0x48 c:/st/stm32cubeide_1.6.1/stm32cubeide/plugins/com.st.stm32cube.ide.mcu.externaltools.gnu-tools-for-stm32.9-2020-q2-update.win32_2.0.0.202105311346/tools/bin/../lib/gcc/arm-none-eabi/9.3.1/../../../../arm-none-eabi/lib/thumb/v7e-m+fp/hard\libc_nano.a(lib_a-init.o)
                0x00000000080061bc                __libc_init_array
 .text.__itoa   0x0000000008006204       0x30 c:/st/stm32cubeide_1.6.1/stm32cubeide/plugins/com.st.stm32cube.ide.mcu.externaltools.gnu-tools-for-stm32.9-2020-q2-update.win32_2.0.0.202105311346/tools/bin/../lib/gcc/arm-none-eabi/9.3.1/../../../../arm-none-eabi/lib/thumb/v7e-m+fp/hard\libc_nano.a(lib_a-itoa.o)
                0x0000000008006204                __itoa
 .text.itoa     0x0000000008006234        0x4 c:/st/stm32cubeide_1.6.1/stm32cubeide/plugins/com.st.stm32cube.ide.mcu.externaltools.gnu-tools-for-stm32.9-2020-q2-update.win32_2.0.0.202105311346/tools/bin/../lib/gcc/arm-none-eabi/9.3.1/../../../../arm-none-eabi/lib/thumb/v7e-m+fp/hard\libc_nano.a(lib_a-itoa.o)
                0x0000000008006234                itoa
 .text.memset   0x0000000008006238       0x10 c:/st/stm32cubeide_1.6.1/stm32cubeide/plugins/com.st.stm32cube.ide.mcu.externaltools.gnu-tools-for-stm32.9-2020-q2-update.win32_2.0.0.202105311346/tools/bin/../lib/gcc/arm-none-eabi/9.3.1/../../../../arm-none-eabi/lib/thumb/v7e-m+fp/hard\libc_nano.a(lib_a-memset.o)
                0x0000000008006238                memset
 .text.__utoa   0x0000000008006248       0x84 c:/st/stm32cubeide_1.6.1/stm32cubeide/plugins/com.st.stm32cube.ide.mcu.externaltools.gnu-tools-for-stm32.9-2020-q2-update.win32_2.0.0.202105311346/tools/bin/../lib/gcc/arm-none-eabi/9.3.1/../../../../arm-none-eabi/lib/thumb/v7e-m+fp/hard\libc_nano.a(lib_a-utoa.o)
                0x0000000008006248                __utoa
 .text.pow      0x00000000080062cc      0x15c c:/st/stm32cubeide_1.6.1/stm32cubeide/plugins/com.st.stm32cube.ide.mcu.externaltools.gnu-tools-for-stm32.9-2020-q2-update.win32_2.0.0.202105311346/tools/bin/../lib/gcc/arm-none-eabi/9.3.1/../../../../arm-none-eabi/lib/thumb/v7e-m+fp/hard\libm.a(lib_a-w_pow.o)
                0x00000000080062cc                pow
 .text.sqrt     0x0000000008006428       0x68 c:/st/stm32cubeide_1.6.1/stm32cubeide/plugins/com.st.stm32cube.ide.mcu.externaltools.gnu-tools-for-stm32.9-2020-q2-update.win32_2.0.0.202105311346/tools/bin/../lib/gcc/arm-none-eabi/9.3.1/../../../../arm-none-eabi/lib/thumb/v7e-m+fp/hard\libm.a(lib_a-w_sqrt.o)
                0x0000000008006428                sqrt
 .text.__ieee754_pow
                0x0000000008006490      0xa44 c:/st/stm32cubeide_1.6.1/stm32cubeide/plugins/com.st.stm32cube.ide.mcu.externaltools.gnu-tools-for-stm32.9-2020-q2-update.win32_2.0.0.202105311346/tools/bin/../lib/gcc/arm-none-eabi/9.3.1/../../../../arm-none-eabi/lib/thumb/v7e-m+fp/hard\libm.a(lib_a-e_pow.o)
                0x0000000008006490                __ieee754_pow
 .text.__ieee754_sqrt
                0x0000000008006ed4      0x168 c:/st/stm32cubeide_1.6.1/stm32cubeide/plugins/com.st.stm32cube.ide.mcu.externaltools.gnu-tools-for-stm32.9-2020-q2-update.win32_2.0.0.202105311346/tools/bin/../lib/gcc/arm-none-eabi/9.3.1/../../../../arm-none-eabi/lib/thumb/v7e-m+fp/hard\libm.a(lib_a-e_sqrt.o)
                0x0000000008006ed4                __ieee754_sqrt
 .text.fabs     0x000000000800703c       0x12 c:/st/stm32cubeide_1.6.1/stm32cubeide/plugins/com.st.stm32cube.ide.mcu.externaltools.gnu-tools-for-stm32.9-2020-q2-update.win32_2.0.0.202105311346/tools/bin/../lib/gcc/arm-none-eabi/9.3.1/../../../../arm-none-eabi/lib/thumb/v7e-m+fp/hard\libm.a(lib_a-s_fabs.o)
                0x000000000800703c                fabs
 .text.finite   0x000000000800704e       0x16 c:/st/stm32cubeide_1.6.1/stm32cubeide/plugins/com.st.stm32cube.ide.mcu.externaltools.gnu-tools-for-stm32.9-2020-q2-update.win32_2.0.0.202105311346/tools/bin/../lib/gcc/arm-none-eabi/9.3.1/../../../../arm-none-eabi/lib/thumb/v7e-m+fp/hard\libm.a(lib_a-s_finite.o)
                0x000000000800704e                finite
 *fill*         0x0000000008007064        0x4 
 .text.nan      0x0000000008007068       0x10 c:/st/stm32cubeide_1.6.1/stm32cubeide/plugins/com.st.stm32cube.ide.mcu.externaltools.gnu-tools-for-stm32.9-2020-q2-update.win32_2.0.0.202105311346/tools/bin/../lib/gcc/arm-none-eabi/9.3.1/../../../../arm-none-eabi/lib/thumb/v7e-m+fp/hard\libm.a(lib_a-s_nan.o)
                0x0000000008007068                nan
 .text.rint     0x0000000008007078      0x114 c:/st/stm32cubeide_1.6.1/stm32cubeide/plugins/com.st.stm32cube.ide.mcu.externaltools.gnu-tools-for-stm32.9-2020-q2-update.win32_2.0.0.202105311346/tools/bin/../lib/gcc/arm-none-eabi/9.3.1/../../../../arm-none-eabi/lib/thumb/v7e-m+fp/hard\libm.a(lib_a-s_rint.o)
                0x0000000008007078                rint
 *fill*         0x000000000800718c        0x4 
 .text.scalbn   0x0000000008007190      0x10c c:/st/stm32cubeide_1.6.1/stm32cubeide/plugins/com.st.stm32cube.ide.mcu.externaltools.gnu-tools-for-stm32.9-2020-q2-update.win32_2.0.0.202105311346/tools/bin/../lib/gcc/arm-none-eabi/9.3.1/../../../../arm-none-eabi/lib/thumb/v7e-m+fp/hard\libm.a(lib_a-s_scalbn.o)
                0x0000000008007190                scalbn
 *(.glue_7)
 .glue_7        0x000000000800729c        0x0 linker stubs
 *(.glue_7t)
 .glue_7t       0x000000000800729c        0x0 linker stubs
 *(.eh_frame)
 .eh_frame      0x000000000800729c        0x0 c:/st/stm32cubeide_1.6.1/stm32cubeide/plugins/com.st.stm32cube.ide.mcu.externaltools.gnu-tools-for-stm32.9-2020-q2-update.win32_2.0.0.202105311346/tools/bin/../lib/gcc/arm-none-eabi/9.3.1/thumb/v7e-m+fp/hard/crtbegin.o
 *(.init)
 .init          0x000000000800729c        0x4 c:/st/stm32cubeide_1.6.1/stm32cubeide/plugins/com.st.stm32cube.ide.mcu.externaltools.gnu-tools-for-stm32.9-2020-q2-update.win32_2.0.0.202105311346/tools/bin/../lib/gcc/arm-none-eabi/9.3.1/thumb/v7e-m+fp/hard/crti.o
                0x000000000800729c                _init
 .init          0x00000000080072a0        0x8 c:/st/stm32cubeide_1.6.1/stm32cubeide/plugins/com.st.stm32cube.ide.mcu.externaltools.gnu-tools-for-stm32.9-2020-q2-update.win32_2.0.0.202105311346/tools/bin/../lib/gcc/arm-none-eabi/9.3.1/thumb/v7e-m+fp/hard/crtn.o
 *(.fini)
 .fini          0x00000000080072a8        0x4 c:/st/stm32cubeide_1.6.1/stm32cubeide/plugins/com.st.stm32cube.ide.mcu.externaltools.gnu-tools-for-stm32.9-2020-q2-update.win32_2.0.0.202105311346/tools/bin/../lib/gcc/arm-none-eabi/9.3.1/thumb/v7e-m+fp/hard/crti.o
                0x00000000080072a8                _fini
 .fini          0x00000000080072ac        0x8 c:/st/stm32cubeide_1.6.1/stm32cubeide/plugins/com.st.stm32cube.ide.mcu.externaltools.gnu-tools-for-stm32.9-2020-q2-update.win32_2.0.0.202105311346/tools/bin/../lib/gcc/arm-none-eabi/9.3.1/thumb/v7e-m+fp/hard/crtn.o
                0x00000000080072b4                . = ALIGN (0x4)
                0x00000000080072b4                _etext = .

.vfp11_veneer   0x00000000080072b4        0x0
 .vfp11_veneer  0x00000000080072b4        0x0 linker stubs

.v4_bx          0x00000000080072b4        0x0
 .v4_bx         0x00000000080072b4        0x0 linker stubs

.iplt           0x00000000080072b4        0x0
 .iplt          0x00000000080072b4        0x0 c:/st/stm32cubeide_1.6.1/stm32cubeide/plugins/com.st.stm32cube.ide.mcu.externaltools.gnu-tools-for-stm32.9-2020-q2-update.win32_2.0.0.202105311346/tools/bin/../lib/gcc/arm-none-eabi/9.3.1/thumb/v7e-m+fp/hard/crtbegin.o

.rodata         0x00000000080072b8      0x728
                0x00000000080072b8                . = ALIGN (0x4)
 *(.rodata)
 .rodata        0x00000000080072b8      0x69c ./Mcp41010/src/uart_mcp.o
 *(.rodata*)
 .rodata.AHBPrescTable
                0x0000000008007954       0x10 ./Core/Src/system_stm32f4xx.o
                0x0000000008007954                AHBPrescTable
 .rodata.APBPrescTable
                0x0000000008007964        0x8 ./Core/Src/system_stm32f4xx.o
                0x0000000008007964                APBPrescTable
 .rodata.flagBitshiftOffset.9001
                0x000000000800796c        0x8 ./Drivers/STM32F4xx_HAL_Driver/Src/stm32f4xx_hal_dma.o
 .rodata.__utoa.str1.1
                0x0000000008007974       0x25 c:/st/stm32cubeide_1.6.1/stm32cubeide/plugins/com.st.stm32cube.ide.mcu.externaltools.gnu-tools-for-stm32.9-2020-q2-update.win32_2.0.0.202105311346/tools/bin/../lib/gcc/arm-none-eabi/9.3.1/../../../../arm-none-eabi/lib/thumb/v7e-m+fp/hard\libc_nano.a(lib_a-utoa.o)
 .rodata.__ieee754_pow.str1.1
                0x0000000008007999       0x25 c:/st/stm32cubeide_1.6.1/stm32cubeide/plugins/com.st.stm32cube.ide.mcu.externaltools.gnu-tools-for-stm32.9-2020-q2-update.win32_2.0.0.202105311346/tools/bin/../lib/gcc/arm-none-eabi/9.3.1/../../../../arm-none-eabi/lib/thumb/v7e-m+fp/hard\libm.a(lib_a-e_pow.o)
                                          0x1 (size before relaxing)
 *fill*         0x0000000008007999        0x7 
 .rodata.bp     0x00000000080079a0       0x10 c:/st/stm32cubeide_1.6.1/stm32cubeide/plugins/com.st.stm32cube.ide.mcu.externaltools.gnu-tools-for-stm32.9-2020-q2-update.win32_2.0.0.202105311346/tools/bin/../lib/gcc/arm-none-eabi/9.3.1/../../../../arm-none-eabi/lib/thumb/v7e-m+fp/hard\libm.a(lib_a-e_pow.o)
 .rodata.dp_h   0x00000000080079b0       0x10 c:/st/stm32cubeide_1.6.1/stm32cubeide/plugins/com.st.stm32cube.ide.mcu.externaltools.gnu-tools-for-stm32.9-2020-q2-update.win32_2.0.0.202105311346/tools/bin/../lib/gcc/arm-none-eabi/9.3.1/../../../../arm-none-eabi/lib/thumb/v7e-m+fp/hard\libm.a(lib_a-e_pow.o)
 .rodata.dp_l   0x00000000080079c0       0x10 c:/st/stm32cubeide_1.6.1/stm32cubeide/plugins/com.st.stm32cube.ide.mcu.externaltools.gnu-tools-for-stm32.9-2020-q2-update.win32_2.0.0.202105311346/tools/bin/../lib/gcc/arm-none-eabi/9.3.1/../../../../arm-none-eabi/lib/thumb/v7e-m+fp/hard\libm.a(lib_a-e_pow.o)
 .rodata.TWO52  0x00000000080079d0       0x10 c:/st/stm32cubeide_1.6.1/stm32cubeide/plugins/com.st.stm32cube.ide.mcu.externaltools.gnu-tools-for-stm32.9-2020-q2-update.win32_2.0.0.202105311346/tools/bin/../lib/gcc/arm-none-eabi/9.3.1/../../../../arm-none-eabi/lib/thumb/v7e-m+fp/hard\libm.a(lib_a-s_rint.o)
                0x00000000080079e0                . = ALIGN (0x4)

.ARM.extab      0x00000000080079e0        0x0
                0x00000000080079e0                . = ALIGN (0x4)
 *(.ARM.extab* .gnu.linkonce.armextab.*)
                0x00000000080079e0                . = ALIGN (0x4)

.ARM            0x00000000080079e0        0x8
                0x00000000080079e0                . = ALIGN (0x4)
                0x00000000080079e0                __exidx_start = .
 *(.ARM.exidx*)
 .ARM.exidx     0x00000000080079e0        0x8 c:/st/stm32cubeide_1.6.1/stm32cubeide/plugins/com.st.stm32cube.ide.mcu.externaltools.gnu-tools-for-stm32.9-2020-q2-update.win32_2.0.0.202105311346/tools/bin/../lib/gcc/arm-none-eabi/9.3.1/thumb/v7e-m+fp/hard\libgcc.a(_udivmoddi4.o)
                0x00000000080079e8                __exidx_end = .
                0x00000000080079e8                . = ALIGN (0x4)

.rel.dyn        0x00000000080079e8        0x0
 .rel.iplt      0x00000000080079e8        0x0 c:/st/stm32cubeide_1.6.1/stm32cubeide/plugins/com.st.stm32cube.ide.mcu.externaltools.gnu-tools-for-stm32.9-2020-q2-update.win32_2.0.0.202105311346/tools/bin/../lib/gcc/arm-none-eabi/9.3.1/thumb/v7e-m+fp/hard/crtbegin.o

.preinit_array  0x00000000080079e8        0x0
                0x00000000080079e8                . = ALIGN (0x4)
                0x00000000080079e8                PROVIDE (__preinit_array_start = .)
 *(.preinit_array*)
                0x00000000080079e8                PROVIDE (__preinit_array_end = .)
                0x00000000080079e8                . = ALIGN (0x4)

.init_array     0x00000000080079e8        0x4
                0x00000000080079e8                . = ALIGN (0x4)
                0x00000000080079e8                PROVIDE (__init_array_start = .)
 *(SORT_BY_NAME(.init_array.*))
 *(.init_array*)
 .init_array    0x00000000080079e8        0x4 c:/st/stm32cubeide_1.6.1/stm32cubeide/plugins/com.st.stm32cube.ide.mcu.externaltools.gnu-tools-for-stm32.9-2020-q2-update.win32_2.0.0.202105311346/tools/bin/../lib/gcc/arm-none-eabi/9.3.1/thumb/v7e-m+fp/hard/crtbegin.o
                0x00000000080079ec                PROVIDE (__init_array_end = .)
                0x00000000080079ec                . = ALIGN (0x4)

.fini_array     0x00000000080079ec        0x4
                0x00000000080079ec                . = ALIGN (0x4)
                [!provide]                        PROVIDE (__fini_array_start = .)
 *(SORT_BY_NAME(.fini_array.*))
 *(.fini_array*)
 .fini_array    0x00000000080079ec        0x4 c:/st/stm32cubeide_1.6.1/stm32cubeide/plugins/com.st.stm32cube.ide.mcu.externaltools.gnu-tools-for-stm32.9-2020-q2-update.win32_2.0.0.202105311346/tools/bin/../lib/gcc/arm-none-eabi/9.3.1/thumb/v7e-m+fp/hard/crtbegin.o
                [!provide]                        PROVIDE (__fini_array_end = .)
                0x00000000080079f0                . = ALIGN (0x4)
                0x00000000080079f0                _sidata = LOADADDR (.data)

.data           0x0000000020000000      0x3c4 load address 0x00000000080079f0
                0x0000000020000000                . = ALIGN (0x4)
                0x0000000020000000                _sdata = .
 *(.data)
 *(.data*)
 .data.SystemCoreClock
                0x0000000020000000        0x4 ./Core/Src/system_stm32f4xx.o
                0x0000000020000000                SystemCoreClock
 .data.uwTickPrio
                0x0000000020000004        0x4 ./Drivers/STM32F4xx_HAL_Driver/Src/stm32f4xx_hal.o
                0x0000000020000004                uwTickPrio
 .data.uwTickFreq
                0x0000000020000008        0x1 ./Drivers/STM32F4xx_HAL_Driver/Src/stm32f4xx_hal.o
                0x0000000020000008                uwTickFreq
 *fill*         0x0000000020000009        0x3 
 .data.uartInit
                0x000000002000000c        0x4 ./Mcp41010/src/uart_mcp.o
                0x000000002000000c                uartInit
 .data.uartInvalidNotify
                0x0000000020000010        0x4 ./Mcp41010/src/uart_mcp.o
                0x0000000020000010                uartInvalidNotify
 .data.uartIntroChar
                0x0000000020000014        0x4 ./Mcp41010/src/uart_mcp.o
                0x0000000020000014                uartIntroChar
 .data.uartManualSweep
                0x0000000020000018        0x4 ./Mcp41010/src/uart_mcp.o
                0x0000000020000018                uartManualSweep
 .data.uartMaxFrequency
                0x000000002000001c        0x4 ./Mcp41010/src/uart_mcp.o
                0x000000002000001c                uartMaxFrequency
 .data.uartManualContinue
                0x0000000020000020        0x4 ./Mcp41010/src/uart_mcp.o
                0x0000000020000020                uartManualContinue
 .data.uartCmdDisplay
                0x0000000020000024      0x320 ./Mcp41010/src/uart_mcp.o
                0x0000000020000024                uartCmdDisplay
 .data.uartContinue
                0x0000000020000344        0x4 ./Mcp41010/src/uart_mcp.o
                0x0000000020000344                uartContinue
 .data.uartContinueMenu
                0x0000000020000348        0x4 ./Mcp41010/src/uart_mcp.o
                0x0000000020000348                uartContinueMenu
 .data.uartContinueSweep
                0x000000002000034c        0x4 ./Mcp41010/src/uart_mcp.o
                0x000000002000034c                uartContinueSweep
 .data.uartStepRunning
                0x0000000020000350        0x4 ./Mcp41010/src/uart_mcp.o
                0x0000000020000350                uartStepRunning
 .data.uartADC  0x0000000020000354        0x4 ./Mcp41010/src/uart_mcp.o
                0x0000000020000354                uartADC
 .data.uartStopFreqAuto
                0x0000000020000358        0x4 ./Mcp41010/src/uart_mcp.o
                0x0000000020000358                uartStopFreqAuto
 .data._impure_ptr
                0x000000002000035c        0x4 c:/st/stm32cubeide_1.6.1/stm32cubeide/plugins/com.st.stm32cube.ide.mcu.externaltools.gnu-tools-for-stm32.9-2020-q2-update.win32_2.0.0.202105311346/tools/bin/../lib/gcc/arm-none-eabi/9.3.1/../../../../arm-none-eabi/lib/thumb/v7e-m+fp/hard\libc_nano.a(lib_a-impure.o)
                0x000000002000035c                _impure_ptr
 .data.impure_data
                0x0000000020000360       0x60 c:/st/stm32cubeide_1.6.1/stm32cubeide/plugins/com.st.stm32cube.ide.mcu.externaltools.gnu-tools-for-stm32.9-2020-q2-update.win32_2.0.0.202105311346/tools/bin/../lib/gcc/arm-none-eabi/9.3.1/../../../../arm-none-eabi/lib/thumb/v7e-m+fp/hard\libc_nano.a(lib_a-impure.o)
 .data.__fdlib_version
                0x00000000200003c0        0x1 c:/st/stm32cubeide_1.6.1/stm32cubeide/plugins/com.st.stm32cube.ide.mcu.externaltools.gnu-tools-for-stm32.9-2020-q2-update.win32_2.0.0.202105311346/tools/bin/../lib/gcc/arm-none-eabi/9.3.1/../../../../arm-none-eabi/lib/thumb/v7e-m+fp/hard\libm.a(lib_a-s_lib_ver.o)
                0x00000000200003c0                __fdlib_version
 *(.RamFunc)
 *(.RamFunc*)
                0x00000000200003c4                . = ALIGN (0x4)
 *fill*         0x00000000200003c1        0x3 
                0x00000000200003c4                _edata = .

.igot.plt       0x00000000200003c4        0x0 load address 0x0000000008007db4
 .igot.plt      0x00000000200003c4        0x0 c:/st/stm32cubeide_1.6.1/stm32cubeide/plugins/com.st.stm32cube.ide.mcu.externaltools.gnu-tools-for-stm32.9-2020-q2-update.win32_2.0.0.202105311346/tools/bin/../lib/gcc/arm-none-eabi/9.3.1/thumb/v7e-m+fp/hard/crtbegin.o
                0x00000000200003c4                . = ALIGN (0x4)

.bss            0x00000000200003c4      0x250 load address 0x0000000008007db4
                0x00000000200003c4                _sbss = .
                0x00000000200003c4                __bss_start__ = _sbss
 *(.bss)
 .bss           0x00000000200003c4       0x1c c:/st/stm32cubeide_1.6.1/stm32cubeide/plugins/com.st.stm32cube.ide.mcu.externaltools.gnu-tools-for-stm32.9-2020-q2-update.win32_2.0.0.202105311346/tools/bin/../lib/gcc/arm-none-eabi/9.3.1/thumb/v7e-m+fp/hard/crtbegin.o
 *(.bss*)
 .bss.eMCPEvent
                0x00000000200003e0        0x1 ./Mcp41010/src/mcp_event_timer.o
 *fill*         0x00000000200003e1        0x1 
 .bss.downcounter
                0x00000000200003e2        0x2 ./Mcp41010/src/mcp_event_timer.o
 .bss.downcounterManual
                0x00000000200003e4        0x2 ./Mcp41010/src/mcp_event_timer.o
 .bss.CountTimer100ms
                0x00000000200003e6        0x2 ./Mcp41010/src/mcp_event_timer.o
                0x00000000200003e6                CountTimer100ms
 .bss.CountNumStepFreq
                0x00000000200003e8        0x2 ./Mcp41010/src/mcp_event_timer.o
                0x00000000200003e8                CountNumStepFreq
 .bss.countSinCycle
                0x00000000200003ea        0x2 ./Mcp41010/src/mcp_function.o
                0x00000000200003ea                countSinCycle
 .bss.sinFreqCreate
                0x00000000200003ec        0x4 ./Mcp41010/src/mcphandledata.o
 .bss.Dvalue    0x00000000200003f0        0x1 ./Mcp41010/src/mcphandledata.o
 *fill*         0x00000000200003f1        0x1 
 .bss.sendbuf   0x00000000200003f2        0x2 ./Mcp41010/src/mcphandledata.o
 *(COMMON)
 COMMON         0x00000000200003f4      0x1d4 ./Core/Src/main.o
                0x00000000200003f4                hspi2
                0x000000002000044c                hadc2
                0x0000000020000494                htim6
                0x00000000200004dc                huart2
                0x0000000020000520                hdma_adc2
                0x0000000020000580                htim7
 COMMON         0x00000000200005c8        0x4 ./Drivers/STM32F4xx_HAL_Driver/Src/stm32f4xx_hal.o
                0x00000000200005c8                uwTick
 COMMON         0x00000000200005cc       0x3c ./Mcp41010/src/adc.o
                0x00000000200005cc                adchandle
 COMMON         0x0000000020000608        0x1 ./Mcp41010/src/mcp_function.o
                0x0000000020000608                eFuncRun
 *fill*         0x0000000020000609        0x3 
 COMMON         0x000000002000060c        0x7 ./Mcp41010/src/uart_mcp.o
                0x000000002000060c                UartHandle
                0x0000000020000614                . = ALIGN (0x4)
 *fill*         0x0000000020000613        0x1 
                0x0000000020000614                _ebss = .
                0x0000000020000614                __bss_end__ = _ebss

._user_heap_stack
                0x0000000020000614      0x604 load address 0x0000000008007db4
                0x0000000020000618                . = ALIGN (0x8)
 *fill*         0x0000000020000614        0x4 
                [!provide]                        PROVIDE (end = .)
                0x0000000020000618                PROVIDE (_end = .)
                0x0000000020000818                . = (. + _Min_Heap_Size)
 *fill*         0x0000000020000618      0x200 
                0x0000000020000c18                . = (. + _Min_Stack_Size)
 *fill*         0x0000000020000818      0x400 
                0x0000000020000c18                . = ALIGN (0x8)

/DISCARD/
 libc.a(*)
 libm.a(*)
 libgcc.a(*)

.ARM.attributes
                0x0000000000000000       0x30
 *(.ARM.attributes)
 .ARM.attributes
                0x0000000000000000       0x1e c:/st/stm32cubeide_1.6.1/stm32cubeide/plugins/com.st.stm32cube.ide.mcu.externaltools.gnu-tools-for-stm32.9-2020-q2-update.win32_2.0.0.202105311346/tools/bin/../lib/gcc/arm-none-eabi/9.3.1/thumb/v7e-m+fp/hard/crti.o
 .ARM.attributes
                0x000000000000001e       0x34 c:/st/stm32cubeide_1.6.1/stm32cubeide/plugins/com.st.stm32cube.ide.mcu.externaltools.gnu-tools-for-stm32.9-2020-q2-update.win32_2.0.0.202105311346/tools/bin/../lib/gcc/arm-none-eabi/9.3.1/thumb/v7e-m+fp/hard/crtbegin.o
 .ARM.attributes
                0x0000000000000052       0x34 ./Core/Src/main.o
 .ARM.attributes
                0x0000000000000086       0x34 ./Core/Src/stm32f4xx_hal_msp.o
 .ARM.attributes
                0x00000000000000ba       0x34 ./Core/Src/stm32f4xx_it.o
 .ARM.attributes
                0x00000000000000ee       0x34 ./Core/Src/system_stm32f4xx.o
 .ARM.attributes
                0x0000000000000122       0x21 ./Core/Startup/startup_stm32f446retx.o
 .ARM.attributes
                0x0000000000000143       0x34 ./Drivers/STM32F4xx_HAL_Driver/Src/stm32f4xx_hal.o
 .ARM.attributes
                0x0000000000000177       0x34 ./Drivers/STM32F4xx_HAL_Driver/Src/stm32f4xx_hal_adc.o
 .ARM.attributes
                0x00000000000001ab       0x34 ./Drivers/STM32F4xx_HAL_Driver/Src/stm32f4xx_hal_cortex.o
 .ARM.attributes
                0x00000000000001df       0x34 ./Drivers/STM32F4xx_HAL_Driver/Src/stm32f4xx_hal_dma.o
 .ARM.attributes
                0x0000000000000213       0x34 ./Drivers/STM32F4xx_HAL_Driver/Src/stm32f4xx_hal_gpio.o
 .ARM.attributes
                0x0000000000000247       0x34 ./Drivers/STM32F4xx_HAL_Driver/Src/stm32f4xx_hal_rcc.o
 .ARM.attributes
                0x000000000000027b       0x34 ./Drivers/STM32F4xx_HAL_Driver/Src/stm32f4xx_hal_rcc_ex.o
 .ARM.attributes
                0x00000000000002af       0x34 ./Drivers/STM32F4xx_HAL_Driver/Src/stm32f4xx_hal_spi.o
 .ARM.attributes
                0x00000000000002e3       0x34 ./Drivers/STM32F4xx_HAL_Driver/Src/stm32f4xx_hal_tim.o
 .ARM.attributes
                0x0000000000000317       0x34 ./Drivers/STM32F4xx_HAL_Driver/Src/stm32f4xx_hal_tim_ex.o
 .ARM.attributes
                0x000000000000034b       0x34 ./Drivers/STM32F4xx_HAL_Driver/Src/stm32f4xx_hal_uart.o
 .ARM.attributes
                0x000000000000037f       0x34 ./Mcp41010/src/adc.o
 .ARM.attributes
                0x00000000000003b3       0x34 ./Mcp41010/src/mcp41010.o
 .ARM.attributes
                0x00000000000003e7       0x34 ./Mcp41010/src/mcp_event_timer.o
 .ARM.attributes
                0x000000000000041b       0x34 ./Mcp41010/src/mcp_function.o
 .ARM.attributes
                0x000000000000044f       0x34 ./Mcp41010/src/mcphandledata.o
 .ARM.attributes
                0x0000000000000483       0x34 ./Mcp41010/src/uart_mcp.o
 .ARM.attributes
                0x00000000000004b7       0x34 c:/st/stm32cubeide_1.6.1/stm32cubeide/plugins/com.st.stm32cube.ide.mcu.externaltools.gnu-tools-for-stm32.9-2020-q2-update.win32_2.0.0.202105311346/tools/bin/../lib/gcc/arm-none-eabi/9.3.1/../../../../arm-none-eabi/lib/thumb/v7e-m+fp/hard\libc_nano.a(lib_a-errno.o)
 .ARM.attributes
                0x00000000000004eb       0x32 c:/st/stm32cubeide_1.6.1/stm32cubeide/plugins/com.st.stm32cube.ide.mcu.externaltools.gnu-tools-for-stm32.9-2020-q2-update.win32_2.0.0.202105311346/tools/bin/../lib/gcc/arm-none-eabi/9.3.1/../../../../arm-none-eabi/lib/thumb/v7e-m+fp/hard\libc_nano.a(lib_a-impure.o)
 .ARM.attributes
                0x000000000000051d       0x34 c:/st/stm32cubeide_1.6.1/stm32cubeide/plugins/com.st.stm32cube.ide.mcu.externaltools.gnu-tools-for-stm32.9-2020-q2-update.win32_2.0.0.202105311346/tools/bin/../lib/gcc/arm-none-eabi/9.3.1/../../../../arm-none-eabi/lib/thumb/v7e-m+fp/hard\libc_nano.a(lib_a-init.o)
 .ARM.attributes
                0x0000000000000551       0x34 c:/st/stm32cubeide_1.6.1/stm32cubeide/plugins/com.st.stm32cube.ide.mcu.externaltools.gnu-tools-for-stm32.9-2020-q2-update.win32_2.0.0.202105311346/tools/bin/../lib/gcc/arm-none-eabi/9.3.1/../../../../arm-none-eabi/lib/thumb/v7e-m+fp/hard\libc_nano.a(lib_a-itoa.o)
 .ARM.attributes
                0x0000000000000585       0x34 c:/st/stm32cubeide_1.6.1/stm32cubeide/plugins/com.st.stm32cube.ide.mcu.externaltools.gnu-tools-for-stm32.9-2020-q2-update.win32_2.0.0.202105311346/tools/bin/../lib/gcc/arm-none-eabi/9.3.1/../../../../arm-none-eabi/lib/thumb/v7e-m+fp/hard\libc_nano.a(lib_a-memset.o)
 .ARM.attributes
                0x00000000000005b9       0x17 c:/st/stm32cubeide_1.6.1/stm32cubeide/plugins/com.st.stm32cube.ide.mcu.externaltools.gnu-tools-for-stm32.9-2020-q2-update.win32_2.0.0.202105311346/tools/bin/../lib/gcc/arm-none-eabi/9.3.1/../../../../arm-none-eabi/lib/thumb/v7e-m+fp/hard\libc_nano.a(lib_a-strlen.o)
 .ARM.attributes
                0x00000000000005d0       0x34 c:/st/stm32cubeide_1.6.1/stm32cubeide/plugins/com.st.stm32cube.ide.mcu.externaltools.gnu-tools-for-stm32.9-2020-q2-update.win32_2.0.0.202105311346/tools/bin/../lib/gcc/arm-none-eabi/9.3.1/../../../../arm-none-eabi/lib/thumb/v7e-m+fp/hard\libc_nano.a(lib_a-utoa.o)
 .ARM.attributes
                0x0000000000000604       0x34 c:/st/stm32cubeide_1.6.1/stm32cubeide/plugins/com.st.stm32cube.ide.mcu.externaltools.gnu-tools-for-stm32.9-2020-q2-update.win32_2.0.0.202105311346/tools/bin/../lib/gcc/arm-none-eabi/9.3.1/../../../../arm-none-eabi/lib/thumb/v7e-m+fp/hard\libm.a(lib_a-w_pow.o)
 .ARM.attributes
                0x0000000000000638       0x34 c:/st/stm32cubeide_1.6.1/stm32cubeide/plugins/com.st.stm32cube.ide.mcu.externaltools.gnu-tools-for-stm32.9-2020-q2-update.win32_2.0.0.202105311346/tools/bin/../lib/gcc/arm-none-eabi/9.3.1/../../../../arm-none-eabi/lib/thumb/v7e-m+fp/hard\libm.a(lib_a-w_sqrt.o)
 .ARM.attributes
                0x000000000000066c       0x34 c:/st/stm32cubeide_1.6.1/stm32cubeide/plugins/com.st.stm32cube.ide.mcu.externaltools.gnu-tools-for-stm32.9-2020-q2-update.win32_2.0.0.202105311346/tools/bin/../lib/gcc/arm-none-eabi/9.3.1/../../../../arm-none-eabi/lib/thumb/v7e-m+fp/hard\libm.a(lib_a-e_pow.o)
 .ARM.attributes
                0x00000000000006a0       0x34 c:/st/stm32cubeide_1.6.1/stm32cubeide/plugins/com.st.stm32cube.ide.mcu.externaltools.gnu-tools-for-stm32.9-2020-q2-update.win32_2.0.0.202105311346/tools/bin/../lib/gcc/arm-none-eabi/9.3.1/../../../../arm-none-eabi/lib/thumb/v7e-m+fp/hard\libm.a(lib_a-e_sqrt.o)
 .ARM.attributes
                0x00000000000006d4       0x34 c:/st/stm32cubeide_1.6.1/stm32cubeide/plugins/com.st.stm32cube.ide.mcu.externaltools.gnu-tools-for-stm32.9-2020-q2-update.win32_2.0.0.202105311346/tools/bin/../lib/gcc/arm-none-eabi/9.3.1/../../../../arm-none-eabi/lib/thumb/v7e-m+fp/hard\libm.a(lib_a-s_fabs.o)
 .ARM.attributes
                0x0000000000000708       0x34 c:/st/stm32cubeide_1.6.1/stm32cubeide/plugins/com.st.stm32cube.ide.mcu.externaltools.gnu-tools-for-stm32.9-2020-q2-update.win32_2.0.0.202105311346/tools/bin/../lib/gcc/arm-none-eabi/9.3.1/../../../../arm-none-eabi/lib/thumb/v7e-m+fp/hard\libm.a(lib_a-s_finite.o)
 .ARM.attributes
                0x000000000000073c       0x32 c:/st/stm32cubeide_1.6.1/stm32cubeide/plugins/com.st.stm32cube.ide.mcu.externaltools.gnu-tools-for-stm32.9-2020-q2-update.win32_2.0.0.202105311346/tools/bin/../lib/gcc/arm-none-eabi/9.3.1/../../../../arm-none-eabi/lib/thumb/v7e-m+fp/hard\libm.a(lib_a-s_lib_ver.o)
 .ARM.attributes
                0x000000000000076e       0x34 c:/st/stm32cubeide_1.6.1/stm32cubeide/plugins/com.st.stm32cube.ide.mcu.externaltools.gnu-tools-for-stm32.9-2020-q2-update.win32_2.0.0.202105311346/tools/bin/../lib/gcc/arm-none-eabi/9.3.1/../../../../arm-none-eabi/lib/thumb/v7e-m+fp/hard\libm.a(lib_a-s_nan.o)
 .ARM.attributes
                0x00000000000007a2       0x34 c:/st/stm32cubeide_1.6.1/stm32cubeide/plugins/com.st.stm32cube.ide.mcu.externaltools.gnu-tools-for-stm32.9-2020-q2-update.win32_2.0.0.202105311346/tools/bin/../lib/gcc/arm-none-eabi/9.3.1/../../../../arm-none-eabi/lib/thumb/v7e-m+fp/hard\libm.a(lib_a-s_rint.o)
 .ARM.attributes
                0x00000000000007d6       0x34 c:/st/stm32cubeide_1.6.1/stm32cubeide/plugins/com.st.stm32cube.ide.mcu.externaltools.gnu-tools-for-stm32.9-2020-q2-update.win32_2.0.0.202105311346/tools/bin/../lib/gcc/arm-none-eabi/9.3.1/../../../../arm-none-eabi/lib/thumb/v7e-m+fp/hard\libm.a(lib_a-s_scalbn.o)
 .ARM.attributes
                0x000000000000080a       0x1e c:/st/stm32cubeide_1.6.1/stm32cubeide/plugins/com.st.stm32cube.ide.mcu.externaltools.gnu-tools-for-stm32.9-2020-q2-update.win32_2.0.0.202105311346/tools/bin/../lib/gcc/arm-none-eabi/9.3.1/thumb/v7e-m+fp/hard\libgcc.a(_arm_addsubdf3.o)
 .ARM.attributes
                0x0000000000000828       0x1e c:/st/stm32cubeide_1.6.1/stm32cubeide/plugins/com.st.stm32cube.ide.mcu.externaltools.gnu-tools-for-stm32.9-2020-q2-update.win32_2.0.0.202105311346/tools/bin/../lib/gcc/arm-none-eabi/9.3.1/thumb/v7e-m+fp/hard\libgcc.a(_arm_muldivdf3.o)
 .ARM.attributes
                0x0000000000000846       0x1e c:/st/stm32cubeide_1.6.1/stm32cubeide/plugins/com.st.stm32cube.ide.mcu.externaltools.gnu-tools-for-stm32.9-2020-q2-update.win32_2.0.0.202105311346/tools/bin/../lib/gcc/arm-none-eabi/9.3.1/thumb/v7e-m+fp/hard\libgcc.a(_arm_cmpdf2.o)
 .ARM.attributes
                0x0000000000000864       0x1e c:/st/stm32cubeide_1.6.1/stm32cubeide/plugins/com.st.stm32cube.ide.mcu.externaltools.gnu-tools-for-stm32.9-2020-q2-update.win32_2.0.0.202105311346/tools/bin/../lib/gcc/arm-none-eabi/9.3.1/thumb/v7e-m+fp/hard\libgcc.a(_arm_unorddf2.o)
 .ARM.attributes
                0x0000000000000882       0x1e c:/st/stm32cubeide_1.6.1/stm32cubeide/plugins/com.st.stm32cube.ide.mcu.externaltools.gnu-tools-for-stm32.9-2020-q2-update.win32_2.0.0.202105311346/tools/bin/../lib/gcc/arm-none-eabi/9.3.1/thumb/v7e-m+fp/hard\libgcc.a(_arm_fixdfsi.o)
 .ARM.attributes
                0x00000000000008a0       0x1e c:/st/stm32cubeide_1.6.1/stm32cubeide/plugins/com.st.stm32cube.ide.mcu.externaltools.gnu-tools-for-stm32.9-2020-q2-update.win32_2.0.0.202105311346/tools/bin/../lib/gcc/arm-none-eabi/9.3.1/thumb/v7e-m+fp/hard\libgcc.a(_arm_fixunsdfsi.o)
 .ARM.attributes
                0x00000000000008be       0x1e c:/st/stm32cubeide_1.6.1/stm32cubeide/plugins/com.st.stm32cube.ide.mcu.externaltools.gnu-tools-for-stm32.9-2020-q2-update.win32_2.0.0.202105311346/tools/bin/../lib/gcc/arm-none-eabi/9.3.1/thumb/v7e-m+fp/hard\libgcc.a(_arm_truncdfsf2.o)
 .ARM.attributes
                0x00000000000008dc       0x1e c:/st/stm32cubeide_1.6.1/stm32cubeide/plugins/com.st.stm32cube.ide.mcu.externaltools.gnu-tools-for-stm32.9-2020-q2-update.win32_2.0.0.202105311346/tools/bin/../lib/gcc/arm-none-eabi/9.3.1/thumb/v7e-m+fp/hard\libgcc.a(_aeabi_uldivmod.o)
 .ARM.attributes
                0x00000000000008fa       0x34 c:/st/stm32cubeide_1.6.1/stm32cubeide/plugins/com.st.stm32cube.ide.mcu.externaltools.gnu-tools-for-stm32.9-2020-q2-update.win32_2.0.0.202105311346/tools/bin/../lib/gcc/arm-none-eabi/9.3.1/thumb/v7e-m+fp/hard\libgcc.a(_udivmoddi4.o)
 .ARM.attributes
                0x000000000000092e       0x1e c:/st/stm32cubeide_1.6.1/stm32cubeide/plugins/com.st.stm32cube.ide.mcu.externaltools.gnu-tools-for-stm32.9-2020-q2-update.win32_2.0.0.202105311346/tools/bin/../lib/gcc/arm-none-eabi/9.3.1/thumb/v7e-m+fp/hard\libgcc.a(_dvmd_tls.o)
 .ARM.attributes
                0x000000000000094c       0x1e c:/st/stm32cubeide_1.6.1/stm32cubeide/plugins/com.st.stm32cube.ide.mcu.externaltools.gnu-tools-for-stm32.9-2020-q2-update.win32_2.0.0.202105311346/tools/bin/../lib/gcc/arm-none-eabi/9.3.1/thumb/v7e-m+fp/hard/crtn.o
OUTPUT(mcp41_ver1.elf elf32-littlearm)
LOAD linker stubs
LOAD c:/st/stm32cubeide_1.6.1/stm32cubeide/plugins/com.st.stm32cube.ide.mcu.externaltools.gnu-tools-for-stm32.9-2020-q2-update.win32_2.0.0.202105311346/tools/bin/../lib/gcc/arm-none-eabi/9.3.1/../../../../arm-none-eabi/lib/thumb/v7e-m+fp/hard\libc.a
LOAD c:/st/stm32cubeide_1.6.1/stm32cubeide/plugins/com.st.stm32cube.ide.mcu.externaltools.gnu-tools-for-stm32.9-2020-q2-update.win32_2.0.0.202105311346/tools/bin/../lib/gcc/arm-none-eabi/9.3.1/../../../../arm-none-eabi/lib/thumb/v7e-m+fp/hard\libm.a
LOAD c:/st/stm32cubeide_1.6.1/stm32cubeide/plugins/com.st.stm32cube.ide.mcu.externaltools.gnu-tools-for-stm32.9-2020-q2-update.win32_2.0.0.202105311346/tools/bin/../lib/gcc/arm-none-eabi/9.3.1/thumb/v7e-m+fp/hard\libgcc.a

.debug_info     0x0000000000000000    0x18ffa
 .debug_info    0x0000000000000000     0x2152 ./Core/Src/main.o
 .debug_info    0x0000000000002152     0x16b4 ./Core/Src/stm32f4xx_hal_msp.o
 .debug_info    0x0000000000003806      0xab2 ./Core/Src/stm32f4xx_it.o
 .debug_info    0x00000000000042b8      0x5dc ./Core/Src/system_stm32f4xx.o
 .debug_info    0x0000000000004894       0x22 ./Core/Startup/startup_stm32f446retx.o
 .debug_info    0x00000000000048b6      0xa08 ./Drivers/STM32F4xx_HAL_Driver/Src/stm32f4xx_hal.o
 .debug_info    0x00000000000052be      0xdbc ./Drivers/STM32F4xx_HAL_Driver/Src/stm32f4xx_hal_adc.o
 .debug_info    0x000000000000607a      0xef5 ./Drivers/STM32F4xx_HAL_Driver/Src/stm32f4xx_hal_cortex.o
 .debug_info    0x0000000000006f6f      0x9f1 ./Drivers/STM32F4xx_HAL_Driver/Src/stm32f4xx_hal_dma.o
 .debug_info    0x0000000000007960      0x892 ./Drivers/STM32F4xx_HAL_Driver/Src/stm32f4xx_hal_gpio.o
 .debug_info    0x00000000000081f2      0x9db ./Drivers/STM32F4xx_HAL_Driver/Src/stm32f4xx_hal_rcc.o
 .debug_info    0x0000000000008bcd      0xa86 ./Drivers/STM32F4xx_HAL_Driver/Src/stm32f4xx_hal_rcc_ex.o
 .debug_info    0x0000000000009653     0x17c0 ./Drivers/STM32F4xx_HAL_Driver/Src/stm32f4xx_hal_spi.o
 .debug_info    0x000000000000ae13     0x2c22 ./Drivers/STM32F4xx_HAL_Driver/Src/stm32f4xx_hal_tim.o
 .debug_info    0x000000000000da35     0x15a2 ./Drivers/STM32F4xx_HAL_Driver/Src/stm32f4xx_hal_tim_ex.o
 .debug_info    0x000000000000efd7     0x31de ./Drivers/STM32F4xx_HAL_Driver/Src/stm32f4xx_hal_uart.o
 .debug_info    0x00000000000121b5     0x11d3 ./Mcp41010/src/adc.o
 .debug_info    0x0000000000013388     0x15b5 ./Mcp41010/src/mcp41010.o
 .debug_info    0x000000000001493d     0x143b ./Mcp41010/src/mcp_event_timer.o
 .debug_info    0x0000000000015d78      0xb24 ./Mcp41010/src/mcp_function.o
 .debug_info    0x000000000001689c     0x12bf ./Mcp41010/src/mcphandledata.o
 .debug_info    0x0000000000017b5b     0x149f ./Mcp41010/src/uart_mcp.o

.debug_abbrev   0x0000000000000000     0x30df
 .debug_abbrev  0x0000000000000000      0x300 ./Core/Src/main.o
 .debug_abbrev  0x0000000000000300      0x206 ./Core/Src/stm32f4xx_hal_msp.o
 .debug_abbrev  0x0000000000000506      0x176 ./Core/Src/stm32f4xx_it.o
 .debug_abbrev  0x000000000000067c      0x145 ./Core/Src/system_stm32f4xx.o
 .debug_abbrev  0x00000000000007c1       0x12 ./Core/Startup/startup_stm32f446retx.o
 .debug_abbrev  0x00000000000007d3      0x1ed ./Drivers/STM32F4xx_HAL_Driver/Src/stm32f4xx_hal.o
 .debug_abbrev  0x00000000000009c0      0x22f ./Drivers/STM32F4xx_HAL_Driver/Src/stm32f4xx_hal_adc.o
 .debug_abbrev  0x0000000000000bef      0x33c ./Drivers/STM32F4xx_HAL_Driver/Src/stm32f4xx_hal_cortex.o
 .debug_abbrev  0x0000000000000f2b      0x259 ./Drivers/STM32F4xx_HAL_Driver/Src/stm32f4xx_hal_dma.o
 .debug_abbrev  0x0000000000001184      0x1f1 ./Drivers/STM32F4xx_HAL_Driver/Src/stm32f4xx_hal_gpio.o
 .debug_abbrev  0x0000000000001375      0x275 ./Drivers/STM32F4xx_HAL_Driver/Src/stm32f4xx_hal_rcc.o
 .debug_abbrev  0x00000000000015ea      0x1e2 ./Drivers/STM32F4xx_HAL_Driver/Src/stm32f4xx_hal_rcc_ex.o
 .debug_abbrev  0x00000000000017cc      0x26e ./Drivers/STM32F4xx_HAL_Driver/Src/stm32f4xx_hal_spi.o
 .debug_abbrev  0x0000000000001a3a      0x25e ./Drivers/STM32F4xx_HAL_Driver/Src/stm32f4xx_hal_tim.o
 .debug_abbrev  0x0000000000001c98      0x266 ./Drivers/STM32F4xx_HAL_Driver/Src/stm32f4xx_hal_tim_ex.o
 .debug_abbrev  0x0000000000001efe      0x2eb ./Drivers/STM32F4xx_HAL_Driver/Src/stm32f4xx_hal_uart.o
 .debug_abbrev  0x00000000000021e9      0x275 ./Mcp41010/src/adc.o
 .debug_abbrev  0x000000000000245e      0x237 ./Mcp41010/src/mcp41010.o
 .debug_abbrev  0x0000000000002695      0x295 ./Mcp41010/src/mcp_event_timer.o
 .debug_abbrev  0x000000000000292a      0x1fd ./Mcp41010/src/mcp_function.o
 .debug_abbrev  0x0000000000002b27      0x2f3 ./Mcp41010/src/mcphandledata.o
 .debug_abbrev  0x0000000000002e1a      0x2c5 ./Mcp41010/src/uart_mcp.o

.debug_aranges  0x0000000000000000     0x1170
 .debug_aranges
                0x0000000000000000       0x68 ./Core/Src/main.o
 .debug_aranges
                0x0000000000000068       0x60 ./Core/Src/stm32f4xx_hal_msp.o
 .debug_aranges
                0x00000000000000c8       0x80 ./Core/Src/stm32f4xx_it.o
 .debug_aranges
                0x0000000000000148       0x28 ./Core/Src/system_stm32f4xx.o
 .debug_aranges
                0x0000000000000170       0x28 ./Core/Startup/startup_stm32f446retx.o
 .debug_aranges
                0x0000000000000198       0xf0 ./Drivers/STM32F4xx_HAL_Driver/Src/stm32f4xx_hal.o
 .debug_aranges
                0x0000000000000288       0xe8 ./Drivers/STM32F4xx_HAL_Driver/Src/stm32f4xx_hal_adc.o
 .debug_aranges
                0x0000000000000370      0x118 ./Drivers/STM32F4xx_HAL_Driver/Src/stm32f4xx_hal_cortex.o
 .debug_aranges
                0x0000000000000488       0x90 ./Drivers/STM32F4xx_HAL_Driver/Src/stm32f4xx_hal_dma.o
 .debug_aranges
                0x0000000000000518       0x58 ./Drivers/STM32F4xx_HAL_Driver/Src/stm32f4xx_hal_gpio.o
 .debug_aranges
                0x0000000000000570       0x88 ./Drivers/STM32F4xx_HAL_Driver/Src/stm32f4xx_hal_rcc.o
 .debug_aranges
                0x00000000000005f8       0x78 ./Drivers/STM32F4xx_HAL_Driver/Src/stm32f4xx_hal_rcc_ex.o
 .debug_aranges
                0x0000000000000670      0x1d0 ./Drivers/STM32F4xx_HAL_Driver/Src/stm32f4xx_hal_spi.o
 .debug_aranges
                0x0000000000000840      0x3d0 ./Drivers/STM32F4xx_HAL_Driver/Src/stm32f4xx_hal_tim.o
 .debug_aranges
                0x0000000000000c10      0x168 ./Drivers/STM32F4xx_HAL_Driver/Src/stm32f4xx_hal_tim_ex.o
 .debug_aranges
                0x0000000000000d78      0x200 ./Drivers/STM32F4xx_HAL_Driver/Src/stm32f4xx_hal_uart.o
 .debug_aranges
                0x0000000000000f78       0x50 ./Mcp41010/src/adc.o
 .debug_aranges
                0x0000000000000fc8       0x40 ./Mcp41010/src/mcp41010.o
 .debug_aranges
                0x0000000000001008       0x60 ./Mcp41010/src/mcp_event_timer.o
 .debug_aranges
                0x0000000000001068       0x38 ./Mcp41010/src/mcp_function.o
 .debug_aranges
                0x00000000000010a0       0x80 ./Mcp41010/src/mcphandledata.o
 .debug_aranges
                0x0000000000001120       0x50 ./Mcp41010/src/uart_mcp.o

.debug_ranges   0x0000000000000000     0x1048
 .debug_ranges  0x0000000000000000       0x58 ./Core/Src/main.o
 .debug_ranges  0x0000000000000058       0x50 ./Core/Src/stm32f4xx_hal_msp.o
 .debug_ranges  0x00000000000000a8       0x70 ./Core/Src/stm32f4xx_it.o
 .debug_ranges  0x0000000000000118       0x18 ./Core/Src/system_stm32f4xx.o
 .debug_ranges  0x0000000000000130       0x20 ./Core/Startup/startup_stm32f446retx.o
 .debug_ranges  0x0000000000000150       0xe0 ./Drivers/STM32F4xx_HAL_Driver/Src/stm32f4xx_hal.o
 .debug_ranges  0x0000000000000230       0xd8 ./Drivers/STM32F4xx_HAL_Driver/Src/stm32f4xx_hal_adc.o
 .debug_ranges  0x0000000000000308      0x108 ./Drivers/STM32F4xx_HAL_Driver/Src/stm32f4xx_hal_cortex.o
 .debug_ranges  0x0000000000000410       0x80 ./Drivers/STM32F4xx_HAL_Driver/Src/stm32f4xx_hal_dma.o
 .debug_ranges  0x0000000000000490       0x48 ./Drivers/STM32F4xx_HAL_Driver/Src/stm32f4xx_hal_gpio.o
 .debug_ranges  0x00000000000004d8       0x78 ./Drivers/STM32F4xx_HAL_Driver/Src/stm32f4xx_hal_rcc.o
 .debug_ranges  0x0000000000000550       0x68 ./Drivers/STM32F4xx_HAL_Driver/Src/stm32f4xx_hal_rcc_ex.o
 .debug_ranges  0x00000000000005b8      0x1c0 ./Drivers/STM32F4xx_HAL_Driver/Src/stm32f4xx_hal_spi.o
 .debug_ranges  0x0000000000000778      0x3c0 ./Drivers/STM32F4xx_HAL_Driver/Src/stm32f4xx_hal_tim.o
 .debug_ranges  0x0000000000000b38      0x158 ./Drivers/STM32F4xx_HAL_Driver/Src/stm32f4xx_hal_tim_ex.o
 .debug_ranges  0x0000000000000c90      0x220 ./Drivers/STM32F4xx_HAL_Driver/Src/stm32f4xx_hal_uart.o
 .debug_ranges  0x0000000000000eb0       0x40 ./Mcp41010/src/adc.o
 .debug_ranges  0x0000000000000ef0       0x30 ./Mcp41010/src/mcp41010.o
 .debug_ranges  0x0000000000000f20       0x50 ./Mcp41010/src/mcp_event_timer.o
 .debug_ranges  0x0000000000000f70       0x28 ./Mcp41010/src/mcp_function.o
 .debug_ranges  0x0000000000000f98       0x70 ./Mcp41010/src/mcphandledata.o
 .debug_ranges  0x0000000000001008       0x40 ./Mcp41010/src/uart_mcp.o

.debug_macro    0x0000000000000000    0x247a2
 .debug_macro   0x0000000000000000      0x308 ./Core/Src/main.o
 .debug_macro   0x0000000000000308      0xaa8 ./Core/Src/main.o
 .debug_macro   0x0000000000000db0      0x2a7 ./Core/Src/main.o
 .debug_macro   0x0000000000001057       0x2e ./Core/Src/main.o
 .debug_macro   0x0000000000001085       0x28 ./Core/Src/main.o
 .debug_macro   0x00000000000010ad       0x22 ./Core/Src/main.o
 .debug_macro   0x00000000000010cf       0x8e ./Core/Src/main.o
 .debug_macro   0x000000000000115d       0x51 ./Core/Src/main.o
 .debug_macro   0x00000000000011ae      0x103 ./Core/Src/main.o
 .debug_macro   0x00000000000012b1       0x6a ./Core/Src/main.o
 .debug_macro   0x000000000000131b      0x1df ./Core/Src/main.o
 .debug_macro   0x00000000000014fa       0x1c ./Core/Src/main.o
 .debug_macro   0x0000000000001516       0x22 ./Core/Src/main.o
 .debug_macro   0x0000000000001538       0xdf ./Core/Src/main.o
 .debug_macro   0x0000000000001617     0x102d ./Core/Src/main.o
 .debug_macro   0x0000000000002644      0x11f ./Core/Src/main.o
 .debug_macro   0x0000000000002763    0x16749 ./Core/Src/main.o
 .debug_macro   0x0000000000018eac       0x6d ./Core/Src/main.o
 .debug_macro   0x0000000000018f19     0x3666 ./Core/Src/main.o
 .debug_macro   0x000000000001c57f      0x174 ./Core/Src/main.o
 .debug_macro   0x000000000001c6f3       0x5c ./Core/Src/main.o
 .debug_macro   0x000000000001c74f      0xc90 ./Core/Src/main.o
 .debug_macro   0x000000000001d3df      0x9fe ./Core/Src/main.o
 .debug_macro   0x000000000001dddd      0x116 ./Core/Src/main.o
 .debug_macro   0x000000000001def3      0x1a0 ./Core/Src/main.o
 .debug_macro   0x000000000001e093       0xa5 ./Core/Src/main.o
 .debug_macro   0x000000000001e138      0x16d ./Core/Src/main.o
 .debug_macro   0x000000000001e2a5      0x287 ./Core/Src/main.o
 .debug_macro   0x000000000001e52c       0x5f ./Core/Src/main.o
 .debug_macro   0x000000000001e58b      0x236 ./Core/Src/main.o
 .debug_macro   0x000000000001e7c1      0xb5b ./Core/Src/main.o
 .debug_macro   0x000000000001f31c      0x38b ./Core/Src/main.o
 .debug_macro   0x000000000001f6a7      0x17d ./Core/Src/main.o
 .debug_macro   0x000000000001f824       0xf9 ./Core/Src/main.o
 .debug_macro   0x000000000001f91d      0x132 ./Core/Src/main.o
 .debug_macro   0x000000000001fa4f      0x29c ./Core/Src/main.o
 .debug_macro   0x000000000001fceb       0x2e ./Core/Src/main.o
 .debug_macro   0x000000000001fd19      0x11a ./Core/Src/main.o
 .debug_macro   0x000000000001fe33       0xe8 ./Core/Src/main.o
 .debug_macro   0x000000000001ff1b       0x89 ./Core/Src/main.o
 .debug_macro   0x000000000001ffa4      0x225 ./Core/Src/main.o
 .debug_macro   0x00000000000201c9      0x8d1 ./Core/Src/main.o
 .debug_macro   0x0000000000020a9a       0x4d ./Core/Src/main.o
 .debug_macro   0x0000000000020ae7      0x295 ./Core/Src/main.o
 .debug_macro   0x0000000000020d7c      0x126 ./Core/Src/main.o
 .debug_macro   0x0000000000020ea2       0x70 ./Core/Src/main.o
 .debug_macro   0x0000000000020f12       0x52 ./Core/Src/main.o
 .debug_macro   0x0000000000020f64       0x18 ./Core/Src/main.o
 .debug_macro   0x0000000000020f7c       0x3c ./Core/Src/main.o
 .debug_macro   0x0000000000020fb8       0x34 ./Core/Src/main.o
 .debug_macro   0x0000000000020fec       0x16 ./Core/Src/main.o
 .debug_macro   0x0000000000021002       0x43 ./Core/Src/main.o
 .debug_macro   0x0000000000021045       0x34 ./Core/Src/main.o
 .debug_macro   0x0000000000021079       0x10 ./Core/Src/main.o
 .debug_macro   0x0000000000021089       0x58 ./Core/Src/main.o
 .debug_macro   0x00000000000210e1       0x71 ./Core/Src/main.o
 .debug_macro   0x0000000000021152       0x1c ./Core/Src/main.o
 .debug_macro   0x000000000002116e      0x12a ./Core/Src/main.o
 .debug_macro   0x0000000000021298      0x333 ./Core/Src/main.o
 .debug_macro   0x00000000000215cb       0x10 ./Core/Src/main.o
 .debug_macro   0x00000000000215db       0x35 ./Core/Src/main.o
 .debug_macro   0x0000000000021610       0x20 ./Core/Src/main.o
 .debug_macro   0x0000000000021630       0x7c ./Core/Src/main.o
 .debug_macro   0x00000000000216ac      0x1a9 ./Core/Src/main.o
 .debug_macro   0x0000000000021855       0x7c ./Core/Src/main.o
 .debug_macro   0x00000000000218d1      0x20f ./Core/Src/stm32f4xx_hal_msp.o
 .debug_macro   0x0000000000021ae0      0x222 ./Core/Src/stm32f4xx_it.o
 .debug_macro   0x0000000000021d02       0x10 ./Core/Src/stm32f4xx_it.o
 .debug_macro   0x0000000000021d12      0x200 ./Core/Src/system_stm32f4xx.o
 .debug_macro   0x0000000000021f12      0x260 ./Drivers/STM32F4xx_HAL_Driver/Src/stm32f4xx_hal.o
 .debug_macro   0x0000000000022172      0x201 ./Drivers/STM32F4xx_HAL_Driver/Src/stm32f4xx_hal_adc.o
 .debug_macro   0x0000000000022373      0x200 ./Drivers/STM32F4xx_HAL_Driver/Src/stm32f4xx_hal_cortex.o
 .debug_macro   0x0000000000022573      0x206 ./Drivers/STM32F4xx_HAL_Driver/Src/stm32f4xx_hal_dma.o
 .debug_macro   0x0000000000022779      0x206 ./Drivers/STM32F4xx_HAL_Driver/Src/stm32f4xx_hal_gpio.o
 .debug_macro   0x000000000002297f      0x224 ./Drivers/STM32F4xx_HAL_Driver/Src/stm32f4xx_hal_rcc.o
 .debug_macro   0x0000000000022ba3      0x200 ./Drivers/STM32F4xx_HAL_Driver/Src/stm32f4xx_hal_rcc_ex.o
 .debug_macro   0x0000000000022da3      0x20f ./Drivers/STM32F4xx_HAL_Driver/Src/stm32f4xx_hal_spi.o
 .debug_macro   0x0000000000022fb2      0x201 ./Drivers/STM32F4xx_HAL_Driver/Src/stm32f4xx_hal_tim.o
 .debug_macro   0x00000000000231b3      0x200 ./Drivers/STM32F4xx_HAL_Driver/Src/stm32f4xx_hal_tim_ex.o
 .debug_macro   0x00000000000233b3      0x201 ./Drivers/STM32F4xx_HAL_Driver/Src/stm32f4xx_hal_uart.o
 .debug_macro   0x00000000000235b4      0x2f7 ./Mcp41010/src/adc.o
 .debug_macro   0x00000000000238ab      0x30b ./Mcp41010/src/mcp41010.o
 .debug_macro   0x0000000000023bb6       0x16 ./Mcp41010/src/mcp41010.o
 .debug_macro   0x0000000000023bcc      0x30b ./Mcp41010/src/mcp_event_timer.o
 .debug_macro   0x0000000000023ed7      0x2c3 ./Mcp41010/src/mcp_function.o
 .debug_macro   0x000000000002419a      0x2c3 ./Mcp41010/src/mcphandledata.o
 .debug_macro   0x000000000002445d      0x345 ./Mcp41010/src/uart_mcp.o

.debug_line     0x0000000000000000    0x16261
 .debug_line    0x0000000000000000      0xb6e ./Core/Src/main.o
 .debug_line    0x0000000000000b6e      0x8a1 ./Core/Src/stm32f4xx_hal_msp.o
 .debug_line    0x000000000000140f      0x8d5 ./Core/Src/stm32f4xx_it.o
 .debug_line    0x0000000000001ce4      0x7a6 ./Core/Src/system_stm32f4xx.o
 .debug_line    0x000000000000248a       0x88 ./Core/Startup/startup_stm32f446retx.o
 .debug_line    0x0000000000002512      0xa0c ./Drivers/STM32F4xx_HAL_Driver/Src/stm32f4xx_hal.o
 .debug_line    0x0000000000002f1e     0x129c ./Drivers/STM32F4xx_HAL_Driver/Src/stm32f4xx_hal_adc.o
 .debug_line    0x00000000000041ba      0xcbb ./Drivers/STM32F4xx_HAL_Driver/Src/stm32f4xx_hal_cortex.o
 .debug_line    0x0000000000004e75      0xf71 ./Drivers/STM32F4xx_HAL_Driver/Src/stm32f4xx_hal_dma.o
 .debug_line    0x0000000000005de6      0xb6e ./Drivers/STM32F4xx_HAL_Driver/Src/stm32f4xx_hal_gpio.o
 .debug_line    0x0000000000006954      0xd94 ./Drivers/STM32F4xx_HAL_Driver/Src/stm32f4xx_hal_rcc.o
 .debug_line    0x00000000000076e8     0x141a ./Drivers/STM32F4xx_HAL_Driver/Src/stm32f4xx_hal_rcc_ex.o
 .debug_line    0x0000000000008b02     0x1c94 ./Drivers/STM32F4xx_HAL_Driver/Src/stm32f4xx_hal_spi.o
 .debug_line    0x000000000000a796     0x3700 ./Drivers/STM32F4xx_HAL_Driver/Src/stm32f4xx_hal_tim.o
 .debug_line    0x000000000000de96     0x1a09 ./Drivers/STM32F4xx_HAL_Driver/Src/stm32f4xx_hal_tim_ex.o
 .debug_line    0x000000000000f89f     0x2a93 ./Drivers/STM32F4xx_HAL_Driver/Src/stm32f4xx_hal_uart.o
 .debug_line    0x0000000000012332      0x9f7 ./Mcp41010/src/adc.o
 .debug_line    0x0000000000012d29      0xa7b ./Mcp41010/src/mcp41010.o
 .debug_line    0x00000000000137a4      0xa80 ./Mcp41010/src/mcp_event_timer.o
 .debug_line    0x0000000000014224      0x93e ./Mcp41010/src/mcp_function.o
 .debug_line    0x0000000000014b62      0xa8b ./Mcp41010/src/mcphandledata.o
 .debug_line    0x00000000000155ed      0xc74 ./Mcp41010/src/uart_mcp.o

.debug_str      0x0000000000000000    0xdf723
 .debug_str     0x0000000000000000    0xdb7ad ./Core/Src/main.o
                                      0xdbc7c (size before relaxing)
 .debug_str     0x00000000000db7ad       0xda ./Core/Src/stm32f4xx_hal_msp.o
                                      0xd7dd0 (size before relaxing)
 .debug_str     0x00000000000db887      0x123 ./Core/Src/stm32f4xx_it.o
                                      0xd7437 (size before relaxing)
 .debug_str     0x00000000000db9aa       0xaf ./Core/Src/system_stm32f4xx.o
                                      0xd6c30 (size before relaxing)
 .debug_str     0x00000000000dba59       0x36 ./Core/Startup/startup_stm32f446retx.o
                                         0xb3 (size before relaxing)
 .debug_str     0x00000000000dba8f      0x583 ./Drivers/STM32F4xx_HAL_Driver/Src/stm32f4xx_hal.o
                                      0xd7753 (size before relaxing)
 .debug_str     0x00000000000dc012      0x295 ./Drivers/STM32F4xx_HAL_Driver/Src/stm32f4xx_hal_adc.o
                                      0xd71b7 (size before relaxing)
 .debug_str     0x00000000000dc2a7      0x392 ./Drivers/STM32F4xx_HAL_Driver/Src/stm32f4xx_hal_cortex.o
                                      0xd751d (size before relaxing)
 .debug_str     0x00000000000dc639      0x315 ./Drivers/STM32F4xx_HAL_Driver/Src/stm32f4xx_hal_dma.o
                                      0xd7035 (size before relaxing)
 .debug_str     0x00000000000dc94e      0x15f ./Drivers/STM32F4xx_HAL_Driver/Src/stm32f4xx_hal_gpio.o
                                      0xd6dd7 (size before relaxing)
 .debug_str     0x00000000000dcaad      0x259 ./Drivers/STM32F4xx_HAL_Driver/Src/stm32f4xx_hal_rcc.o
                                      0xd7037 (size before relaxing)
 .debug_str     0x00000000000dcd06      0x324 ./Drivers/STM32F4xx_HAL_Driver/Src/stm32f4xx_hal_rcc_ex.o
                                      0xd7094 (size before relaxing)
 .debug_str     0x00000000000dd02a      0x56f ./Drivers/STM32F4xx_HAL_Driver/Src/stm32f4xx_hal_spi.o
                                      0xd74af (size before relaxing)
 .debug_str     0x00000000000dd599      0xe1c ./Drivers/STM32F4xx_HAL_Driver/Src/stm32f4xx_hal_tim.o
                                      0xd7f3a (size before relaxing)
 .debug_str     0x00000000000de3b5      0x4ee ./Drivers/STM32F4xx_HAL_Driver/Src/stm32f4xx_hal_tim_ex.o
                                      0xd76eb (size before relaxing)
 .debug_str     0x00000000000de8a3      0x5f5 ./Drivers/STM32F4xx_HAL_Driver/Src/stm32f4xx_hal_uart.o
                                      0xd7593 (size before relaxing)
 .debug_str     0x00000000000dee98      0x1f2 ./Mcp41010/src/adc.o
                                      0xdac5c (size before relaxing)
 .debug_str     0x00000000000df08a      0x27e ./Mcp41010/src/mcp41010.o
                                      0xdb682 (size before relaxing)
 .debug_str     0x00000000000df308       0xff ./Mcp41010/src/mcp_event_timer.o
                                      0xdb26a (size before relaxing)
 .debug_str     0x00000000000df407       0x6b ./Mcp41010/src/mcp_function.o
                                      0xda845 (size before relaxing)
 .debug_str     0x00000000000df472      0x16e ./Mcp41010/src/mcphandledata.o
                                      0xdad53 (size before relaxing)
 .debug_str     0x00000000000df5e0      0x143 ./Mcp41010/src/uart_mcp.o
                                      0xdb2fb (size before relaxing)

.comment        0x0000000000000000       0x53
 .comment       0x0000000000000000       0x53 ./Core/Src/main.o
                                         0x54 (size before relaxing)
 .comment       0x0000000000000053       0x54 ./Core/Src/stm32f4xx_hal_msp.o
 .comment       0x0000000000000053       0x54 ./Core/Src/stm32f4xx_it.o
 .comment       0x0000000000000053       0x54 ./Core/Src/system_stm32f4xx.o
 .comment       0x0000000000000053       0x54 ./Drivers/STM32F4xx_HAL_Driver/Src/stm32f4xx_hal.o
 .comment       0x0000000000000053       0x54 ./Drivers/STM32F4xx_HAL_Driver/Src/stm32f4xx_hal_adc.o
 .comment       0x0000000000000053       0x54 ./Drivers/STM32F4xx_HAL_Driver/Src/stm32f4xx_hal_cortex.o
 .comment       0x0000000000000053       0x54 ./Drivers/STM32F4xx_HAL_Driver/Src/stm32f4xx_hal_dma.o
 .comment       0x0000000000000053       0x54 ./Drivers/STM32F4xx_HAL_Driver/Src/stm32f4xx_hal_gpio.o
 .comment       0x0000000000000053       0x54 ./Drivers/STM32F4xx_HAL_Driver/Src/stm32f4xx_hal_rcc.o
 .comment       0x0000000000000053       0x54 ./Drivers/STM32F4xx_HAL_Driver/Src/stm32f4xx_hal_rcc_ex.o
 .comment       0x0000000000000053       0x54 ./Drivers/STM32F4xx_HAL_Driver/Src/stm32f4xx_hal_spi.o