Archive member included to satisfy reference by file (symbol)

c:/st/stm32cubeide_1.6.1/stm32cubeide/plugins/com.st.stm32cube.ide.mcu.externaltools.gnu-tools-for-stm32.9-2020-q2-update.win32_2.0.0.202105311346/tools/bin/../lib/gcc/arm-none-eabi/9.3.1/../../../../arm-none-eabi/lib/thumb/v7e-m+fp/hard\libc_nano.a(lib_a-assert.o)
                              ./modbus/functions/mbutils.o (__assert_func)
c:/st/stm32cubeide_1.6.1/stm32cubeide/plugins/com.st.stm32cube.ide.mcu.externaltools.gnu-tools-for-stm32.9-2020-q2-update.win32_2.0.0.202105311346/tools/bin/../lib/gcc/arm-none-eabi/9.3.1/../../../../arm-none-eabi/lib/thumb/v7e-m+fp/hard\libc_nano.a(lib_a-errno.o)
                              ./Core/Src/syscalls.o (__errno)
c:/st/stm32cubeide_1.6.1/stm32cubeide/plugins/com.st.stm32cube.ide.mcu.externaltools.gnu-tools-for-stm32.9-2020-q2-update.win32_2.0.0.202105311346/tools/bin/../lib/gcc/arm-none-eabi/9.3.1/../../../../arm-none-eabi/lib/thumb/v7e-m+fp/hard\libc_nano.a(lib_a-exit.o)
                              c:/st/stm32cubeide_1.6.1/stm32cubeide/plugins/com.st.stm32cube.ide.mcu.externaltools.gnu-tools-for-stm32.9-2020-q2-update.win32_2.0.0.202105311346/tools/bin/../lib/gcc/arm-none-eabi/9.3.1/../../../../arm-none-eabi/lib/thumb/v7e-m+fp/hard/crt0.o (exit)
c:/st/stm32cubeide_1.6.1/stm32cubeide/plugins/com.st.stm32cube.ide.mcu.externaltools.gnu-tools-for-stm32.9-2020-q2-update.win32_2.0.0.202105311346/tools/bin/../lib/gcc/arm-none-eabi/9.3.1/../../../../arm-none-eabi/lib/thumb/v7e-m+fp/hard\libc_nano.a(lib_a-fprintf.o)
                              c:/st/stm32cubeide_1.6.1/stm32cubeide/plugins/com.st.stm32cube.ide.mcu.externaltools.gnu-tools-for-stm32.9-2020-q2-update.win32_2.0.0.202105311346/tools/bin/../lib/gcc/arm-none-eabi/9.3.1/../../../../arm-none-eabi/lib/thumb/v7e-m+fp/hard\libc_nano.a(lib_a-assert.o) (fiprintf)
c:/st/stm32cubeide_1.6.1/stm32cubeide/plugins/com.st.stm32cube.ide.mcu.externaltools.gnu-tools-for-stm32.9-2020-q2-update.win32_2.0.0.202105311346/tools/bin/../lib/gcc/arm-none-eabi/9.3.1/../../../../arm-none-eabi/lib/thumb/v7e-m+fp/hard\libc_nano.a(lib_a-impure.o)
                              c:/st/stm32cubeide_1.6.1/stm32cubeide/plugins/com.st.stm32cube.ide.mcu.externaltools.gnu-tools-for-stm32.9-2020-q2-update.win32_2.0.0.202105311346/tools/bin/../lib/gcc/arm-none-eabi/9.3.1/../../../../arm-none-eabi/lib/thumb/v7e-m+fp/hard\libc_nano.a(lib_a-exit.o) (_global_impure_ptr)
c:/st/stm32cubeide_1.6.1/stm32cubeide/plugins/com.st.stm32cube.ide.mcu.externaltools.gnu-tools-for-stm32.9-2020-q2-update.win32_2.0.0.202105311346/tools/bin/../lib/gcc/arm-none-eabi/9.3.1/../../../../arm-none-eabi/lib/thumb/v7e-m+fp/hard\libc_nano.a(lib_a-init.o)
                              c:/st/stm32cubeide_1.6.1/stm32cubeide/plugins/com.st.stm32cube.ide.mcu.externaltools.gnu-tools-for-stm32.9-2020-q2-update.win32_2.0.0.202105311346/tools/bin/../lib/gcc/arm-none-eabi/9.3.1/../../../../arm-none-eabi/lib/thumb/v7e-m+fp/hard/crt0.o (__libc_init_array)
c:/st/stm32cubeide_1.6.1/stm32cubeide/plugins/com.st.stm32cube.ide.mcu.externaltools.gnu-tools-for-stm32.9-2020-q2-update.win32_2.0.0.202105311346/tools/bin/../lib/gcc/arm-none-eabi/9.3.1/../../../../arm-none-eabi/lib/thumb/v7e-m+fp/hard\libc_nano.a(lib_a-memcpy-stub.o)
                              ./Middlewares/Third_Party/FreeRTOS/Source/CMSIS_RTOS_V2/cmsis_os2.o (memcpy)
c:/st/stm32cubeide_1.6.1/stm32cubeide/plugins/com.st.stm32cube.ide.mcu.externaltools.gnu-tools-for-stm32.9-2020-q2-update.win32_2.0.0.202105311346/tools/bin/../lib/gcc/arm-none-eabi/9.3.1/../../../../arm-none-eabi/lib/thumb/v7e-m+fp/hard\libc_nano.a(lib_a-memset.o)
                              c:/st/stm32cubeide_1.6.1/stm32cubeide/plugins/com.st.stm32cube.ide.mcu.externaltools.gnu-tools-for-stm32.9-2020-q2-update.win32_2.0.0.202105311346/tools/bin/../lib/gcc/arm-none-eabi/9.3.1/../../../../arm-none-eabi/lib/thumb/v7e-m+fp/hard/crt0.o (memset)
c:/st/stm32cubeide_1.6.1/stm32cubeide/plugins/com.st.stm32cube.ide.mcu.externaltools.gnu-tools-for-stm32.9-2020-q2-update.win32_2.0.0.202105311346/tools/bin/../lib/gcc/arm-none-eabi/9.3.1/../../../../arm-none-eabi/lib/thumb/v7e-m+fp/hard\libc_nano.a(lib_a-nano-vfprintf.o)
                              c:/st/stm32cubeide_1.6.1/stm32cubeide/plugins/com.st.stm32cube.ide.mcu.externaltools.gnu-tools-for-stm32.9-2020-q2-update.win32_2.0.0.202105311346/tools/bin/../lib/gcc/arm-none-eabi/9.3.1/../../../../arm-none-eabi/lib/thumb/v7e-m+fp/hard\libc_nano.a(lib_a-fprintf.o) (_vfprintf_r)
c:/st/stm32cubeide_1.6.1/stm32cubeide/plugins/com.st.stm32cube.ide.mcu.externaltools.gnu-tools-for-stm32.9-2020-q2-update.win32_2.0.0.202105311346/tools/bin/../lib/gcc/arm-none-eabi/9.3.1/../../../../arm-none-eabi/lib/thumb/v7e-m+fp/hard\libc_nano.a(lib_a-nano-vfprintf_i.o)
[...]
Memory Configuration

Name             Origin             Length             Attributes
RAM              0x0000000020000000 0x0000000000020000 xrw
FLASH            0x0000000008000000 0x0000000000080000 xr
*default*        0x0000000000000000 0xffffffffffffffff

Linker script and memory map

LOAD c:/st/stm32cubeide_1.6.1/stm32cubeide/plugins/com.st.stm32cube.ide.mcu.externaltools.gnu-tools-for-stm32.9-2020-q2-update.win32_2.0.0.202105311346/tools/bin/../lib/gcc/arm-none-eabi/9.3.1/thumb/v7e-m+fp/hard/crti.o
LOAD c:/st/stm32cubeide_1.6.1/stm32cubeide/plugins/com.st.stm32cube.ide.mcu.externaltools.gnu-tools-for-stm32.9-2020-q2-update.win32_2.0.0.202105311346/tools/bin/../lib/gcc/arm-none-eabi/9.3.1/thumb/v7e-m+fp/hard/crtbegin.o
LOAD c:/st/stm32cubeide_1.6.1/stm32cubeide/plugins/com.st.stm32cube.ide.mcu.externaltools.gnu-tools-for-stm32.9-2020-q2-update.win32_2.0.0.202105311346/tools/bin/../lib/gcc/arm-none-eabi/9.3.1/../../../../arm-none-eabi/lib/thumb/v7e-m+fp/hard/crt0.o
LOAD ./Core/Src/freertos.o
LOAD ./Core/Src/main.o
LOAD ./Core/Src/stm32f4xx_hal_msp.o
LOAD ./Core/Src/stm32f4xx_hal_timebase_tim.o
LOAD ./Core/Src/stm32f4xx_it.o
LOAD ./Core/Src/syscalls.o
LOAD ./Core/Src/sysmem.o
LOAD ./Core/Src/system_stm32f4xx.o
LOAD ./Core/Startup/startup_stm32f446retx.o
LOAD ./Drivers/STM32F4xx_HAL_Driver/Src/stm32f4xx_hal.o
LOAD ./Drivers/STM32F4xx_HAL_Driver/Src/stm32f4xx_hal_adc.o
LOAD ./Drivers/STM32F4xx_HAL_Driver/Src/stm32f4xx_hal_adc_ex.o
LOAD ./Drivers/STM32F4xx_HAL_Driver/Src/stm32f4xx_hal_cortex.o
LOAD ./Drivers/STM32F4xx_HAL_Driver/Src/stm32f4xx_hal_dma.o
LOAD ./Drivers/STM32F4xx_HAL_Driver/Src/stm32f4xx_hal_dma_ex.o
LOAD ./Drivers/STM32F4xx_HAL_Driver/Src/stm32f4xx_hal_exti.o
LOAD ./Drivers/STM32F4xx_HAL_Driver/Src/stm32f4xx_hal_flash.o
LOAD ./Drivers/STM32F4xx_HAL_Driver/Src/stm32f4xx_hal_flash_ex.o
LOAD ./Drivers/STM32F4xx_HAL_Driver/Src/stm32f4xx_hal_flash_ramfunc.o
LOAD ./Drivers/STM32F4xx_HAL_Driver/Src/stm32f4xx_hal_gpio.o
LOAD ./Drivers/STM32F4xx_HAL_Driver/Src/stm32f4xx_hal_pwr.o
LOAD ./Drivers/STM32F4xx_HAL_Driver/Src/stm32f4xx_hal_pwr_ex.o
LOAD ./Drivers/STM32F4xx_HAL_Driver/Src/stm32f4xx_hal_rcc.o
LOAD ./Drivers/STM32F4xx_HAL_Driver/Src/stm32f4xx_hal_rcc_ex.o
LOAD ./Drivers/STM32F4xx_HAL_Driver/Src/stm32f4xx_hal_spi.o
LOAD ./Drivers/STM32F4xx_HAL_Driver/Src/stm32f4xx_hal_tim.o
LOAD ./Drivers/STM32F4xx_HAL_Driver/Src/stm32f4xx_hal_tim_ex.o
LOAD ./Drivers/STM32F4xx_HAL_Driver/Src/stm32f4xx_hal_uart.o
LOAD ./Drivers/STM32F4xx_HAL_Driver/Src/stm32f4xx_ll_adc.o
LOAD ./Mcp41010_rs485/project_task.o
LOAD ./Mcp41010_rs485/src/adc.o
LOAD ./Mcp41010_rs485/src/cmd.o
LOAD ./Mcp41010_rs485/src/mcp41010.o
LOAD ./Mcp41010_rs485/src/mcp_event_timer.o
LOAD ./Mcp41010_rs485/src/mcp_function.o
LOAD ./Mcp41010_rs485/src/mcphandledata.o
LOAD ./Middlewares/Third_Party/FreeRTOS/Source/CMSIS_RTOS_V2/cmsis_os2.o
LOAD ./Middlewares/Third_Party/FreeRTOS/Source/croutine.o
LOAD ./Middlewares/Third_Party/FreeRTOS/Source/event_groups.o
LOAD ./Middlewares/Third_Party/FreeRTOS/Source/list.o
LOAD ./Middlewares/Third_Party/FreeRTOS/Source/queue.o
LOAD ./Middlewares/Third_Party/FreeRTOS/Source/stream_buffer.o
LOAD ./Middlewares/Third_Party/FreeRTOS/Source/tasks.o
LOAD ./Middlewares/Third_Party/FreeRTOS/Source/timers.o
LOAD ./Middlewares/Third_Party/FreeRTOS/Source/portable/GCC/ARM_CM4F/port.o
LOAD ./Middlewares/Third_Party/FreeRTOS/Source/portable/MemMang/heap_4.o
LOAD ./modbus/functions/mbfunccoils.o
LOAD ./modbus/functions/mbfuncdiag.o
LOAD ./modbus/functions/mbfuncdisc.o
LOAD ./modbus/functions/mbfuncholding.o
LOAD ./modbus/functions/mbfuncinput.o
LOAD ./modbus/functions/mbfuncother.o
LOAD ./modbus/functions/mbutils.o
LOAD ./modbus/mb.o
LOAD ./modbus/modbus_slave_task.o
LOAD ./modbus/port/e_port.o
LOAD ./modbus/port/portevent.o
LOAD ./modbus/port/portserial.o
LOAD ./modbus/port/porttimer.o
LOAD ./modbus/port/user_mb_app.o
LOAD ./modbus/rtu/mbcrc.o
LOAD ./modbus/rtu/mbrtu.o
LOAD ./modbus/tcp/mbtcp.o
START GROUP
LOAD c:/st/stm32cubeide_1.6.1/stm32cubeide/plugins/com.st.stm32cube.ide.mcu.externaltools.gnu-tools-for-stm32.9-2020-q2-update.win32_2.0.0.202105311346/tools/bin/../lib/gcc/arm-none-eabi/9.3.1/../../../../arm-none-eabi/lib/thumb/v7e-m+fp/hard\libc_nano.a
LOAD c:/st/stm32cubeide_1.6.1/stm32cubeide/plugins/com.st.stm32cube.ide.mcu.externaltools.gnu-tools-for-stm32.9-2020-q2-update.win32_2.0.0.202105311346/tools/bin/../lib/gcc/arm-none-eabi/9.3.1/../../../../arm-none-eabi/lib/thumb/v7e-m+fp/hard\libm.a
END GROUP
START GROUP
LOAD c:/st/stm32cubeide_1.6.1/stm32cubeide/plugins/com.st.stm32cube.ide.mcu.externaltools.gnu-tools-for-stm32.9-2020-q2-update.win32_2.0.0.202105311346/tools/bin/../lib/gcc/arm-none-eabi/9.3.1/thumb/v7e-m+fp/hard\libgcc.a
LOAD c:/st/stm32cubeide_1.6.1/stm32cubeide/plugins/com.st.stm32cube.ide.mcu.externaltools.gnu-tools-for-stm32.9-2020-q2-update.win32_2.0.0.202105311346/tools/bin/../lib/gcc/arm-none-eabi/9.3.1/../../../../arm-none-eabi/lib/thumb/v7e-m+fp/hard\libc_nano.a
END GROUP
START GROUP
LOAD c:/st/stm32cubeide_1.6.1/stm32cubeide/plugins/com.st.stm32cube.ide.mcu.externaltools.gnu-tools-for-stm32.9-2020-q2-update.win32_2.0.0.202105311346/tools/bin/../lib/gcc/arm-none-eabi/9.3.1/thumb/v7e-m+fp/hard\libgcc.a
LOAD c:/st/stm32cubeide_1.6.1/stm32cubeide/plugins/com.st.stm32cube.ide.mcu.externaltools.gnu-tools-for-stm32.9-2020-q2-update.win32_2.0.0.202105311346/tools/bin/../lib/gcc/arm-none-eabi/9.3.1/../../../../arm-none-eabi/lib/thumb/v7e-m+fp/hard\libc_nano.a
LOAD c:/st/stm32cubeide_1.6.1/stm32cubeide/plugins/com.st.stm32cube.ide.mcu.externaltools.gnu-tools-for-stm32.9-2020-q2-update.win32_2.0.0.202105311346/tools/bin/../lib/gcc/arm-none-eabi/9.3.1/../../../../arm-none-eabi/lib/thumb/v7e-m+fp/hard\libnosys.a
END GROUP
START GROUP
LOAD c:/st/stm32cubeide_1.6.1/stm32cubeide/plugins/com.st.stm32cube.ide.mcu.externaltools.gnu-tools-for-stm32.9-2020-q2-update.win32_2.0.0.202105311346/tools/bin/../lib/gcc/arm-none-eabi/9.3.1/thumb/v7e-m+fp/hard\libgcc.a
LOAD c:/st/stm32cubeide_1.6.1/stm32cubeide/plugins/com.st.stm32cube.ide.mcu.externaltools.gnu-tools-for-stm32.9-2020-q2-update.win32_2.0.0.202105311346/tools/bin/../lib/gcc/arm-none-eabi/9.3.1/../../../../arm-none-eabi/lib/thumb/v7e-m+fp/hard\libc_nano.a
LOAD c:/st/stm32cubeide_1.6.1/stm32cubeide/plugins/com.st.stm32cube.ide.mcu.externaltools.gnu-tools-for-stm32.9-2020-q2-update.win32_2.0.0.202105311346/tools/bin/../lib/gcc/arm-none-eabi/9.3.1/../../../../arm-none-eabi/lib/thumb/v7e-m+fp/hard\libnosys.a
END GROUP
LOAD c:/st/stm32cubeide_1.6.1/stm32cubeide/plugins/com.st.stm32cube.ide.mcu.externaltools.gnu-tools-for-stm32.9-2020-q2-update.win32_2.0.0.202105311346/tools/bin/../lib/gcc/arm-none-eabi/9.3.1/thumb/v7e-m+fp/hard/crtend.o
LOAD c:/st/stm32cubeide_1.6.1/stm32cubeide/plugins/com.st.stm32cube.ide.mcu.externaltools.gnu-tools-for-stm32.9-2020-q2-update.win32_2.0.0.202105311346/tools/bin/../lib/gcc/arm-none-eabi/9.3.1/thumb/v7e-m+fp/hard/crtn.o
                0x0000000020020000                _estack = (ORIGIN (RAM) + LENGTH (RAM))
                0x0000000000000200                _Min_Heap_Size = 0x200
                0x0000000000000400                _Min_Stack_Size = 0x400

.isr_vector     0x0000000008000000      0x1c4
                0x0000000008000000                . = ALIGN (0x4)
 *(.isr_vector)
 .isr_vector    0x0000000008000000      0x1c4 ./Core/Startup/startup_stm32f446retx.o
                0x0000000008000000                g_pfnVectors
                0x00000000080001c4                . = ALIGN (0x4)

.text           0x00000000080001d0     0xceb4
                0x00000000080001d0                . = ALIGN (0x4)
 *(.text)
 .text          0x00000000080001d0       0x40 c:/st/stm32cubeide_1.6.1/stm32cubeide/plugins/com.st.stm32cube.ide.mcu.externaltools.gnu-tools-for-stm32.9-2020-q2-update.win32_2.0.0.202105311346/tools/bin/../lib/gcc/arm-none-eabi/9.3.1/thumb/v7e-m+fp/hard/crtbegin.o
 .text          0x0000000008000210       0xa0 c:/st/stm32cubeide_1.6.1/stm32cubeide/plugins/com.st.stm32cube.ide.mcu.externaltools.gnu-tools-for-stm32.9-2020-q2-update.win32_2.0.0.202105311346/tools/bin/../lib/gcc/arm-none-eabi/9.3.1/../../../../arm-none-eabi/lib/thumb/v7e-m+fp/hard\libc_nano.a(lib_a-memchr.o)
                0x0000000008000210                memchr
 .text          0x00000000080002b0      0x378 c:/st/stm32cubeide_1.6.1/stm32cubeide/plugins/com.st.stm32cube.ide.mcu.externaltools.gnu-tools-for-stm32.9-2020-q2-update.win32_2.0.0.202105311346/tools/bin/../lib/gcc/arm-none-eabi/9.3.1/thumb/v7e-m+fp/hard\libgcc.a(_arm_addsubdf3.o)
                0x00000000080002b0                __aeabi_drsub
                0x00000000080002b8                __aeabi_dsub
                0x00000000080002b8                __subdf3
                0x00000000080002bc                __aeabi_dadd
                0x00000000080002bc                __adddf3
                0x0000000008000534                __floatunsidf
                0x0000000008000534                __aeabi_ui2d
                0x0000000008000554                __floatsidf
                0x0000000008000554                __aeabi_i2d
                0x0000000008000578                __aeabi_f2d
                0x0000000008000578                __extendsfdf2
                0x00000000080005bc                __floatundidf
                0x00000000080005bc                __aeabi_ul2d
                0x00000000080005cc                __floatdidf
                0x00000000080005cc                __aeabi_l2d
 .text          0x0000000008000628      0x424 c:/st/stm32cubeide_1.6.1/stm32cubeide/plugins/com.st.stm32cube.ide.mcu.externaltools.gnu-tools-for-stm32.9-2020-q2-update.win32_2.0.0.202105311346/tools/bin/../lib/gcc/arm-none-eabi/9.3.1/thumb/v7e-m+fp/hard\libgcc.a(_arm_muldivdf3.o)
                0x0000000008000628                __aeabi_dmul
                0x0000000008000628                __muldf3
                0x000000000800087c                __divdf3
                0x000000000800087c                __aeabi_ddiv
 .text          0x0000000008000a4c      0x110 c:/st/stm32cubeide_1.6.1/stm32cubeide/plugins/com.st.stm32cube.ide.mcu.externaltools.gnu-tools-for-stm32.9-2020-q2-update.win32_2.0.0.202105311346/tools/bin/../lib/gcc/arm-none-eabi/9.3.1/thumb/v7e-m+fp/hard\libgcc.a(_arm_cmpdf2.o)
                0x0000000008000a4c                __gtdf2
                0x0000000008000a4c                __gedf2
                0x0000000008000a54                __ltdf2
                0x0000000008000a54                __ledf2
                0x0000000008000a5c                __nedf2
                0x0000000008000a5c                __eqdf2
                0x0000000008000a5c                __cmpdf2
                0x0000000008000ad8                __aeabi_cdrcmple
                0x0000000008000ae8                __aeabi_cdcmpeq
                0x0000000008000ae8                __aeabi_cdcmple
                0x0000000008000af8                __aeabi_dcmpeq
                0x0000000008000b0c                __aeabi_dcmplt
                0x0000000008000b20                __aeabi_dcmple
                0x0000000008000b34                __aeabi_dcmpge
                0x0000000008000b48                __aeabi_dcmpgt
 .text          0x0000000008000b5c       0x2c c:/st/stm32cubeide_1.6.1/stm32cubeide/plugins/com.st.stm32cube.ide.mcu.externaltools.gnu-tools-for-stm32.9-2020-q2-update.win32_2.0.0.202105311346/tools/bin/../lib/gcc/arm-none-eabi/9.3.1/thumb/v7e-m+fp/hard\libgcc.a(_arm_unorddf2.o)
                0x0000000008000b5c                __unorddf2
                0x0000000008000b5c                __aeabi_dcmpun
 .text          0x0000000008000b88       0x40 c:/st/stm32cubeide_1.6.1/stm32cubeide/plugins/com.st.stm32cube.ide.mcu.externaltools.gnu-tools-for-stm32.9-2020-q2-update.win32_2.0.0.202105311346/tools/bin/../lib/gcc/arm-none-eabi/9.3.1/thumb/v7e-m+fp/hard\libgcc.a(_arm_fixunsdfsi.o)
                0x0000000008000b88                __aeabi_d2uiz
                0x0000000008000b88                __fixunsdfsi
 .text          0x0000000008000bc8       0x30 c:/st/stm32cubeide_1.6.1/stm32cubeide/plugins/com.st.stm32cube.ide.mcu.externaltools.gnu-tools-for-stm32.9-2020-q2-update.win32_2.0.0.202105311346/tools/bin/../lib/gcc/arm-none-eabi/9.3.1/thumb/v7e-m+fp/hard\libgcc.a(_aeabi_uldivmod.o)
                0x0000000008000bc8                __aeabi_uldivmod
 .text          0x0000000008000bf8      0x2c4 c:/st/stm32cubeide_1.6.1/stm32cubeide/plugins/com.st.stm32cube.ide.mcu.externaltools.gnu-tools-for-stm32.9-2020-q2-update.win32_2.0.0.202105311346/tools/bin/../lib/gcc/arm-none-eabi/9.3.1/thumb/v7e-m+fp/hard\libgcc.a(_udivmoddi4.o)
                0x0000000008000bf8                __udivmoddi4
 .text          0x0000000008000ebc        0x4 c:/st/stm32cubeide_1.6.1/stm32cubeide/plugins/com.st.stm32cube.ide.mcu.externaltools.gnu-tools-for-stm32.9-2020-q2-update.win32_2.0.0.202105311346/tools/bin/../lib/gcc/arm-none-eabi/9.3.1/thumb/v7e-m+fp/hard\libgcc.a(_dvmd_tls.o)
                0x0000000008000ebc                __aeabi_idiv0
                0x0000000008000ebc                __aeabi_ldiv0
 *(.text*)
 .text.main     0x0000000008000ec0       0x54 ./Core/Src/main.o
                0x0000000008000ec0                main
 .text.SystemClock_Config
                0x0000000008000f14       0xd8 ./Core/Src/main.o
                0x0000000008000f14                SystemClock_Config
 .text.MX_ADC2_Init
                0x0000000008000fec       0xa4 ./Core/Src/main.o
 .text.MX_SPI2_Init
                0x0000000008001090       0x70 ./Core/Src/main.o
 .text.MX_TIM6_Init
                0x0000000008001100       0x6c ./Core/Src/main.o
 .text.MX_TIM7_Init
                0x000000000800116c       0x6c ./Core/Src/main.o
 .text.MX_UART5_Init
                0x00000000080011d8       0x54 ./Core/Src/main.o
 .text.MX_USART2_UART_Init
                0x000000000800122c       0x54 ./Core/Src/main.o
 .text.MX_DMA_Init
                0x0000000008001280       0x40 ./Core/Src/main.o
 .text.MX_GPIO_Init
                0x00000000080012c0      0x124 ./Core/Src/main.o
 .text.StartDefaultTask
                0x00000000080013e4       0x20 ./Core/Src/main.o
                0x00000000080013e4                StartDefaultTask
 .text.Error_Handler
                0x0000000008001404        0xa ./Core/Src/main.o
                0x0000000008001404                Error_Handler
 *fill*         0x000000000800140e        0x2 
 .text.HAL_MspInit
                0x0000000008001410       0x58 ./Core/Src/stm32f4xx_hal_msp.o
                0x0000000008001410                HAL_MspInit
 .text.HAL_ADC_MspInit
                0x0000000008001468       0xf0 ./Core/Src/stm32f4xx_hal_msp.o
                0x0000000008001468                HAL_ADC_MspInit
 .text.HAL_SPI_MspInit
                0x0000000008001558       0xd0 ./Core/Src/stm32f4xx_hal_msp.o
                0x0000000008001558                HAL_SPI_MspInit
 .text.HAL_TIM_Base_MspInit
                0x0000000008001628       0x8c ./Core/Src/stm32f4xx_hal_msp.o
                0x0000000008001628                HAL_TIM_Base_MspInit
 .text.HAL_UART_MspInit
                0x00000000080016b4      0x15c ./Core/Src/stm32f4xx_hal_msp.o
                0x00000000080016b4                HAL_UART_MspInit
 .text.HAL_InitTick
                0x0000000008001810       0xb4 ./Core/Src/stm32f4xx_hal_timebase_tim.o
                0x0000000008001810                HAL_InitTick
 .text.NMI_Handler
                0x00000000080018c4        0x6 ./Core/Src/stm32f4xx_it.o
                0x00000000080018c4                NMI_Handler
 .text.HardFault_Handler
                0x00000000080018ca        0x6 ./Core/Src/stm32f4xx_it.o
                0x00000000080018ca                HardFault_Handler
 .text.MemManage_Handler
                0x00000000080018d0        0x6 ./Core/Src/stm32f4xx_it.o
                0x00000000080018d0                MemManage_Handler
 .text.BusFault_Handler
                0x00000000080018d6        0x6 ./Core/Src/stm32f4xx_it.o
                0x00000000080018d6                BusFault_Handler
 .text.UsageFault_Handler
                0x00000000080018dc        0x6 ./Core/Src/stm32f4xx_it.o
                0x00000000080018dc                UsageFault_Handler
 .text.DebugMon_Handler
                0x00000000080018e2        0xe ./Core/Src/stm32f4xx_it.o
                0x00000000080018e2                DebugMon_Handler
 .text.TIM8_UP_TIM13_IRQHandler
                0x00000000080018f0       0x14 ./Core/Src/stm32f4xx_it.o
                0x00000000080018f0                TIM8_UP_TIM13_IRQHandler
 .text.TIM6_DAC_IRQHandler
                0x0000000008001904       0x14 ./Core/Src/stm32f4xx_it.o
                0x0000000008001904                TIM6_DAC_IRQHandler
 .text.DMA2_Stream2_IRQHandler
                0x0000000008001918       0x14 ./Core/Src/stm32f4xx_it.o
                0x0000000008001918                DMA2_Stream2_IRQHandler
 .text._getpid  0x000000000800192c       0x10 ./Core/Src/syscalls.o
                0x000000000800192c                _getpid
 .text._kill    0x000000000800193c       0x20 ./Core/Src/syscalls.o
                0x000000000800193c                _kill
 .text._exit    0x000000000800195c       0x14 ./Core/Src/syscalls.o
                0x000000000800195c                _exit
 .text._read    0x0000000008001970       0x3a ./Core/Src/syscalls.o
                0x0000000008001970                _read
 .text._write   0x00000000080019aa       0x38 ./Core/Src/syscalls.o
                0x00000000080019aa                _write
 .text._close   0x00000000080019e2       0x18 ./Core/Src/syscalls.o
                0x00000000080019e2                _close
 .text._fstat   0x00000000080019fa       0x20 ./Core/Src/syscalls.o
                0x00000000080019fa                _fstat
 .text._isatty  0x0000000008001a1a       0x16 ./Core/Src/syscalls.o
                0x0000000008001a1a                _isatty
 .text._lseek   0x0000000008001a30       0x1a ./Core/Src/syscalls.o
                0x0000000008001a30                _lseek
 *fill*         0x0000000008001a4a        0x2 
 .text._sbrk    0x0000000008001a4c       0x6c ./Core/Src/sysmem.o
                0x0000000008001a4c                _sbrk
 .text.SystemInit
                0x0000000008001ab8       0x24 ./Core/Src/system_stm32f4xx.o
                0x0000000008001ab8                SystemInit
 .text.Reset_Handler
                0x0000000008001adc       0x50 ./Core/Startup/startup_stm32f446retx.o
                0x0000000008001adc                Reset_Handler
 .text.Default_Handler
                0x0000000008001b2c        0x2 ./Core/Startup/startup_stm32f446retx.o
                0x0000000008001b2c                RTC_Alarm_IRQHandler
                0x0000000008001b2c                EXTI2_IRQHandler
                0x0000000008001b2c                TIM8_CC_IRQHandler
                0x0000000008001b2c                FMPI2C1_EV_IRQHandler
                0x0000000008001b2c                SPI4_IRQHandler
                0x0000000008001b2c                TIM1_CC_IRQHandler
                0x0000000008001b2c                DMA2_Stream5_IRQHandler
                0x0000000008001b2c                DMA1_Stream5_IRQHandler
                0x0000000008001b2c                PVD_IRQHandler
                0x0000000008001b2c                SDIO_IRQHandler
                0x0000000008001b2c                TAMP_STAMP_IRQHandler
                0x0000000008001b2c                CAN2_RX1_IRQHandler
                0x0000000008001b2c                EXTI3_IRQHandler
                0x0000000008001b2c                TIM8_TRG_COM_TIM14_IRQHandler
                0x0000000008001b2c                TIM1_UP_TIM10_IRQHandler
                0x0000000008001b2c                I2C3_ER_IRQHandler
                0x0000000008001b2c                EXTI0_IRQHandler
                0x0000000008001b2c                I2C2_EV_IRQHandler
                0x0000000008001b2c                DMA1_Stream2_IRQHandler
                0x0000000008001b2c                CAN1_RX0_IRQHandler
                0x0000000008001b2c                FPU_IRQHandler
                0x0000000008001b2c                OTG_HS_WKUP_IRQHandler
                0x0000000008001b2c                CAN2_SCE_IRQHandler
                0x0000000008001b2c                SPI1_IRQHandler
                0x0000000008001b2c                TIM1_BRK_TIM9_IRQHandler
                0x0000000008001b2c                DCMI_IRQHandler
                0x0000000008001b2c                CAN2_RX0_IRQHandler
                0x0000000008001b2c                DMA2_Stream3_IRQHandler
                0x0000000008001b2c                SAI2_IRQHandler
                0x0000000008001b2c                USART6_IRQHandler
                0x0000000008001b2c                USART3_IRQHandler
                0x0000000008001b2c                CAN1_RX1_IRQHandler
                0x0000000008001b2c                UART5_IRQHandler
                0x0000000008001b2c                DMA2_Stream0_IRQHandler
                0x0000000008001b2c                TIM4_IRQHandler
                0x0000000008001b2c                QUADSPI_IRQHandler
                0x0000000008001b2c                I2C1_EV_IRQHandler
                0x0000000008001b2c                DMA1_Stream6_IRQHandler
                0x0000000008001b2c                DMA1_Stream1_IRQHandler
                0x0000000008001b2c                UART4_IRQHandler
                0x0000000008001b2c                TIM3_IRQHandler
                0x0000000008001b2c                RCC_IRQHandler
                0x0000000008001b2c                TIM8_BRK_TIM12_IRQHandler
                0x0000000008001b2c                Default_Handler
                0x0000000008001b2c                CEC_IRQHandler
                0x0000000008001b2c                EXTI15_10_IRQHandler
                0x0000000008001b2c                ADC_IRQHandler
                0x0000000008001b2c                DMA1_Stream7_IRQHandler
                0x0000000008001b2c                CAN2_TX_IRQHandler
                0x0000000008001b2c                TIM5_IRQHandler
                0x0000000008001b2c                DMA2_Stream7_IRQHandler
                0x0000000008001b2c                I2C3_EV_IRQHandler
                0x0000000008001b2c                EXTI9_5_IRQHandler
                0x0000000008001b2c                RTC_WKUP_IRQHandler
                0x0000000008001b2c                SPDIF_RX_IRQHandler
                0x0000000008001b2c                SPI2_IRQHandler
                0x0000000008001b2c                OTG_HS_EP1_IN_IRQHandler
                0x0000000008001b2c                DMA1_Stream0_IRQHandler
                0x0000000008001b2c                CAN1_TX_IRQHandler
                0x0000000008001b2c                FMPI2C1_ER_IRQHandler
                0x0000000008001b2c                EXTI4_IRQHandler
                0x0000000008001b2c                OTG_HS_EP1_OUT_IRQHandler
                0x0000000008001b2c                WWDG_IRQHandler
                0x0000000008001b2c                TIM2_IRQHandler
                0x0000000008001b2c                OTG_FS_WKUP_IRQHandler
                0x0000000008001b2c                TIM1_TRG_COM_TIM11_IRQHandler
                0x0000000008001b2c                OTG_HS_IRQHandler
                0x0000000008001b2c                EXTI1_IRQHandler
                0x0000000008001b2c                I2C2_ER_IRQHandler
                0x0000000008001b2c                DMA2_Stream1_IRQHandler
                0x0000000008001b2c                CAN1_SCE_IRQHandler
                0x0000000008001b2c                FLASH_IRQHandler
                0x0000000008001b2c                DMA2_Stream4_IRQHandler
                0x0000000008001b2c                USART1_IRQHandler
                0x0000000008001b2c                OTG_FS_IRQHandler
                0x0000000008001b2c                SPI3_IRQHandler
                0x0000000008001b2c                DMA1_Stream4_IRQHandler
                0x0000000008001b2c                I2C1_ER_IRQHandler
                0x0000000008001b2c                FMC_IRQHandler
                0x0000000008001b2c                DMA2_Stream6_IRQHandler
                0x0000000008001b2c                SAI1_IRQHandler
                0x0000000008001b2c                DMA1_Stream3_IRQHandler
 *fill*         0x0000000008001b2e        0x2 
 .text.HAL_Init
                0x0000000008001b30       0x44 ./Drivers/STM32F4xx_HAL_Driver/Src/stm32f4xx_hal.o
                0x0000000008001b30                HAL_Init
 .text.HAL_IncTick
                0x0000000008001b74       0x28 ./Drivers/STM32F4xx_HAL_Driver/Src/stm32f4xx_hal.o
                0x0000000008001b74                HAL_IncTick
 .text.HAL_GetTick
                0x0000000008001b9c       0x18 ./Drivers/STM32F4xx_HAL_Driver/Src/stm32f4xx_hal.o
                0x0000000008001b9c                HAL_GetTick
 .text.HAL_ADC_Init
                0x0000000008001bb4       0x86 ./Drivers/STM32F4xx_HAL_Driver/Src/stm32f4xx_hal_adc.o
                0x0000000008001bb4                HAL_ADC_Init
 .text.HAL_ADC_Stop_DMA
                0x0000000008001c3a       0xb4 ./Drivers/STM32F4xx_HAL_Driver/Src/stm32f4xx_hal_adc.o
                0x0000000008001c3a                HAL_ADC_Stop_DMA
 *fill*         0x0000000008001cee        0x2 
 .text.HAL_ADC_ConfigChannel
                0x0000000008001cf0      0x264 ./Drivers/STM32F4xx_HAL_Driver/Src/stm32f4xx_hal_adc.o
                0x0000000008001cf0                HAL_ADC_ConfigChannel
 .text.ADC_Init
                0x0000000008001f54      0x1f8 ./Drivers/STM32F4xx_HAL_Driver/Src/stm32f4xx_hal_adc.o
 .text.__NVIC_SetPriorityGrouping
                0x000000000800214c       0x48 ./Drivers/STM32F4xx_HAL_Driver/Src/stm32f4xx_hal_cortex.o
 .text.__NVIC_GetPriorityGrouping
                0x0000000008002194       0x1c ./Drivers/STM32F4xx_HAL_Driver/Src/stm32f4xx_hal_cortex.o
 .text.__NVIC_EnableIRQ
                0x00000000080021b0       0x3c ./Drivers/STM32F4xx_HAL_Driver/Src/stm32f4xx_hal_cortex.o
 .text.__NVIC_DisableIRQ
                0x00000000080021ec       0x48 ./Drivers/STM32F4xx_HAL_Driver/Src/stm32f4xx_hal_cortex.o
 .text.__NVIC_SetPriority
                0x0000000008002234       0x54 ./Drivers/STM32F4xx_HAL_Driver/Src/stm32f4xx_hal_cortex.o
 .text.NVIC_EncodePriority
                0x0000000008002288       0x66 ./Drivers/STM32F4xx_HAL_Driver/Src/stm32f4xx_hal_cortex.o
 .text.HAL_NVIC_SetPriorityGrouping
                0x00000000080022ee       0x16 ./Drivers/STM32F4xx_HAL_Driver/Src/stm32f4xx_hal_cortex.o
                0x00000000080022ee                HAL_NVIC_SetPriorityGrouping
 .text.HAL_NVIC_SetPriority
                0x0000000008002304       0x38 ./Drivers/STM32F4xx_HAL_Driver/Src/stm32f4xx_hal_cortex.o
                0x0000000008002304                HAL_NVIC_SetPriority
 .text.HAL_NVIC_EnableIRQ
                0x000000000800233c       0x1c ./Drivers/STM32F4xx_HAL_Driver/Src/stm32f4xx_hal_cortex.o
                0x000000000800233c                HAL_NVIC_EnableIRQ
 .text.HAL_NVIC_DisableIRQ
                0x0000000008002358       0x1c ./Drivers/STM32F4xx_HAL_Driver/Src/stm32f4xx_hal_cortex.o
                0x0000000008002358                HAL_NVIC_DisableIRQ
 .text.HAL_DMA_Init
                0x0000000008002374      0x15c ./Drivers/STM32F4xx_HAL_Driver/Src/stm32f4xx_hal_dma.o
                0x0000000008002374                HAL_DMA_Init
 .text.HAL_DMA_Abort
                0x00000000080024d0       0xe0 ./Drivers/STM32F4xx_HAL_Driver/Src/stm32f4xx_hal_dma.o
                0x00000000080024d0                HAL_DMA_Abort
 .text.HAL_DMA_Abort_IT
                0x00000000080025b0       0x44 ./Drivers/STM32F4xx_HAL_Driver/Src/stm32f4xx_hal_dma.o
                0x00000000080025b0                HAL_DMA_Abort_IT
 .text.HAL_DMA_IRQHandler
                0x00000000080025f4      0x314 ./Drivers/STM32F4xx_HAL_Driver/Src/stm32f4xx_hal_dma.o
                0x00000000080025f4                HAL_DMA_IRQHandler
 .text.DMA_CalcBaseAndBitshift
                0x0000000008002908       0x6c ./Drivers/STM32F4xx_HAL_Driver/Src/stm32f4xx_hal_dma.o
 .text.DMA_CheckFifoParam
                0x0000000008002974       0xf8 ./Drivers/STM32F4xx_HAL_Driver/Src/stm32f4xx_hal_dma.o
 .text.HAL_GPIO_Init
                0x0000000008002a6c      0x328 ./Drivers/STM32F4xx_HAL_Driver/Src/stm32f4xx_hal_gpio.o
                0x0000000008002a6c                HAL_GPIO_Init
 .text.HAL_GPIO_WritePin
                0x0000000008002d94       0x32 ./Drivers/STM32F4xx_HAL_Driver/Src/stm32f4xx_hal_gpio.o
                0x0000000008002d94                HAL_GPIO_WritePin
 .text.HAL_GPIO_TogglePin
                0x0000000008002dc6       0x34 ./Drivers/STM32F4xx_HAL_Driver/Src/stm32f4xx_hal_gpio.o
                0x0000000008002dc6                HAL_GPIO_TogglePin
 *fill*         0x0000000008002dfa        0x2 
 .text.HAL_RCC_ClockConfig
                0x0000000008002dfc      0x1cc ./Drivers/STM32F4xx_HAL_Driver/Src/stm32f4xx_hal_rcc.o
                0x0000000008002dfc                HAL_RCC_ClockConfig
 .text.HAL_RCC_GetHCLKFreq
                0x0000000008002fc8       0x18 ./Drivers/STM32F4xx_HAL_Driver/Src/stm32f4xx_hal_rcc.o
                0x0000000008002fc8                HAL_RCC_GetHCLKFreq
 .text.HAL_RCC_GetPCLK1Freq
                0x0000000008002fe0       0x28 ./Drivers/STM32F4xx_HAL_Driver/Src/stm32f4xx_hal_rcc.o
                0x0000000008002fe0                HAL_RCC_GetPCLK1Freq
 .text.HAL_RCC_GetPCLK2Freq
                0x0000000008003008       0x28 ./Drivers/STM32F4xx_HAL_Driver/Src/stm32f4xx_hal_rcc.o
                0x0000000008003008                HAL_RCC_GetPCLK2Freq
 .text.HAL_RCC_GetClockConfig
                0x0000000008003030       0x64 ./Drivers/STM32F4xx_HAL_Driver/Src/stm32f4xx_hal_rcc.o
                0x0000000008003030                HAL_RCC_GetClockConfig
 .text.HAL_RCC_GetSysClockFreq
                0x0000000008003094      0x364 ./Drivers/STM32F4xx_HAL_Driver/Src/stm32f4xx_hal_rcc_ex.o
                0x0000000008003094                HAL_RCC_GetSysClockFreq
 .text.HAL_RCC_OscConfig
                0x00000000080033f8      0x53c ./Drivers/STM32F4xx_HAL_Driver/Src/stm32f4xx_hal_rcc_ex.o
                0x00000000080033f8                HAL_RCC_OscConfig
 .text.HAL_SPI_Init
                0x0000000008003934      0x112 ./Drivers/STM32F4xx_HAL_Driver/Src/stm32f4xx_hal_spi.o
                0x0000000008003934                HAL_SPI_Init
 .text.HAL_SPI_Transmit
                0x0000000008003a46      0x278 ./Drivers/STM32F4xx_HAL_Driver/Src/stm32f4xx_hal_spi.o
                0x0000000008003a46                HAL_SPI_Transmit
 *fill*         0x0000000008003cbe        0x2 
 .text.SPI_WaitFlagStateUntilTimeout
                0x0000000008003cc0      0x110 ./Drivers/STM32F4xx_HAL_Driver/Src/stm32f4xx_hal_spi.o
 .text.SPI_EndRxTxTransaction
                0x0000000008003dd0       0x84 ./Drivers/STM32F4xx_HAL_Driver/Src/stm32f4xx_hal_spi.o
 .text.HAL_TIM_Base_Init
                0x0000000008003e54       0x9e ./Drivers/STM32F4xx_HAL_Driver/Src/stm32f4xx_hal_tim.o
                0x0000000008003e54                HAL_TIM_Base_Init
 *fill*         0x0000000008003ef2        0x2 
 .text.HAL_TIM_Base_Start_IT
                0x0000000008003ef4       0xe0 ./Drivers/STM32F4xx_HAL_Driver/Src/stm32f4xx_hal_tim.o
                0x0000000008003ef4                HAL_TIM_Base_Start_IT
 .text.HAL_TIM_Base_Stop_IT
                0x0000000008003fd4       0x5e ./Drivers/STM32F4xx_HAL_Driver/Src/stm32f4xx_hal_tim.o
                0x0000000008003fd4                HAL_TIM_Base_Stop_IT
 .text.HAL_TIM_IRQHandler
                0x0000000008004032      0x210 ./Drivers/STM32F4xx_HAL_Driver/Src/stm32f4xx_hal_tim.o
                0x0000000008004032                HAL_TIM_IRQHandler
 .text.HAL_TIM_OC_DelayElapsedCallback
                0x0000000008004242       0x14 ./Drivers/STM32F4xx_HAL_Driver/Src/stm32f4xx_hal_tim.o
                0x0000000008004242                HAL_TIM_OC_DelayElapsedCallback
 .text.HAL_TIM_IC_CaptureCallback
                0x0000000008004256       0x14 ./Drivers/STM32F4xx_HAL_Driver/Src/stm32f4xx_hal_tim.o
                0x0000000008004256                HAL_TIM_IC_CaptureCallback
 .text.HAL_TIM_PWM_PulseFinishedCallback
                0x000000000800426a       0x14 ./Drivers/STM32F4xx_HAL_Driver/Src/stm32f4xx_hal_tim.o
                0x000000000800426a                HAL_TIM_PWM_PulseFinishedCallback
 .text.HAL_TIM_TriggerCallback
                0x000000000800427e       0x14 ./Drivers/STM32F4xx_HAL_Driver/Src/stm32f4xx_hal_tim.o
                0x000000000800427e                HAL_TIM_TriggerCallback
 *fill*         0x0000000008004292        0x2 
 .text.TIM_Base_SetConfig
                0x0000000008004294      0x140 ./Drivers/STM32F4xx_HAL_Driver/Src/stm32f4xx_hal_tim.o
                0x0000000008004294                TIM_Base_SetConfig
 .text.HAL_TIMEx_MasterConfigSynchronization
                0x00000000080043d4       0xf8 ./Drivers/STM32F4xx_HAL_Driver/Src/stm32f4xx_hal_tim_ex.o
                0x00000000080043d4                HAL_TIMEx_MasterConfigSynchronization
 .text.HAL_TIMEx_CommutCallback
                0x00000000080044cc       0x14 ./Drivers/STM32F4xx_HAL_Driver/Src/stm32f4xx_hal_tim_ex.o
                0x00000000080044cc                HAL_TIMEx_CommutCallback
 .text.HAL_TIMEx_BreakCallback
                0x00000000080044e0       0x14 ./Drivers/STM32F4xx_HAL_Driver/Src/stm32f4xx_hal_tim_ex.o
                0x00000000080044e0                HAL_TIMEx_BreakCallback
 .text.HAL_UART_Init
                0x00000000080044f4       0x9a ./Drivers/STM32F4xx_HAL_Driver/Src/stm32f4xx_hal_uart.o
                0x00000000080044f4                HAL_UART_Init
 *fill*         0x000000000800458e        0x2 
 .text.HAL_UART_IRQHandler
                0x0000000008004590      0x51c ./Drivers/STM32F4xx_HAL_Driver/Src/stm32f4xx_hal_uart.o
                0x0000000008004590                HAL_UART_IRQHandler
 .text.HAL_UART_TxCpltCallback
                0x0000000008004aac       0x14 ./Drivers/STM32F4xx_HAL_Driver/Src/stm32f4xx_hal_uart.o
                0x0000000008004aac                HAL_UART_TxCpltCallback
 .text.HAL_UART_RxCpltCallback
                0x0000000008004ac0       0x14 ./Drivers/STM32F4xx_HAL_Driver/Src/stm32f4xx_hal_uart.o
                0x0000000008004ac0                HAL_UART_RxCpltCallback
 .text.HAL_UART_ErrorCallback
                0x0000000008004ad4       0x14 ./Drivers/STM32F4xx_HAL_Driver/Src/stm32f4xx_hal_uart.o
                0x0000000008004ad4                HAL_UART_ErrorCallback
 .text.HAL_UARTEx_RxEventCallback
                0x0000000008004ae8       0x18 ./Drivers/STM32F4xx_HAL_Driver/Src/stm32f4xx_hal_uart.o
                0x0000000008004ae8                HAL_UARTEx_RxEventCallback
 .text.UART_EndRxTransfer
                0x0000000008004b00       0xc6 ./Drivers/STM32F4xx_HAL_Driver/Src/stm32f4xx_hal_uart.o
 .text.UART_DMAAbortOnError
                0x0000000008004bc6       0x28 ./Drivers/STM32F4xx_HAL_Driver/Src/stm32f4xx_hal_uart.o
 .text.UART_Transmit_IT
                0x0000000008004bee       0xa0 ./Drivers/STM32F4xx_HAL_Driver/Src/stm32f4xx_hal_uart.o
 .text.UART_EndTransmit_IT
                0x0000000008004c8e       0x30 ./Drivers/STM32F4xx_HAL_Driver/Src/stm32f4xx_hal_uart.o
 .text.UART_Receive_IT
                0x0000000008004cbe      0x176 ./Drivers/STM32F4xx_HAL_Driver/Src/stm32f4xx_hal_uart.o
 .text.UART_SetConfig
                0x0000000008004e34      0x390 ./Drivers/STM32F4xx_HAL_Driver/Src/stm32f4xx_hal_uart.o
 .text.vTaskInitAll
                0x00000000080051c4       0x94 ./Mcp41010_rs485/project_task.o
                0x00000000080051c4                vTaskInitAll
 .text.mcp41_task
                0x0000000008005258       0x12 ./Mcp41010_rs485/project_task.o
 .text.cmd_handle
                0x000000000800526a       0x22 ./Mcp41010_rs485/project_task.o
 .text.vADCInit
                0x000000000800528c       0x28 ./Mcp41010_rs485/src/adc.o
                0x000000000800528c                vADCInit
 .text.vADCEnable
                0x00000000080052b4       0x20 ./Mcp41010_rs485/src/adc.o
                0x00000000080052b4                vADCEnable
 .text.vADCDisable
                0x00000000080052d4        0xc ./Mcp41010_rs485/src/adc.o
                0x00000000080052d4                vADCDisable
 .text.vADCStopConversion
                0x00000000080052e0       0x24 ./Mcp41010_rs485/src/adc.o
                0x00000000080052e0                vADCStopConversion
 *fill*         0x0000000008005304        0x4 
 .text.vADCSetAvegareValue
                0x0000000008005308       0xc0 ./Mcp41010_rs485/src/adc.o
                0x0000000008005308                vADCSetAvegareValue
 .text.vADCSaveSampleValue
                0x00000000080053c8       0x50 ./Mcp41010_rs485/src/adc.o
                0x00000000080053c8                vADCSaveSampleValue
 .text.vCMDPoll
                0x0000000008005418      0x1bc ./Mcp41010_rs485/src/cmd.o
                0x0000000008005418                vCMDPoll
 .text.xCMDReadCmd
                0x00000000080055d4       0x28 ./Mcp41010_rs485/src/cmd.o
 .text.vCMDClearCmd
                0x00000000080055fc       0x18 ./Mcp41010_rs485/src/cmd.o
 .text.vCMDCompleted
                0x0000000008005614       0x2c ./Mcp41010_rs485/src/cmd.o
                0x0000000008005614                vCMDCompleted
 .text.vCMDError
                0x0000000008005640       0x2c ./Mcp41010_rs485/src/cmd.o
                0x0000000008005640                vCMDError
 .text.vCMDMasterReadADC
                0x000000000800566c       0x20 ./Mcp41010_rs485/src/cmd.o
                0x000000000800566c                vCMDMasterReadADC
 .text.vMCPStart
                0x000000000800568c       0x90 ./Mcp41010_rs485/src/mcp41010.o
                0x000000000800568c                vMCPStart
 .text.xMCPReleaseCmdFromISR
                0x000000000800571c       0x1c ./Mcp41010_rs485/src/mcp41010.o
                0x000000000800571c                xMCPReleaseCmdFromISR
 .text.xMCPReleaseCmd
                0x0000000008005738       0x1c ./Mcp41010_rs485/src/mcp41010.o
                0x0000000008005738                xMCPReleaseCmd
 .text.xMCPTakeCmd
                0x0000000008005754       0x28 ./Mcp41010_rs485/src/mcp41010.o
                0x0000000008005754                xMCPTakeCmd
 .text.vMCPStopExternISR
                0x000000000800577c        0xe ./Mcp41010_rs485/src/mcp41010.o
                0x000000000800577c                vMCPStopExternISR
 .text.vMCPStopExternISRFromISR
                0x000000000800578a        0xe ./Mcp41010_rs485/src/mcp41010.o
                0x000000000800578a                vMCPStopExternISRFromISR
 .text.vMCPStartExternISR
                0x0000000008005798        0xe ./Mcp41010_rs485/src/mcp41010.o
                0x0000000008005798                vMCPStartExternISR
 *fill*         0x00000000080057a6        0x2 
 .text.vMCP41010Poll
                0x00000000080057a8      0x12c ./Mcp41010_rs485/src/mcp41010.o
                0x00000000080057a8                vMCP41010Poll
 .text.vMCPEventInit
                0x00000000080058d4       0x40 ./Mcp41010_rs485/src/mcp_event_timer.o
                0x00000000080058d4                vMCPEventInit
 .text.vMCPEventPost
                0x0000000008005914       0x24 ./Mcp41010_rs485/src/mcp_event_timer.o
                0x0000000008005914                vMCPEventPost
 .text.vMCPEventPostFromISR
                0x0000000008005938       0x34 ./Mcp41010_rs485/src/mcp_event_timer.o
                0x0000000008005938                vMCPEventPostFromISR
 .text.xMCPEventGet
                0x000000000800596c       0xf8 ./Mcp41010_rs485/src/mcp_event_timer.o
                0x000000000800596c                xMCPEventGet
 .text.vStartUpTimer
                0x0000000008005a64       0x1c ./Mcp41010_rs485/src/mcp_event_timer.o
                0x0000000008005a64                vStartUpTimer
 .text.vStopAllTimerFunc
                0x0000000008005a80       0x14 ./Mcp41010_rs485/src/mcp_event_timer.o
                0x0000000008005a80                vStopAllTimerFunc
 .text.vStartTimerFreq
                0x0000000008005a94       0x1c ./Mcp41010_rs485/src/mcp_event_timer.o
                0x0000000008005a94                vStartTimerFreq
 .text.HAL_TIM_PeriodElapsedCallback
                0x0000000008005ab0      0x188 ./Mcp41010_rs485/src/mcp_event_timer.o
                0x0000000008005ab0                HAL_TIM_PeriodElapsedCallback
 .text.vSetAllParameter
                0x0000000008005c38       0x3c ./Mcp41010_rs485/src/mcphandledata.o
                0x0000000008005c38                vSetAllParameter
 .text.fSetSinFrequency
                0x0000000008005c74       0x28 ./Mcp41010_rs485/src/mcphandledata.o
                0x0000000008005c74                fSetSinFrequency
 .text.fGetSinFrequency
                0x0000000008005c9c       0x1c ./Mcp41010_rs485/src/mcphandledata.o
                0x0000000008005c9c                fGetSinFrequency
 .text.vMCPSendToAllMCP
                0x0000000008005cb8       0x3c ./Mcp41010_rs485/src/mcphandledata.o
                0x0000000008005cb8                vMCPSendToAllMCP
 *fill*         0x0000000008005cf4        0x4 
 .text.prvucSetDValue
                0x0000000008005cf8       0xd8 ./Mcp41010_rs485/src/mcphandledata.o
 .text.prvvSetSendBuf
                0x0000000008005dd0       0x2c ./Mcp41010_rs485/src/mcphandledata.o
 .text.prviRoundingNumber
                0x0000000008005dfc       0x6c ./Mcp41010_rs485/src/mcphandledata.o
 .text.__NVIC_SetPriority
                0x0000000008005e68       0x54 ./Middlewares/Third_Party/FreeRTOS/Source/CMSIS_RTOS_V2/cmsis_os2.o
 .text.SysTick_Handler
                0x0000000008005ebc       0x20 ./Middlewares/Third_Party/FreeRTOS/Source/CMSIS_RTOS_V2/cmsis_os2.o
                0x0000000008005ebc                SysTick_Handler
 .text.SVC_Setup
                0x0000000008005edc       0x12 ./Middlewares/Third_Party/FreeRTOS/Source/CMSIS_RTOS_V2/cmsis_os2.o
 *fill*         0x0000000008005eee        0x2 
 .text.osKernelInitialize
                0x0000000008005ef0       0x48 ./Middlewares/Third_Party/FreeRTOS/Source/CMSIS_RTOS_V2/cmsis_os2.o
                0x0000000008005ef0                osKernelInitialize
 .text.osKernelStart
                0x0000000008005f38       0x4c ./Middlewares/Third_Party/FreeRTOS/Source/CMSIS_RTOS_V2/cmsis_os2.o
                0x0000000008005f38                osKernelStart
 .text.osThreadNew
                0x0000000008005f84      0x124 ./Middlewares/Third_Party/FreeRTOS/Source/CMSIS_RTOS_V2/cmsis_os2.o
                0x0000000008005f84                osThreadNew
 .text.osThreadExit
                0x00000000080060a8        0xc ./Middlewares/Third_Party/FreeRTOS/Source/CMSIS_RTOS_V2/cmsis_os2.o
                0x00000000080060a8                osThreadExit
 .text.vApplicationGetIdleTaskMemory
                0x00000000080060b4       0x34 ./Middlewares/Third_Party/FreeRTOS/Source/CMSIS_RTOS_V2/cmsis_os2.o
                0x00000000080060b4                vApplicationGetIdleTaskMemory
 .text.vApplicationGetTimerTaskMemory
                0x00000000080060e8       0x34 ./Middlewares/Third_Party/FreeRTOS/Source/CMSIS_RTOS_V2/cmsis_os2.o
                0x00000000080060e8                vApplicationGetTimerTaskMemory
 .text.xEventGroupCreate
                0x000000000800611c       0x34 ./Middlewares/Third_Party/FreeRTOS/Source/event_groups.o
                0x000000000800611c                xEventGroupCreate
 .text.xEventGroupWaitBits
                0x0000000008006150      0x19c ./Middlewares/Third_Party/FreeRTOS/Source/event_groups.o
                0x0000000008006150                xEventGroupWaitBits
 .text.xEventGroupSetBits
                0x00000000080062ec      0x116 ./Middlewares/Third_Party/FreeRTOS/Source/event_groups.o
                0x00000000080062ec                xEventGroupSetBits
 .text.vEventGroupSetBitsCallback
                0x0000000008006402       0x1a ./Middlewares/Third_Party/FreeRTOS/Source/event_groups.o
                0x0000000008006402                vEventGroupSetBitsCallback
 .text.prvTestWaitCondition
                0x000000000800641c       0x44 ./Middlewares/Third_Party/FreeRTOS/Source/event_groups.o
 .text.xEventGroupSetBitsFromISR
                0x0000000008006460       0x28 ./Middlewares/Third_Party/FreeRTOS/Source/event_groups.o
                0x0000000008006460                xEventGroupSetBitsFromISR
 .text.vListInitialise
                0x0000000008006488       0x40 ./Middlewares/Third_Party/FreeRTOS/Source/list.o
                0x0000000008006488                vListInitialise
 .text.vListInitialiseItem
                0x00000000080064c8       0x1a ./Middlewares/Third_Party/FreeRTOS/Source/list.o
                0x00000000080064c8                vListInitialiseItem
 .text.vListInsertEnd
                0x00000000080064e2       0x48 ./Middlewares/Third_Party/FreeRTOS/Source/list.o
                0x00000000080064e2                vListInsertEnd
 .text.vListInsert
                0x000000000800652a       0x72 ./Middlewares/Third_Party/FreeRTOS/Source/list.o
                0x000000000800652a                vListInsert
 .text.uxListRemove
                0x000000000800659c       0x54 ./Middlewares/Third_Party/FreeRTOS/Source/list.o
                0x000000000800659c                uxListRemove
 .text.xQueueGenericReset
                0x00000000080065f0       0xd0 ./Middlewares/Third_Party/FreeRTOS/Source/queue.o
                0x00000000080065f0                xQueueGenericReset
 .text.xQueueGenericCreateStatic
                0x00000000080066c0       0xf0 ./Middlewares/Third_Party/FreeRTOS/Source/queue.o
                0x00000000080066c0                xQueueGenericCreateStatic
 .text.xQueueGenericCreate
                0x00000000080067b0       0x74 ./Middlewares/Third_Party/FreeRTOS/Source/queue.o
                0x00000000080067b0                xQueueGenericCreate
 .text.prvInitialiseNewQueue
                0x0000000008006824       0x46 ./Middlewares/Third_Party/FreeRTOS/Source/queue.o
 *fill*         0x000000000800686a        0x2 
 .text.xQueueGenericSend
                0x000000000800686c      0x1fc ./Middlewares/Third_Party/FreeRTOS/Source/queue.o
                0x000000000800686c                xQueueGenericSend
 .text.xQueueGenericSendFromISR
                0x0000000008006a68      0x136 ./Middlewares/Third_Party/FreeRTOS/Source/queue.o
                0x0000000008006a68                xQueueGenericSendFromISR
 .text.xQueueGiveFromISR
                0x0000000008006b9e      0x11a ./Middlewares/Third_Party/FreeRTOS/Source/queue.o
                0x0000000008006b9e                xQueueGiveFromISR
 .text.xQueueReceive
                0x0000000008006cb8      0x1c0 ./Middlewares/Third_Party/FreeRTOS/Source/queue.o
                0x0000000008006cb8                xQueueReceive
 .text.xQueueSemaphoreTake
                0x0000000008006e78      0x218 ./Middlewares/Third_Party/FreeRTOS/Source/queue.o
                0x0000000008006e78                xQueueSemaphoreTake
 .text.prvGetDisinheritPriorityAfterTimeout
                0x0000000008007090       0x30 ./Middlewares/Third_Party/FreeRTOS/Source/queue.o
 .text.prvCopyDataToQueue
                0x00000000080070c0       0xd4 ./Middlewares/Third_Party/FreeRTOS/Source/queue.o
 .text.prvCopyDataFromQueue
                0x0000000008007194       0x4c ./Middlewares/Third_Party/FreeRTOS/Source/queue.o
 .text.prvUnlockQueue
                0x00000000080071e0       0xa4 ./Middlewares/Third_Party/FreeRTOS/Source/queue.o
 .text.prvIsQueueEmpty
                0x0000000008007284       0x2c ./Middlewares/Third_Party/FreeRTOS/Source/queue.o
 .text.prvIsQueueFull
                0x00000000080072b0       0x30 ./Middlewares/Third_Party/FreeRTOS/Source/queue.o
 .text.vQueueAddToRegistry
                0x00000000080072e0       0x54 ./Middlewares/Third_Party/FreeRTOS/Source/queue.o
                0x00000000080072e0                vQueueAddToRegistry
 .text.vQueueWaitForMessageRestricted
                0x0000000008007334       0x68 ./Middlewares/Third_Party/FreeRTOS/Source/queue.o
                0x0000000008007334                vQueueWaitForMessageRestricted
 .text.xTaskCreateStatic
                0x000000000800739c       0xba ./Middlewares/Third_Party/FreeRTOS/Source/tasks.o
                0x000000000800739c                xTaskCreateStatic
 .text.xTaskCreate
                0x0000000008007456       0x8a ./Middlewares/Third_Party/FreeRTOS/Source/tasks.o
                0x0000000008007456                xTaskCreate
 .text.prvInitialiseNewTask
                0x00000000080074e0      0x11e ./Middlewares/Third_Party/FreeRTOS/Source/tasks.o
 *fill*         0x00000000080075fe        0x2 
 .text.prvAddNewTaskToReadyList
                0x0000000008007600       0xe0 ./Middlewares/Third_Party/FreeRTOS/Source/tasks.o
 .text.vTaskDelete
                0x00000000080076e0       0xe4 ./Middlewares/Third_Party/FreeRTOS/Source/tasks.o
                0x00000000080076e0                vTaskDelete
 .text.vTaskDelay
                0x00000000080077c4       0x68 ./Middlewares/Third_Party/FreeRTOS/Source/tasks.o
                0x00000000080077c4                vTaskDelay
 .text.vTaskStartScheduler
                0x000000000800782c       0xcc ./Middlewares/Third_Party/FreeRTOS/Source/tasks.o
                0x000000000800782c                vTaskStartScheduler
 .text.vTaskSuspendAll
                0x00000000080078f8       0x1c ./Middlewares/Third_Party/FreeRTOS/Source/tasks.o
                0x00000000080078f8                vTaskSuspendAll
 .text.xTaskResumeAll
                0x0000000008007914      0x13c ./Middlewares/Third_Party/FreeRTOS/Source/tasks.o
                0x0000000008007914                xTaskResumeAll
 .text.xTaskGetTickCount
                0x0000000008007a50       0x20 ./Middlewares/Third_Party/FreeRTOS/Source/tasks.o
                0x0000000008007a50                xTaskGetTickCount
 .text.xTaskIncrementTick
                0x0000000008007a70      0x174 ./Middlewares/Third_Party/FreeRTOS/Source/tasks.o
                0x0000000008007a70                xTaskIncrementTick
 .text.vTaskSwitchContext
                0x0000000008007be4       0xbc ./Middlewares/Third_Party/FreeRTOS/Source/tasks.o
                0x0000000008007be4                vTaskSwitchContext
 .text.vTaskPlaceOnEventList
                0x0000000008007ca0       0x48 ./Middlewares/Third_Party/FreeRTOS/Source/tasks.o
                0x0000000008007ca0                vTaskPlaceOnEventList
 .text.vTaskPlaceOnUnorderedEventList
                0x0000000008007ce8       0x78 ./Middlewares/Third_Party/FreeRTOS/Source/tasks.o
                0x0000000008007ce8                vTaskPlaceOnUnorderedEventList
 .text.vTaskPlaceOnEventListRestricted
                0x0000000008007d60       0x58 ./Middlewares/Third_Party/FreeRTOS/Source/tasks.o
                0x0000000008007d60                vTaskPlaceOnEventListRestricted
 .text.xTaskRemoveFromEventList
                0x0000000008007db8       0xc8 ./Middlewares/Third_Party/FreeRTOS/Source/tasks.o
                0x0000000008007db8                xTaskRemoveFromEventList
 .text.vTaskRemoveFromUnorderedEventList
                0x0000000008007e80       0xc4 ./Middlewares/Third_Party/FreeRTOS/Source/tasks.o
                0x0000000008007e80                vTaskRemoveFromUnorderedEventList
 .text.vTaskInternalSetTimeOutState
                0x0000000008007f44       0x2c ./Middlewares/Third_Party/FreeRTOS/Source/tasks.o
                0x0000000008007f44                vTaskInternalSetTimeOutState
 .text.xTaskCheckForTimeOut
                0x0000000008007f70       0xc4 ./Middlewares/Third_Party/FreeRTOS/Source/tasks.o
                0x0000000008007f70                xTaskCheckForTimeOut
 .text.vTaskMissedYield
                0x0000000008008034       0x18 ./Middlewares/Third_Party/FreeRTOS/Source/tasks.o
                0x0000000008008034                vTaskMissedYield
 .text.prvIdleTask
                0x000000000800804c       0x30 ./Middlewares/Third_Party/FreeRTOS/Source/tasks.o
 .text.prvInitialiseTaskLists
                0x000000000800807c       0x80 ./Middlewares/Third_Party/FreeRTOS/Source/tasks.o
 .text.prvCheckTasksWaitingTermination
                0x00000000080080fc       0x5c ./Middlewares/Third_Party/FreeRTOS/Source/tasks.o
 .text.prvDeleteTCB
                0x0000000008008158       0x5e ./Middlewares/Third_Party/FreeRTOS/Source/tasks.o
 *fill*         0x00000000080081b6        0x2 
 .text.prvResetNextTaskUnblockTime
                0x00000000080081b8       0x40 ./Middlewares/Third_Party/FreeRTOS/Source/tasks.o
 .text.xTaskGetSchedulerState
                0x00000000080081f8       0x3c ./Middlewares/Third_Party/FreeRTOS/Source/tasks.o
                0x00000000080081f8                xTaskGetSchedulerState
 .text.xTaskPriorityInherit
                0x0000000008008234       0xd0 ./Middlewares/Third_Party/FreeRTOS/Source/tasks.o
                0x0000000008008234                xTaskPriorityInherit
 .text.xTaskPriorityDisinherit
                0x0000000008008304       0xdc ./Middlewares/Third_Party/FreeRTOS/Source/tasks.o
                0x0000000008008304                xTaskPriorityDisinherit
 .text.vTaskPriorityDisinheritAfterTimeout
                0x00000000080083e0      0x104 ./Middlewares/Third_Party/FreeRTOS/Source/tasks.o
                0x00000000080083e0                vTaskPriorityDisinheritAfterTimeout
 .text.uxTaskResetEventItemValue
                0x00000000080084e4       0x30 ./Middlewares/Third_Party/FreeRTOS/Source/tasks.o
                0x00000000080084e4                uxTaskResetEventItemValue
 .text.pvTaskIncrementMutexHeldCount
                0x0000000008008514       0x28 ./Middlewares/Third_Party/FreeRTOS/Source/tasks.o
                0x0000000008008514                pvTaskIncrementMutexHeldCount
 .text.ulTaskNotifyTake
                0x000000000800853c       0x90 ./Middlewares/Third_Party/FreeRTOS/Source/tasks.o
                0x000000000800853c                ulTaskNotifyTake
 .text.xTaskGenericNotify
                0x00000000080085cc      0x170 ./Middlewares/Third_Party/FreeRTOS/Source/tasks.o
                0x00000000080085cc                xTaskGenericNotify
 .text.prvAddCurrentTaskToDelayedList
                0x000000000800873c       0xa8 ./Middlewares/Third_Party/FreeRTOS/Source/tasks.o
 .text.xTimerCreateTimerTask
                0x00000000080087e4       0x90 ./Middlewares/Third_Party/FreeRTOS/Source/timers.o
                0x00000000080087e4                xTimerCreateTimerTask
 .text.xTimerGenericCommand
                0x0000000008008874       0x9c ./Middlewares/Third_Party/FreeRTOS/Source/timers.o
                0x0000000008008874                xTimerGenericCommand
 .text.prvProcessExpiredTimer
                0x0000000008008910       0x98 ./Middlewares/Third_Party/FreeRTOS/Source/timers.o
 .text.prvTimerTask
                0x00000000080089a8       0x24 ./Middlewares/Third_Party/FreeRTOS/Source/timers.o
 .text.prvProcessTimerOrBlockTask
                0x00000000080089cc       0x9c ./Middlewares/Third_Party/FreeRTOS/Source/timers.o
 .text.prvGetNextExpireTime
                0x0000000008008a68       0x48 ./Middlewares/Third_Party/FreeRTOS/Source/timers.o
 .text.prvSampleTimeNow
                0x0000000008008ab0       0x40 ./Middlewares/Third_Party/FreeRTOS/Source/timers.o
 .text.prvInsertTimerInActiveList
                0x0000000008008af0       0x84 ./Middlewares/Third_Party/FreeRTOS/Source/timers.o
 .text.prvProcessReceivedCommands
                0x0000000008008b74      0x1c4 ./Middlewares/Third_Party/FreeRTOS/Source/timers.o
 .text.prvSwitchTimerLists
                0x0000000008008d38       0xc8 ./Middlewares/Third_Party/FreeRTOS/Source/timers.o
 .text.prvCheckForValidListAndQueue
                0x0000000008008e00       0x80 ./Middlewares/Third_Party/FreeRTOS/Source/timers.o
 .text.xTimerPendFunctionCallFromISR
                0x0000000008008e80       0x40 ./Middlewares/Third_Party/FreeRTOS/Source/timers.o
                0x0000000008008e80                xTimerPendFunctionCallFromISR
 .text.pxPortInitialiseStack
                0x0000000008008ec0       0x68 ./Middlewares/Third_Party/FreeRTOS/Source/portable/GCC/ARM_CM4F/port.o
                0x0000000008008ec0                pxPortInitialiseStack
 .text.prvTaskExitError
                0x0000000008008f28       0x58 ./Middlewares/Third_Party/FreeRTOS/Source/portable/GCC/ARM_CM4F/port.o
 .text.SVC_Handler
                0x0000000008008f80       0x28 ./Middlewares/Third_Party/FreeRTOS/Source/portable/GCC/ARM_CM4F/port.o
                0x0000000008008f80                SVC_Handler
 .text.prvPortStartFirstTask
                0x0000000008008fa8       0x28 ./Middlewares/Third_Party/FreeRTOS/Source/portable/GCC/ARM_CM4F/port.o
 .text.xPortStartScheduler
                0x0000000008008fd0      0x144 ./Middlewares/Third_Party/FreeRTOS/Source/portable/GCC/ARM_CM4F/port.o
                0x0000000008008fd0                xPortStartScheduler
 .text.vPortEnterCritical
                0x0000000008009114       0x60 ./Middlewares/Third_Party/FreeRTOS/Source/portable/GCC/ARM_CM4F/port.o
                0x0000000008009114                vPortEnterCritical
 .text.vPortExitCritical
                0x0000000008009174       0x54 ./Middlewares/Third_Party/FreeRTOS/Source/portable/GCC/ARM_CM4F/port.o
                0x0000000008009174                vPortExitCritical
 *fill*         0x00000000080091c8        0x8 
 .text.PendSV_Handler
                0x00000000080091d0       0x68 ./Middlewares/Third_Party/FreeRTOS/Source/portable/GCC/ARM_CM4F/port.o
                0x00000000080091d0                PendSV_Handler
 .text.xPortSysTickHandler
                0x0000000008009238       0x44 ./Middlewares/Third_Party/FreeRTOS/Source/portable/GCC/ARM_CM4F/port.o
                0x0000000008009238                xPortSysTickHandler
 .text.vPortSetupTimerInterrupt
                0x000000000800927c       0x48 ./Middlewares/Third_Party/FreeRTOS/Source/portable/GCC/ARM_CM4F/port.o
                0x000000000800927c                vPortSetupTimerInterrupt
 .text.vPortEnableVFP
                0x00000000080092c4       0x14 ./Middlewares/Third_Party/FreeRTOS/Source/portable/GCC/ARM_CM4F/port.o
 .text.vPortValidateInterruptPriority
                0x00000000080092d8       0x80 ./Middlewares/Third_Party/FreeRTOS/Source/portable/GCC/ARM_CM4F/port.o
                0x00000000080092d8                vPortValidateInterruptPriority
 .text.pvPortMalloc
                0x0000000008009358      0x198 ./Middlewares/Third_Party/FreeRTOS/Source/portable/MemMang/heap_4.o
                0x0000000008009358                pvPortMalloc
 .text.vPortFree
                0x00000000080094f0       0xc4 ./Middlewares/Third_Party/FreeRTOS/Source/portable/MemMang/heap_4.o
                0x00000000080094f0                vPortFree
 .text.prvHeapInit
                0x00000000080095b4       0xc4 ./Middlewares/Third_Party/FreeRTOS/Source/portable/MemMang/heap_4.o
 .text.prvInsertBlockIntoFreeList
                0x0000000008009678       0xb4 ./Middlewares/Third_Party/FreeRTOS/Source/portable/MemMang/heap_4.o
 .text.eMBFuncReadCoils
                0x000000000800972c       0xfe ./modbus/functions/mbfunccoils.o
                0x000000000800972c                eMBFuncReadCoils
 .text.eMBFuncWriteCoil
                0x000000000800982a       0xa6 ./modbus/functions/mbfunccoils.o
                0x000000000800982a                eMBFuncWriteCoil
 .text.eMBFuncWriteMultipleCoils
                0x00000000080098d0       0xce ./modbus/functions/mbfunccoils.o
                0x00000000080098d0                eMBFuncWriteMultipleCoils
 .text.eMBFuncReadDiscreteInputs
                0x000000000800999e       0xfe ./modbus/functions/mbfuncdisc.o
                0x000000000800999e                eMBFuncReadDiscreteInputs
 .text.eMBFuncWriteHoldingRegister
                0x0000000008009a9c       0x6a ./modbus/functions/mbfuncholding.o
                0x0000000008009a9c                eMBFuncWriteHoldingRegister
 .text.eMBFuncWriteMultipleHoldingRegister
                0x0000000008009b06       0xb2 ./modbus/functions/mbfuncholding.o
                0x0000000008009b06                eMBFuncWriteMultipleHoldingRegister
 .text.eMBFuncReadHoldingRegister
                0x0000000008009bb8       0xde ./modbus/functions/mbfuncholding.o
                0x0000000008009bb8                eMBFuncReadHoldingRegister
 .text.eMBFuncReadWriteMultipleHoldingRegister
                0x0000000008009c96      0x154 ./modbus/functions/mbfuncholding.o
                0x0000000008009c96                eMBFuncReadWriteMultipleHoldingRegister
 .text.eMBFuncReadInputRegister
                0x0000000008009dea       0xe4 ./modbus/functions/mbfuncinput.o
                0x0000000008009dea                eMBFuncReadInputRegister
 *fill*         0x0000000008009ece        0x2 
 .text.eMBFuncReportSlaveID
                0x0000000008009ed0       0x38 ./modbus/functions/mbfuncother.o
                0x0000000008009ed0                eMBFuncReportSlaveID
 .text.xMBUtilSetBits
                0x0000000008009f08       0xd8 ./modbus/functions/mbutils.o
                0x0000000008009f08                xMBUtilSetBits
 .text.xMBUtilGetBits
                0x0000000008009fe0       0x74 ./modbus/functions/mbutils.o
                0x0000000008009fe0                xMBUtilGetBits
 .text.prveMBError2Exception
                0x000000000800a054       0x44 ./modbus/functions/mbutils.o
                0x000000000800a054                prveMBError2Exception
 .text.eMBInit  0x000000000800a098       0xf8 ./modbus/mb.o
                0x000000000800a098                eMBInit
 .text.eMBEnable
                0x000000000800a190       0x38 ./modbus/mb.o
                0x000000000800a190                eMBEnable
 .text.eMBPoll  0x000000000800a1c8      0x18c ./modbus/mb.o
                0x000000000800a1c8                eMBPoll
 .text.initMBSlaveTask
                0x000000000800a354       0x8c ./modbus/modbus_slave_task.o
                0x000000000800a354                initMBSlaveTask
 .text.slavepoll_task
                0x000000000800a3e0       0x68 ./modbus/modbus_slave_task.o
                0x000000000800a3e0                slavepoll_task
 .text.led_task
                0x000000000800a448       0x20 ./modbus/modbus_slave_task.o
                0x000000000800a448                led_task
 .text.EnterCriticalSection
                0x000000000800a468        0xc ./modbus/port/e_port.o
                0x000000000800a468                EnterCriticalSection
 .text.ExitCriticalSection
                0x000000000800a474        0xc ./modbus/port/e_port.o
                0x000000000800a474                ExitCriticalSection
 .text.xMBPortEventInit
                0x000000000800a480       0x24 ./modbus/port/portevent.o
                0x000000000800a480                xMBPortEventInit
 .text.xMBPortEventPost
                0x000000000800a4a4       0x28 ./modbus/port/portevent.o
                0x000000000800a4a4                xMBPortEventPost
 .text.xMBPortEventPostFromISR
                0x000000000800a4cc       0x34 ./modbus/port/portevent.o
                0x000000000800a4cc                xMBPortEventPostFromISR
 .text.xMBPortEventGet
                0x000000000800a500       0x7c ./modbus/port/portevent.o
                0x000000000800a500                xMBPortEventGet
 .text.vMBPortSerialEnable
                0x000000000800a57c       0x70 ./modbus/port/portserial.o
                0x000000000800a57c                vMBPortSerialEnable
 .text.xMBPortSerialInit
                0x000000000800a5ec       0x26 ./modbus/port/portserial.o
                0x000000000800a5ec                xMBPortSerialInit
 *fill*         0x000000000800a612        0x2 
 .text.xMBPortSerialPutByte
                0x000000000800a614       0x24 ./modbus/port/portserial.o
                0x000000000800a614                xMBPortSerialPutByte
 .text.xMBPortSerialGetByte
                0x000000000800a638       0x28 ./modbus/port/portserial.o
                0x000000000800a638                xMBPortSerialGetByte
 .text.USART2_IRQHandler
                0x000000000800a660       0x90 ./modbus/port/portserial.o
                0x000000000800a660                USART2_IRQHandler
 .text.xMBPortTimersInit
                0x000000000800a6f0       0x80 ./modbus/port/porttimer.o
                0x000000000800a6f0                xMBPortTimersInit
 .text.vMBPortTimersEnable
                0x000000000800a770       0x24 ./modbus/port/porttimer.o
                0x000000000800a770                vMBPortTimersEnable
 .text.vMBPortTimersDisable
                0x000000000800a794       0x14 ./modbus/port/porttimer.o
                0x000000000800a794                vMBPortTimersDisable
 .text.TIM7_IRQHandler
                0x000000000800a7a8       0x5c ./modbus/port/porttimer.o
                0x000000000800a7a8                TIM7_IRQHandler
 .text.eMBRegInputCB
                0x000000000800a804       0xa8 ./modbus/port/user_mb_app.o
                0x000000000800a804                eMBRegInputCB
 .text.eMBRegHoldingCB
                0x000000000800a8ac      0x11c ./modbus/port/user_mb_app.o
                0x000000000800a8ac                eMBRegHoldingCB
 .text.eMBRegCoilsCB
                0x000000000800a9c8      0x15c ./modbus/port/user_mb_app.o
                0x000000000800a9c8                eMBRegCoilsCB
 .text.eMBRegDiscreteCB
                0x000000000800ab24       0xe8 ./modbus/port/user_mb_app.o
                0x000000000800ab24                eMBRegDiscreteCB
 .text.usMBCRC16
                0x000000000800ac0c       0x6c ./modbus/rtu/mbcrc.o
                0x000000000800ac0c                usMBCRC16
 .text.eMBRTUInit
                0x000000000800ac78       0x78 ./modbus/rtu/mbrtu.o
                0x000000000800ac78                eMBRTUInit
 .text.eMBRTUStart
                0x000000000800acf0       0x28 ./modbus/rtu/mbrtu.o
                0x000000000800acf0                eMBRTUStart
 .text.eMBRTUStop
                0x000000000800ad18       0x1c ./modbus/rtu/mbrtu.o
                0x000000000800ad18                eMBRTUStop
 .text.eMBRTUReceive
                0x000000000800ad34       0x9c ./modbus/rtu/mbrtu.o
                0x000000000800ad34                eMBRTUReceive
 .text.eMBRTUSend
                0x000000000800add0       0xc8 ./modbus/rtu/mbrtu.o
                0x000000000800add0                eMBRTUSend
 .text.xMBRTUReceiveFSM
                0x000000000800ae98       0xd0 ./modbus/rtu/mbrtu.o
                0x000000000800ae98                xMBRTUReceiveFSM
 .text.xMBRTUTransmitFSM
                0x000000000800af68       0xb0 ./modbus/rtu/mbrtu.o
                0x000000000800af68                xMBRTUTransmitFSM
 .text.xMBRTUTimerT35Expired
                0x000000000800b018       0x8c ./modbus/rtu/mbrtu.o
                0x000000000800b018                xMBRTUTimerT35Expired
 .text.__assert_func
                0x000000000800b0a4       0x3c c:/st/stm32cubeide_1.6.1/stm32cubeide/plugins/com.st.stm32cube.ide.mcu.externaltools.gnu-tools-for-stm32.9-2020-q2-update.win32_2.0.0.202105311346/tools/bin/../lib/gcc/arm-none-eabi/9.3.1/../../../../arm-none-eabi/lib/thumb/v7e-m+fp/hard\libc_nano.a(lib_a-assert.o)
                0x000000000800b0a4                __assert_func
 .text.__errno  0x000000000800b0e0        0xc c:/st/stm32cubeide_1.6.1/stm32cubeide/plugins/com.st.stm32cube.ide.mcu.externaltools.gnu-tools-for-stm32.9-2020-q2-update.win32_2.0.0.202105311346/tools/bin/../lib/gcc/arm-none-eabi/9.3.1/../../../../arm-none-eabi/lib/thumb/v7e-m+fp/hard\libc_nano.a(lib_a-errno.o)
                0x000000000800b0e0                __errno
 .text.fprintf  0x000000000800b0ec       0x24 c:/st/stm32cubeide_1.6.1/stm32cubeide/plugins/com.st.stm32cube.ide.mcu.externaltools.gnu-tools-for-stm32.9-2020-q2-update.win32_2.0.0.202105311346/tools/bin/../lib/gcc/arm-none-eabi/9.3.1/../../../../arm-none-eabi/lib/thumb/v7e-m+fp/hard\libc_nano.a(lib_a-fprintf.o)
                0x000000000800b0ec                fiprintf
                0x000000000800b0ec                fprintf
 .text.__libc_init_array
                0x000000000800b110       0x48 c:/st/stm32cubeide_1.6.1/stm32cubeide/plugins/com.st.stm32cube.ide.mcu.externaltools.gnu-tools-for-stm32.9-2020-q2-update.win32_2.0.0.202105311346/tools/bin/../lib/gcc/arm-none-eabi/9.3.1/../../../../arm-none-eabi/lib/thumb/v7e-m+fp/hard\libc_nano.a(lib_a-init.o)
                0x000000000800b110                __libc_init_array
 .text.memcpy   0x000000000800b158       0x1c c:/st/stm32cubeide_1.6.1/stm32cubeide/plugins/com.st.stm32cube.ide.mcu.externaltools.gnu-tools-for-stm32.9-2020-q2-update.win32_2.0.0.202105311346/tools/bin/../lib/gcc/arm-none-eabi/9.3.1/../../../../arm-none-eabi/lib/thumb/v7e-m+fp/hard\libc_nano.a(lib_a-memcpy-stub.o)
                0x000000000800b158                memcpy
 .text.memset   0x000000000800b174       0x10 c:/st/stm32cubeide_1.6.1/stm32cubeide/plugins/com.st.stm32cube.ide.mcu.externaltools.gnu-tools-for-stm32.9-2020-q2-update.win32_2.0.0.202105311346/tools/bin/../lib/gcc/arm-none-eabi/9.3.1/../../../../arm-none-eabi/lib/thumb/v7e-m+fp/hard\libc_nano.a(lib_a-memset.o)
                0x000000000800b174                memset
 .text.__sfputc_r
                0x000000000800b184       0x2e c:/st/stm32cubeide_1.6.1/stm32cubeide/plugins/com.st.stm32cube.ide.mcu.externaltools.gnu-tools-for-stm32.9-2020-q2-update.win32_2.0.0.202105311346/tools/bin/../lib/gcc/arm-none-eabi/9.3.1/../../../../arm-none-eabi/lib/thumb/v7e-m+fp/hard\libc_nano.a(lib_a-nano-vfprintf.o)
 .text.__sfputs_r
                0x000000000800b1b2       0x24 c:/st/stm32cubeide_1.6.1/stm32cubeide/plugins/com.st.stm32cube.ide.mcu.externaltools.gnu-tools-for-stm32.9-2020-q2-update.win32_2.0.0.202105311346/tools/bin/../lib/gcc/arm-none-eabi/9.3.1/../../../../arm-none-eabi/lib/thumb/v7e-m+fp/hard\libc_nano.a(lib_a-nano-vfprintf.o)
                0x000000000800b1b2                __sfputs_r
 *fill*         0x000000000800b1d6        0x2 
 .text._vfprintf_r
                0x000000000800b1d8      0x260 c:/st/stm32cubeide_1.6.1/stm32cubeide/plugins/com.st.stm32cube.ide.mcu.externaltools.gnu-tools-for-stm32.9-2020-q2-update.win32_2.0.0.202105311346/tools/bin/../lib/gcc/arm-none-eabi/9.3.1/../../../../arm-none-eabi/lib/thumb/v7e-m+fp/hard\libc_nano.a(lib_a-nano-vfprintf.o)
                0x000000000800b1d8                _vfprintf_r
                0x000000000800b1d8                _vfiprintf_r
 .text._printf_common
                0x000000000800b438       0xda c:/st/stm32cubeide_1.6.1/stm32cubeide/plugins/com.st.stm32cube.ide.mcu.externaltools.gnu-tools-for-stm32.9-2020-q2-update.win32_2.0.0.202105311346/tools/bin/../lib/gcc/arm-none-eabi/9.3.1/../../../../arm-none-eabi/lib/thumb/v7e-m+fp/hard\libc_nano.a(lib_a-nano-vfprintf_i.o)
                0x000000000800b438                _printf_common
 *fill*         0x000000000800b512        0x2 
 .text._printf_i
                0x000000000800b514      0x24c c:/st/stm32cubeide_1.6.1/stm32cubeide/plugins/com.st.stm32cube.ide.mcu.externaltools.gnu-tools-for-stm32.9-2020-q2-update.win32_2.0.0.202105311346/tools/bin/../lib/gcc/arm-none-eabi/9.3.1/../../../../arm-none-eabi/lib/thumb/v7e-m+fp/hard\libc_nano.a(lib_a-nano-vfprintf_i.o)
                0x000000000800b514                _printf_i
 .text.__swbuf_r
                0x000000000800b760       0xa4 c:/st/stm32cubeide_1.6.1/stm32cubeide/plugins/com.st.stm32cube.ide.mcu.externaltools.gnu-tools-for-stm32.9-2020-q2-update.win32_2.0.0.202105311346/tools/bin/../lib/gcc/arm-none-eabi/9.3.1/../../../../arm-none-eabi/lib/thumb/v7e-m+fp/hard\libc_nano.a(lib_a-wbuf.o)
                0x000000000800b760                __swbuf_r
 .text.__swsetup_r
                0x000000000800b804       0xdc c:/st/stm32cubeide_1.6.1/stm32cubeide/plugins/com.st.stm32cube.ide.mcu.externaltools.gnu-tools-for-stm32.9-2020-q2-update.win32_2.0.0.202105311346/tools/bin/../lib/gcc/arm-none-eabi/9.3.1/../../../../arm-none-eabi/lib/thumb/v7e-m+fp/hard\libc_nano.a(lib_a-wsetup.o)
                0x000000000800b804                __swsetup_r
 .text.abort    0x000000000800b8e0        0xe c:/st/stm32cubeide_1.6.1/stm32cubeide/plugins/com.st.stm32cube.ide.mcu.externaltools.gnu-tools-for-stm32.9-2020-q2-update.win32_2.0.0.202105311346/tools/bin/../lib/gcc/arm-none-eabi/9.3.1/../../../../arm-none-eabi/lib/thumb/v7e-m+fp/hard\libc_nano.a(lib_a-abort.o)
                0x000000000800b8e0                abort
 *fill*         0x000000000800b8ee        0x2 
 .text.__sflush_r
                0x000000000800b8f0      0x10c c:/st/stm32cubeide_1.6.1/stm32cubeide/plugins/com.st.stm32cube.ide.mcu.externaltools.gnu-tools-for-stm32.9-2020-q2-update.win32_2.0.0.202105311346/tools/bin/../lib/gcc/arm-none-eabi/9.3.1/../../../../arm-none-eabi/lib/thumb/v7e-m+fp/hard\libc_nano.a(lib_a-fflush.o)
                0x000000000800b8f0                __sflush_r
 .text._fflush_r
                0x000000000800b9fc       0x78 c:/st/stm32cubeide_1.6.1/stm32cubeide/plugins/com.st.stm32cube.ide.mcu.externaltools.gnu-tools-for-stm32.9-2020-q2-update.win32_2.0.0.202105311346/tools/bin/../lib/gcc/arm-none-eabi/9.3.1/../../../../arm-none-eabi/lib/thumb/v7e-m+fp/hard\libc_nano.a(lib_a-fflush.o)
                0x000000000800b9fc                _fflush_r
 .text.std      0x000000000800ba74       0x48 c:/st/stm32cubeide_1.6.1/stm32cubeide/plugins/com.st.stm32cube.ide.mcu.externaltools.gnu-tools-for-stm32.9-2020-q2-update.win32_2.0.0.202105311346/tools/bin/../lib/gcc/arm-none-eabi/9.3.1/../../../../arm-none-eabi/lib/thumb/v7e-m+fp/hard\libc_nano.a(lib_a-findfp.o)
 .text._cleanup_r
                0x000000000800babc        0xc c:/st/stm32cubeide_1.6.1/stm32cubeide/plugins/com.st.stm32cube.ide.mcu.externaltools.gnu-tools-for-stm32.9-2020-q2-update.win32_2.0.0.202105311346/tools/bin/../lib/gcc/arm-none-eabi/9.3.1/../../../../arm-none-eabi/lib/thumb/v7e-m+fp/hard\libc_nano.a(lib_a-findfp.o)
                0x000000000800babc                _cleanup_r
 .text.__sfmoreglue
                0x000000000800bac8       0x2c c:/st/stm32cubeide_1.6.1/stm32cubeide/plugins/com.st.stm32cube.ide.mcu.externaltools.gnu-tools-for-stm32.9-2020-q2-update.win32_2.0.0.202105311346/tools/bin/../lib/gcc/arm-none-eabi/9.3.1/../../../../arm-none-eabi/lib/thumb/v7e-m+fp/hard\libc_nano.a(lib_a-findfp.o)
                0x000000000800bac8                __sfmoreglue
 .text.__sfp_lock_acquire
                0x000000000800baf4        0xc c:/st/stm32cubeide_1.6.1/stm32cubeide/plugins/com.st.stm32cube.ide.mcu.externaltools.gnu-tools-for-stm32.9-2020-q2-update.win32_2.0.0.202105311346/tools/bin/../lib/gcc/arm-none-eabi/9.3.1/../../../../arm-none-eabi/lib/thumb/v7e-m+fp/hard\libc_nano.a(lib_a-findfp.o)
                0x000000000800baf4                __sfp_lock_acquire
 .text.__sfp_lock_release
                0x000000000800bb00        0xc c:/st/stm32cubeide_1.6.1/stm32cubeide/plugins/com.st.stm32cube.ide.mcu.externaltools.gnu-tools-for-stm32.9-2020-q2-update.win32_2.0.0.202105311346/tools/bin/../lib/gcc/arm-none-eabi/9.3.1/../../../../arm-none-eabi/lib/thumb/v7e-m+fp/hard\libc_nano.a(lib_a-findfp.o)
                0x000000000800bb00                __sfp_lock_release
 .text.__sinit_lock_acquire
                0x000000000800bb0c        0xc c:/st/stm32cubeide_1.6.1/stm32cubeide/plugins/com.st.stm32cube.ide.mcu.externaltools.gnu-tools-for-stm32.9-2020-q2-update.win32_2.0.0.202105311346/tools/bin/../lib/gcc/arm-none-eabi/9.3.1/../../../../arm-none-eabi/lib/thumb/v7e-m+fp/hard\libc_nano.a(lib_a-findfp.o)
                0x000000000800bb0c                __sinit_lock_acquire
 .text.__sinit_lock_release
                0x000000000800bb18        0xc c:/st/stm32cubeide_1.6.1/stm32cubeide/plugins/com.st.stm32cube.ide.mcu.externaltools.gnu-tools-for-stm32.9-2020-q2-update.win32_2.0.0.202105311346/tools/bin/../lib/gcc/arm-none-eabi/9.3.1/../../../../arm-none-eabi/lib/thumb/v7e-m+fp/hard\libc_nano.a(lib_a-findfp.o)
                0x000000000800bb18                __sinit_lock_release
 .text.__sinit  0x000000000800bb24       0x70 c:/st/stm32cubeide_1.6.1/stm32cubeide/plugins/com.st.stm32cube.ide.mcu.externaltools.gnu-tools-for-stm32.9-2020-q2-update.win32_2.0.0.202105311346/tools/bin/../lib/gcc/arm-none-eabi/9.3.1/../../../../arm-none-eabi/lib/thumb/v7e-m+fp/hard\libc_nano.a(lib_a-findfp.o)
                0x000000000800bb24                __sinit
 .text.__sfp    0x000000000800bb94       0x8c c:/st/stm32cubeide_1.6.1/stm32cubeide/plugins/com.st.stm32cube.ide.mcu.externaltools.gnu-tools-for-stm32.9-2020-q2-update.win32_2.0.0.202105311346/tools/bin/../lib/gcc/arm-none-eabi/9.3.1/../../../../arm-none-eabi/lib/thumb/v7e-m+fp/hard\libc_nano.a(lib_a-findfp.o)
                0x000000000800bb94                __sfp
 .text._fwalk_reent
                0x000000000800bc20       0x3e c:/st/stm32cubeide_1.6.1/stm32cubeide/plugins/com.st.stm32cube.ide.mcu.externaltools.gnu-tools-for-stm32.9-2020-q2-update.win32_2.0.0.202105311346/tools/bin/../lib/gcc/arm-none-eabi/9.3.1/../../../../arm-none-eabi/lib/thumb/v7e-m+fp/hard\libc_nano.a(lib_a-fwalk.o)
                0x000000000800bc20                _fwalk_reent
 .text.__retarget_lock_init_recursive
                0x000000000800bc5e        0x2 c:/st/stm32cubeide_1.6.1/stm32cubeide/plugins/com.st.stm32cube.ide.mcu.externaltools.gnu-tools-for-stm32.9-2020-q2-update.win32_2.0.0.202105311346/tools/bin/../lib/gcc/arm-none-eabi/9.3.1/../../../../arm-none-eabi/lib/thumb/v7e-m+fp/hard\libc_nano.a(lib_a-lock.o)
                0x000000000800bc5e                __retarget_lock_init_recursive
 .text.__retarget_lock_acquire_recursive
                0x000000000800bc60        0x2 c:/st/stm32cubeide_1.6.1/stm32cubeide/plugins/com.st.stm32cube.ide.mcu.externaltools.gnu-tools-for-stm32.9-2020-q2-update.win32_2.0.0.202105311346/tools/bin/../lib/gcc/arm-none-eabi/9.3.1/../../../../arm-none-eabi/lib/thumb/v7e-m+fp/hard\libc_nano.a(lib_a-lock.o)
                0x000000000800bc60                __retarget_lock_acquire_recursive
 .text.__retarget_lock_release_recursive
                0x000000000800bc62        0x2 c:/st/stm32cubeide_1.6.1/stm32cubeide/plugins/com.st.stm32cube.ide.mcu.externaltools.gnu-tools-for-stm32.9-2020-q2-update.win32_2.0.0.202105311346/tools/bin/../lib/gcc/arm-none-eabi/9.3.1/../../../../arm-none-eabi/lib/thumb/v7e-m+fp/hard\libc_nano.a(lib_a-lock.o)
                0x000000000800bc62                __retarget_lock_release_recursive
 .text.__swhatbuf_r
                0x000000000800bc64       0x48 c:/st/stm32cubeide_1.6.1/stm32cubeide/plugins/com.st.stm32cube.ide.mcu.externaltools.gnu-tools-for-stm32.9-2020-q2-update.win32_2.0.0.202105311346/tools/bin/../lib/gcc/arm-none-eabi/9.3.1/../../../../arm-none-eabi/lib/thumb/v7e-m+fp/hard\libc_nano.a(lib_a-makebuf.o)
                0x000000000800bc64                __swhatbuf_r
 .text.__smakebuf_r
                0x000000000800bcac       0x80 c:/st/stm32cubeide_1.6.1/stm32cubeide/plugins/com.st.stm32cube.ide.mcu.externaltools.gnu-tools-for-stm32.9-2020-q2-update.win32_2.0.0.202105311346/tools/bin/../lib/gcc/arm-none-eabi/9.3.1/../../../../arm-none-eabi/lib/thumb/v7e-m+fp/hard\libc_nano.a(lib_a-makebuf.o)
                0x000000000800bcac                __smakebuf_r
 .text._free_r  0x000000000800bd2c       0xa0 c:/st/stm32cubeide_1.6.1/stm32cubeide/plugins/com.st.stm32cube.ide.mcu.externaltools.gnu-tools-for-stm32.9-2020-q2-update.win32_2.0.0.202105311346/tools/bin/../lib/gcc/arm-none-eabi/9.3.1/../../../../arm-none-eabi/lib/thumb/v7e-m+fp/hard\libc_nano.a(lib_a-nano-freer.o)
                0x000000000800bd2c                _free_r
 .text._malloc_r
                0x000000000800bdcc       0xb4 c:/st/stm32cubeide_1.6.1/stm32cubeide/plugins/com.st.stm32cube.ide.mcu.externaltools.gnu-tools-for-stm32.9-2020-q2-update.win32_2.0.0.202105311346/tools/bin/../lib/gcc/arm-none-eabi/9.3.1/../../../../arm-none-eabi/lib/thumb/v7e-m+fp/hard\libc_nano.a(lib_a-nano-mallocr.o)
                0x000000000800bdcc                _malloc_r
 .text._sbrk_r  0x000000000800be80       0x20 c:/st/stm32cubeide_1.6.1/stm32cubeide/plugins/com.st.stm32cube.ide.mcu.externaltools.gnu-tools-for-stm32.9-2020-q2-update.win32_2.0.0.202105311346/tools/bin/../lib/gcc/arm-none-eabi/9.3.1/../../../../arm-none-eabi/lib/thumb/v7e-m+fp/hard\libc_nano.a(lib_a-sbrkr.o)
                0x000000000800be80                _sbrk_r
 .text._raise_r
                0x000000000800bea0       0x50 c:/st/stm32cubeide_1.6.1/stm32cubeide/plugins/com.st.stm32cube.ide.mcu.externaltools.gnu-tools-for-stm32.9-2020-q2-update.win32_2.0.0.202105311346/tools/bin/../lib/gcc/arm-none-eabi/9.3.1/../../../../arm-none-eabi/lib/thumb/v7e-m+fp/hard\libc_nano.a(lib_a-signal.o)
                0x000000000800bea0                _raise_r
 .text.raise    0x000000000800bef0       0x10 c:/st/stm32cubeide_1.6.1/stm32cubeide/plugins/com.st.stm32cube.ide.mcu.externaltools.gnu-tools-for-stm32.9-2020-q2-update.win32_2.0.0.202105311346/tools/bin/../lib/gcc/arm-none-eabi/9.3.1/../../../../arm-none-eabi/lib/thumb/v7e-m+fp/hard\libc_nano.a(lib_a-signal.o)
                0x000000000800bef0                raise
 .text._kill_r  0x000000000800bf00       0x24 c:/st/stm32cubeide_1.6.1/stm32cubeide/plugins/com.st.stm32cube.ide.mcu.externaltools.gnu-tools-for-stm32.9-2020-q2-update.win32_2.0.0.202105311346/tools/bin/../lib/gcc/arm-none-eabi/9.3.1/../../../../arm-none-eabi/lib/thumb/v7e-m+fp/hard\libc_nano.a(lib_a-signalr.o)
                0x000000000800bf00                _kill_r
 .text._getpid_r
                0x000000000800bf24        0x4 c:/st/stm32cubeide_1.6.1/stm32cubeide/plugins/com.st.stm32cube.ide.mcu.externaltools.gnu-tools-for-stm32.9-2020-q2-update.win32_2.0.0.202105311346/tools/bin/../lib/gcc/arm-none-eabi/9.3.1/../../../../arm-none-eabi/lib/thumb/v7e-m+fp/hard\libc_nano.a(lib_a-signalr.o)
                0x000000000800bf24                _getpid_r
 .text.__sread  0x000000000800bf28       0x22 c:/st/stm32cubeide_1.6.1/stm32cubeide/plugins/com.st.stm32cube.ide.mcu.externaltools.gnu-tools-for-stm32.9-2020-q2-update.win32_2.0.0.202105311346/tools/bin/../lib/gcc/arm-none-eabi/9.3.1/../../../../arm-none-eabi/lib/thumb/v7e-m+fp/hard\libc_nano.a(lib_a-stdio.o)
                0x000000000800bf28                __sread
 .text.__swrite
                0x000000000800bf4a       0x38 c:/st/stm32cubeide_1.6.1/stm32cubeide/plugins/com.st.stm32cube.ide.mcu.externaltools.gnu-tools-for-stm32.9-2020-q2-update.win32_2.0.0.202105311346/tools/bin/../lib/gcc/arm-none-eabi/9.3.1/../../../../arm-none-eabi/lib/thumb/v7e-m+fp/hard\libc_nano.a(lib_a-stdio.o)
                0x000000000800bf4a                __swrite
 .text.__sseek  0x000000000800bf82       0x24 c:/st/stm32cubeide_1.6.1/stm32cubeide/plugins/com.st.stm32cube.ide.mcu.externaltools.gnu-tools-for-stm32.9-2020-q2-update.win32_2.0.0.202105311346/tools/bin/../lib/gcc/arm-none-eabi/9.3.1/../../../../arm-none-eabi/lib/thumb/v7e-m+fp/hard\libc_nano.a(lib_a-stdio.o)
                0x000000000800bf82                __sseek
 .text.__sclose
                0x000000000800bfa6        0x8 c:/st/stm32cubeide_1.6.1/stm32cubeide/plugins/com.st.stm32cube.ide.mcu.externaltools.gnu-tools-for-stm32.9-2020-q2-update.win32_2.0.0.202105311346/tools/bin/../lib/gcc/arm-none-eabi/9.3.1/../../../../arm-none-eabi/lib/thumb/v7e-m+fp/hard\libc_nano.a(lib_a-stdio.o)
                0x000000000800bfa6                __sclose
 *fill*         0x000000000800bfae        0x2 
 .text._write_r
                0x000000000800bfb0       0x24 c:/st/stm32cubeide_1.6.1/stm32cubeide/plugins/com.st.stm32cube.ide.mcu.externaltools.gnu-tools-for-stm32.9-2020-q2-update.win32_2.0.0.202105311346/tools/bin/../lib/gcc/arm-none-eabi/9.3.1/../../../../arm-none-eabi/lib/thumb/v7e-m+fp/hard\libc_nano.a(lib_a-writer.o)
                0x000000000800bfb0                _write_r
 .text._close_r
                0x000000000800bfd4       0x20 c:/st/stm32cubeide_1.6.1/stm32cubeide/plugins/com.st.stm32cube.ide.mcu.externaltools.gnu-tools-for-stm32.9-2020-q2-update.win32_2.0.0.202105311346/tools/bin/../lib/gcc/arm-none-eabi/9.3.1/../../../../arm-none-eabi/lib/thumb/v7e-m+fp/hard\libc_nano.a(lib_a-closer.o)
                0x000000000800bfd4                _close_r
 .text._fstat_r
                0x000000000800bff4       0x24 c:/st/stm32cubeide_1.6.1/stm32cubeide/plugins/com.st.stm32cube.ide.mcu.externaltools.gnu-tools-for-stm32.9-2020-q2-update.win32_2.0.0.202105311346/tools/bin/../lib/gcc/arm-none-eabi/9.3.1/../../../../arm-none-eabi/lib/thumb/v7e-m+fp/hard\libc_nano.a(lib_a-fstatr.o)
                0x000000000800bff4                _fstat_r
 .text._isatty_r
                0x000000000800c018       0x20 c:/st/stm32cubeide_1.6.1/stm32cubeide/plugins/com.st.stm32cube.ide.mcu.externaltools.gnu-tools-for-stm32.9-2020-q2-update.win32_2.0.0.202105311346/tools/bin/../lib/gcc/arm-none-eabi/9.3.1/../../../../arm-none-eabi/lib/thumb/v7e-m+fp/hard\libc_nano.a(lib_a-isattyr.o)
                0x000000000800c018                _isatty_r
 .text._lseek_r
                0x000000000800c038       0x24 c:/st/stm32cubeide_1.6.1/stm32cubeide/plugins/com.st.stm32cube.ide.mcu.externaltools.gnu-tools-for-stm32.9-2020-q2-update.win32_2.0.0.202105311346/tools/bin/../lib/gcc/arm-none-eabi/9.3.1/../../../../arm-none-eabi/lib/thumb/v7e-m+fp/hard\libc_nano.a(lib_a-lseekr.o)
                0x000000000800c038                _lseek_r
 .text.__malloc_lock
                0x000000000800c05c        0xc c:/st/stm32cubeide_1.6.1/stm32cubeide/plugins/com.st.stm32cube.ide.mcu.externaltools.gnu-tools-for-stm32.9-2020-q2-update.win32_2.0.0.202105311346/tools/bin/../lib/gcc/arm-none-eabi/9.3.1/../../../../arm-none-eabi/lib/thumb/v7e-m+fp/hard\libc_nano.a(lib_a-mlock.o)
                0x000000000800c05c                __malloc_lock
 .text.__malloc_unlock
                0x000000000800c068        0xc c:/st/stm32cubeide_1.6.1/stm32cubeide/plugins/com.st.stm32cube.ide.mcu.externaltools.gnu-tools-for-stm32.9-2020-q2-update.win32_2.0.0.202105311346/tools/bin/../lib/gcc/arm-none-eabi/9.3.1/../../../../arm-none-eabi/lib/thumb/v7e-m+fp/hard\libc_nano.a(lib_a-mlock.o)
                0x000000000800c068                __malloc_unlock
 .text._read_r  0x000000000800c074       0x24 c:/st/stm32cubeide_1.6.1/stm32cubeide/plugins/com.st.stm32cube.ide.mcu.externaltools.gnu-tools-for-stm32.9-2020-q2-update.win32_2.0.0.202105311346/tools/bin/../lib/gcc/arm-none-eabi/9.3.1/../../../../arm-none-eabi/lib/thumb/v7e-m+fp/hard\libc_nano.a(lib_a-readr.o)
                0x000000000800c074                _read_r
 .text.pow      0x000000000800c098      0x15c c:/st/stm32cubeide_1.6.1/stm32cubeide/plugins/com.st.stm32cube.ide.mcu.externaltools.gnu-tools-for-stm32.9-2020-q2-update.win32_2.0.0.202105311346/tools/bin/../lib/gcc/arm-none-eabi/9.3.1/../../../../arm-none-eabi/lib/thumb/v7e-m+fp/hard\libm.a(lib_a-w_pow.o)
                0x000000000800c098                pow
 .text.sqrt     0x000000000800c1f4       0x68 c:/st/stm32cubeide_1.6.1/stm32cubeide/plugins/com.st.stm32cube.ide.mcu.externaltools.gnu-tools-for-stm32.9-2020-q2-update.win32_2.0.0.202105311346/tools/bin/../lib/gcc/arm-none-eabi/9.3.1/../../../../arm-none-eabi/lib/thumb/v7e-m+fp/hard\libm.a(lib_a-w_sqrt.o)
                0x000000000800c1f4                sqrt
 *fill*         0x000000000800c25c        0x4 
 .text.__ieee754_pow
                0x000000000800c260      0xa44 c:/st/stm32cubeide_1.6.1/stm32cubeide/plugins/com.st.stm32cube.ide.mcu.externaltools.gnu-tools-for-stm32.9-2020-q2-update.win32_2.0.0.202105311346/tools/bin/../lib/gcc/arm-none-eabi/9.3.1/../../../../arm-none-eabi/lib/thumb/v7e-m+fp/hard\libm.a(lib_a-e_pow.o)
                0x000000000800c260                __ieee754_pow
 .text.__ieee754_sqrt
                0x000000000800cca4      0x168 c:/st/stm32cubeide_1.6.1/stm32cubeide/plugins/com.st.stm32cube.ide.mcu.externaltools.gnu-tools-for-stm32.9-2020-q2-update.win32_2.0.0.202105311346/tools/bin/../lib/gcc/arm-none-eabi/9.3.1/../../../../arm-none-eabi/lib/thumb/v7e-m+fp/hard\libm.a(lib_a-e_sqrt.o)
                0x000000000800cca4                __ieee754_sqrt
 .text.fabs     0x000000000800ce0c       0x12 c:/st/stm32cubeide_1.6.1/stm32cubeide/plugins/com.st.stm32cube.ide.mcu.externaltools.gnu-tools-for-stm32.9-2020-q2-update.win32_2.0.0.202105311346/tools/bin/../lib/gcc/arm-none-eabi/9.3.1/../../../../arm-none-eabi/lib/thumb/v7e-m+fp/hard\libm.a(lib_a-s_fabs.o)
                0x000000000800ce0c                fabs
 .text.finite   0x000000000800ce1e       0x16 c:/st/stm32cubeide_1.6.1/stm32cubeide/plugins/com.st.stm32cube.ide.mcu.externaltools.gnu-tools-for-stm32.9-2020-q2-update.win32_2.0.0.202105311346/tools/bin/../lib/gcc/arm-none-eabi/9.3.1/../../../../arm-none-eabi/lib/thumb/v7e-m+fp/hard\libm.a(lib_a-s_finite.o)
                0x000000000800ce1e                finite
 *fill*         0x000000000800ce34        0x4 
 .text.nan      0x000000000800ce38       0x10 c:/st/stm32cubeide_1.6.1/stm32cubeide/plugins/com.st.stm32cube.ide.mcu.externaltools.gnu-tools-for-stm32.9-2020-q2-update.win32_2.0.0.202105311346/tools/bin/../lib/gcc/arm-none-eabi/9.3.1/../../../../arm-none-eabi/lib/thumb/v7e-m+fp/hard\libm.a(lib_a-s_nan.o)
                0x000000000800ce38                nan
 .text.rint     0x000000000800ce48      0x114 c:/st/stm32cubeide_1.6.1/stm32cubeide/plugins/com.st.stm32cube.ide.mcu.externaltools.gnu-tools-for-stm32.9-2020-q2-update.win32_2.0.0.202105311346/tools/bin/../lib/gcc/arm-none-eabi/9.3.1/../../../../arm-none-eabi/lib/thumb/v7e-m+fp/hard\libm.a(lib_a-s_rint.o)
                0x000000000800ce48                rint
 *fill*         0x000000000800cf5c        0x4 
 .text.scalbn   0x000000000800cf60      0x10c c:/st/stm32cubeide_1.6.1/stm32cubeide/plugins/com.st.stm32cube.ide.mcu.externaltools.gnu-tools-for-stm32.9-2020-q2-update.win32_2.0.0.202105311346/tools/bin/../lib/gcc/arm-none-eabi/9.3.1/../../../../arm-none-eabi/lib/thumb/v7e-m+fp/hard\libm.a(lib_a-s_scalbn.o)
                0x000000000800cf60                scalbn
 *(.glue_7)
 .glue_7        0x000000000800d06c        0x0 linker stubs
 *(.glue_7t)
 .glue_7t       0x000000000800d06c        0x0 linker stubs
 *(.eh_frame)
 .eh_frame      0x000000000800d06c        0x0 c:/st/stm32cubeide_1.6.1/stm32cubeide/plugins/com.st.stm32cube.ide.mcu.externaltools.gnu-tools-for-stm32.9-2020-q2-update.win32_2.0.0.202105311346/tools/bin/../lib/gcc/arm-none-eabi/9.3.1/thumb/v7e-m+fp/hard/crtbegin.o
 *(.init)
 .init          0x000000000800d06c        0x4 c:/st/stm32cubeide_1.6.1/stm32cubeide/plugins/com.st.stm32cube.ide.mcu.externaltools.gnu-tools-for-stm32.9-2020-q2-update.win32_2.0.0.202105311346/tools/bin/../lib/gcc/arm-none-eabi/9.3.1/thumb/v7e-m+fp/hard/crti.o
                0x000000000800d06c                _init
 .init          0x000000000800d070        0x8 c:/st/stm32cubeide_1.6.1/stm32cubeide/plugins/com.st.stm32cube.ide.mcu.externaltools.gnu-tools-for-stm32.9-2020-q2-update.win32_2.0.0.202105311346/tools/bin/../lib/gcc/arm-none-eabi/9.3.1/thumb/v7e-m+fp/hard/crtn.o
 *(.fini)
 .fini          0x000000000800d078        0x4 c:/st/stm32cubeide_1.6.1/stm32cubeide/plugins/com.st.stm32cube.ide.mcu.externaltools.gnu-tools-for-stm32.9-2020-q2-update.win32_2.0.0.202105311346/tools/bin/../lib/gcc/arm-none-eabi/9.3.1/thumb/v7e-m+fp/hard/crti.o
                0x000000000800d078                _fini
 .fini          0x000000000800d07c        0x8 c:/st/stm32cubeide_1.6.1/stm32cubeide/plugins/com.st.stm32cube.ide.mcu.externaltools.gnu-tools-for-stm32.9-2020-q2-update.win32_2.0.0.202105311346/tools/bin/../lib/gcc/arm-none-eabi/9.3.1/thumb/v7e-m+fp/hard/crtn.o
                0x000000000800d084                . = ALIGN (0x4)
                0x000000000800d084                _etext = .

.vfp11_veneer   0x000000000800d084        0x0
 .vfp11_veneer  0x000000000800d084        0x0 linker stubs

.v4_bx          0x000000000800d084        0x0
 .v4_bx         0x000000000800d084        0x0 linker stubs

.iplt           0x000000000800d084        0x0
 .iplt          0x000000000800d084        0x0 c:/st/stm32cubeide_1.6.1/stm32cubeide/plugins/com.st.stm32cube.ide.mcu.externaltools.gnu-tools-for-stm32.9-2020-q2-update.win32_2.0.0.202105311346/tools/bin/../lib/gcc/arm-none-eabi/9.3.1/thumb/v7e-m+fp/hard/crtbegin.o

.rodata         0x000000000800d088      0x520
                0x000000000800d088                . = ALIGN (0x4)
 *(.rodata)
 .rodata        0x000000000800d088        0xc ./Core/Src/main.o
 .rodata        0x000000000800d094       0x15 ./Mcp41010_rs485/project_task.o
 *fill*         0x000000000800d0a9        0x3 
 .rodata        0x000000000800d0ac        0x5 ./Middlewares/Third_Party/FreeRTOS/Source/tasks.o
 *fill*         0x000000000800d0b1        0x3 
 .rodata        0x000000000800d0b4        0xd ./Middlewares/Third_Party/FreeRTOS/Source/timers.o
 *fill*         0x000000000800d0c1        0x3 
 .rodata        0x000000000800d0c4       0x2e ./modbus/functions/mbutils.o
 *fill*         0x000000000800d0f2        0x2 
 .rodata        0x000000000800d0f4       0x1a ./modbus/modbus_slave_task.o
 *fill*         0x000000000800d10e        0x2 
 .rodata        0x000000000800d110       0xdb ./modbus/rtu/mbrtu.o
 *(.rodata*)
 *fill*         0x000000000800d1eb        0x1 
 .rodata.defaultTask_attributes
                0x000000000800d1ec       0x24 ./Core/Src/main.o
                0x000000000800d1ec                defaultTask_attributes
 .rodata.AHBPrescTable
                0x000000000800d210       0x10 ./Core/Src/system_stm32f4xx.o
                0x000000000800d210                AHBPrescTable
 .rodata.APBPrescTable
                0x000000000800d220        0x8 ./Core/Src/system_stm32f4xx.o
                0x000000000800d220                APBPrescTable
 .rodata.flagBitshiftOffset.9001
                0x000000000800d228        0x8 ./Drivers/STM32F4xx_HAL_Driver/Src/stm32f4xx_hal_dma.o
 .rodata.__func__.10333
                0x000000000800d230        0xf ./modbus/functions/mbutils.o
 *fill*         0x000000000800d23f        0x1 
 .rodata.aucCRCHi
                0x000000000800d240      0x100 ./modbus/rtu/mbcrc.o
 .rodata.aucCRCLo
                0x000000000800d340      0x100 ./modbus/rtu/mbcrc.o
 .rodata.__func__.10401
                0x000000000800d440        0xe ./modbus/rtu/mbrtu.o
 *fill*         0x000000000800d44e        0x2 
 .rodata.__func__.10414
                0x000000000800d450       0x11 ./modbus/rtu/mbrtu.o
 *fill*         0x000000000800d461        0x3 
 .rodata.__func__.10424